../Drivers/STM32WBxx_HAL_Driver/Inc/stm32wbxx_ll_bus.h:539:22:LL_AHB2_GRP1_EnableClock	24	static
../Drivers/TMP102/tmp102.c:6:13:tmp102_conv_temp_to_bytes	32	static
../Drivers/TMP102/tmp102.c:15:13:TMP102_EnableBusPullups	40	static
../Drivers/TMP102/tmp102.c:29:13:TMP102_DisableBusPullups	40	static
../Drivers/TMP102/tmp102.c:40:19:TMP102_Init	16	static
../Drivers/TMP102/tmp102.c:55:6:TMP102_Deinit	8	static
../Drivers/TMP102/tmp102.c:65:19:TMP102_ReadTemperature	40	static
../Drivers/TMP102/tmp102.c:103:19:TMP102_SetAlarm	48	static
