../Drivers/TMP102/tmp102.c:65:6:tmp102_init	16	static
../Drivers/TMP102/tmp102.c:78:6:tmp102_set_enabled	16	static
../Drivers/TMP102/tmp102.c:109:6:tmp102_task	40	static
../Drivers/TMP102/tmp102.c:189:6:tmp102_notify_alert_irq	4	static
../Drivers/TMP102/tmp102.c:198:6:tmp102_read_temperature_now	40	static
../Drivers/TMP102/tmp102.c:249:6:tmp102_read_temperature_now_rounded	24	static
../Drivers/TMP102/tmp102.c:261:6:tmp102_get_last_temperature	16	static
../Drivers/TMP102/tmp102.c:271:6:tmp102_get_last_temperature_rounded	24	static
../Drivers/TMP102/tmp102.c:283:10:tmp102_get_overtemp_time_s	16	static
../Drivers/TMP102/tmp102.c:288:6:tmp102_alarm_reset	24	static
../Drivers/TMP102/tmp102.c:311:6:tmp102_export_backup	16	static
../Drivers/TMP102/tmp102.c:340:6:tmp102_import_backup	32	static
../Drivers/TMP102/tmp102.c:393:6:tmp102_get_status	16	static
../Drivers/TMP102/tmp102.c:416:13:tmp102_write_register	32	static
../Drivers/TMP102/tmp102.c:433:13:tmp102_read_register	32	static
../Drivers/TMP102/tmp102.c:448:16:tmp102_raw_to_dC	24	static
../Drivers/TMP102/tmp102.c:465:17:tmp102_dC_to_raw	24	static
../Drivers/TMP102/tmp102.c:478:13:tmp102_configure_sensor	16	static
../Drivers/TMP102/tmp102.c:507:13:tmp102_read_temperature_internal	24	static
../Drivers/TMP102/tmp102.c:521:13:tmp102_alarm_pin_is_active	8	static
../Drivers/TMP102/tmp102.c:526:13:tmp102_datetime_to_seconds	24	static
../Drivers/TMP102/tmp102.c:557:13:tmp102_is_leap_year	16	static
../Drivers/TMP102/tmp102.c:562:17:tmp102_get_active_overtemp_seconds	32	static
../Drivers/TMP102/tmp102.c:585:13:tmp102_get_now_seconds	32	static
../Drivers/TMP102/tmp102.c:600:13:tmp102_update_max_temperature	16	static
../Drivers/TMP102/tmp102.c:613:13:tmp102_handle_alarm_assert	32	static
../Drivers/TMP102/tmp102.c:640:13:tmp102_handle_alarm_deassert	32	static
../Drivers/TMP102/tmp102.c:660:13:tmp102_tick_due	16	static
../Drivers/TMP102/tmp102.c:665:15:tmp102_round_dC_to_c	24	static
