../Drivers/TMP102/tmp102.c:95:6:tmp102_init	16	static
../Drivers/TMP102/tmp102.c:109:6:tmp102_set_enabled	16	static
../Drivers/TMP102/tmp102.c:139:6:tmp102_task	40	static
../Drivers/TMP102/tmp102.c:220:6:tmp102_notify_alert_irq	4	static
../Drivers/TMP102/tmp102.c:229:6:tmp102_read_temperature_now	40	static
../Drivers/TMP102/tmp102.c:280:6:tmp102_read_temperature_now_rounded	24	static
../Drivers/TMP102/tmp102.c:292:6:tmp102_get_last_temperature	16	static
../Drivers/TMP102/tmp102.c:302:6:tmp102_get_last_temperature_rounded	24	static
../Drivers/TMP102/tmp102.c:314:10:tmp102_get_overtemp_time_s	16	static
../Drivers/TMP102/tmp102.c:319:6:tmp102_alarm_reset	24	static
../Drivers/TMP102/tmp102.c:343:6:tmp102_export_backup	16	static
../Drivers/TMP102/tmp102.c:373:6:tmp102_import_backup	32	static
../Drivers/TMP102/tmp102.c:426:6:tmp102_get_status	16	static
../Drivers/TMP102/tmp102.c:449:13:tmp102_write_register	32	static
../Drivers/TMP102/tmp102.c:467:13:tmp102_read_register	32	static
../Drivers/TMP102/tmp102.c:482:16:tmp102_raw_to_dC	24	static
../Drivers/TMP102/tmp102.c:499:17:tmp102_dC_to_raw	24	static
../Drivers/TMP102/tmp102.c:512:13:tmp102_configure_sensor	16	static
../Drivers/TMP102/tmp102.c:541:13:tmp102_read_temperature_internal	24	static
../Drivers/TMP102/tmp102.c:555:13:tmp102_alarm_pin_is_active	8	static
../Drivers/TMP102/tmp102.c:560:13:tmp102_datetime_to_seconds	24	static
../Drivers/TMP102/tmp102.c:591:13:tmp102_is_leap_year	16	static
../Drivers/TMP102/tmp102.c:596:17:tmp102_get_active_overtemp_seconds	32	static
../Drivers/TMP102/tmp102.c:619:13:tmp102_get_now_seconds	32	static
../Drivers/TMP102/tmp102.c:634:13:tmp102_update_max_temperature	16	static
../Drivers/TMP102/tmp102.c:647:13:tmp102_handle_alarm_assert	32	static
../Drivers/TMP102/tmp102.c:674:13:tmp102_handle_alarm_deassert	32	static
../Drivers/TMP102/tmp102.c:694:13:tmp102_tick_due	16	static
../Drivers/TMP102/tmp102.c:699:15:tmp102_round_dC_to_c	24	static
