../Core/Src/app_display.c:86:13:app_display_tick_expired	16	static
../Core/Src/app_display.c:91:13:app_display_is_leap_year	16	static
../Core/Src/app_display.c:96:13:app_display_datetime_to_seconds	24	static
../Core/Src/app_display.c:129:17:app_display_get_elapsed_minutes	32	static
../Core/Src/app_display.c:156:13:app_display_format_battery_at_dose	24	static
../Core/Src/app_display.c:174:13:app_display_format_temp_at_dose	16	static
../Core/Src/app_display.c:188:13:app_display_format_dose	16	static
../Core/Src/app_display.c:202:13:app_display_format_elapsed	40	static
../Core/Src/app_display.c:226:12:app_display_get_battery_percent	24	static
../Core/Src/app_display.c:245:13:app_display_format_usb_charge_state	72	static
../Core/Src/app_display.c:285:13:app_display_draw_battery_icon	56	static
../Core/Src/app_display.c:298:13:app_display_format_mic_debug_line1	48	static
../Core/Src/app_display.c:343:13:app_display_render_frame	144	static
../Core/Src/app_display.c:394:13:app_display_mark_elapsed_dirty_if_needed	16	static
../Core/Src/app_display.c:412:13:app_display_mark_usb_dirty_if_needed	40	static
../Core/Src/app_display.c:430:6:app_display_init	16	static
../Core/Src/app_display.c:465:6:app_display_is_busy	8	static
../Core/Src/app_display.c:470:6:app_display_is_stop2_safe	8	static
../Core/Src/app_display.c:475:6:app_display_set_usb_session_active	16	static
../Core/Src/app_display.c:488:6:app_display_note_dose	24	static
../Core/Src/app_display.c:511:6:app_display_note_mic_debug	16	static
../Core/Src/app_display.c:528:6:app_display_task	16	static
