../Core/Src/app_display.c:54:13:app_display_tick_expired	16	static
../Core/Src/app_display.c:59:13:app_display_is_leap_year	16	static
../Core/Src/app_display.c:64:13:app_display_datetime_to_seconds	24	static
../Core/Src/app_display.c:97:17:app_display_get_elapsed_minutes	32	static
../Core/Src/app_display.c:124:13:app_display_format_battery_at_dose	24	static
../Core/Src/app_display.c:142:13:app_display_format_temp_at_dose	16	static
../Core/Src/app_display.c:156:13:app_display_format_dose	16	static
../Core/Src/app_display.c:170:13:app_display_format_elapsed	40	static
../Core/Src/app_display.c:194:12:app_display_get_battery_percent	24	static
../Core/Src/app_display.c:213:13:app_display_format_usb_charge_state	72	static
../Core/Src/app_display.c:253:13:app_display_draw_battery_icon	56	static
../Core/Src/app_display.c:266:13:app_display_format_mic_debug_line1	56	static
../Core/Src/app_display.c:301:13:app_display_render_frame	144	static
../Core/Src/app_display.c:352:13:app_display_mark_elapsed_dirty_if_needed	16	static
../Core/Src/app_display.c:370:13:app_display_mark_usb_dirty_if_needed	40	static
../Core/Src/app_display.c:388:6:app_display_init	16	static
../Core/Src/app_display.c:422:6:app_display_is_busy	8	static
../Core/Src/app_display.c:427:6:app_display_is_stop2_safe	8	static
../Core/Src/app_display.c:432:6:app_display_set_usb_session_active	16	static
../Core/Src/app_display.c:445:6:app_display_note_dose	24	static
../Core/Src/app_display.c:467:6:app_display_note_mic_debug	24	static
../Core/Src/app_display.c:482:6:app_display_task	16	static
