../Core/Src/app_runtime.c:51:6:app_runtime_init	16	static
../Core/Src/app_runtime.c:105:6:app_runtime_tick	8	static
../Core/Src/app_runtime.c:139:6:app_runtime_on_exti	16	static
../Core/Src/app_runtime.c:161:6:app_runtime_on_rtc_wakeup	4	static
../Core/Src/app_runtime.c:166:6:app_runtime_on_pvd	4	static
../Core/Src/app_runtime.c:171:16:app_read_power_detect	8	static
../Core/Src/app_runtime.c:176:13:app_is_power_present	8	static
../Core/Src/app_runtime.c:181:13:app_pvd_init	4	static
../Core/Src/app_runtime.c:185:13:app_rr_start	4	static
../Core/Src/app_runtime.c:189:13:app_rr_stop	4	static
../Core/Src/app_runtime.c:193:13:app_is_usb_session_active	8	static
../Core/Src/app_runtime.c:202:13:app_usb_session_enter	8	static
../Core/Src/app_runtime.c:209:13:app_usb_session_leave	8	static
../Core/Src/app_runtime.c:216:13:app_sleep_until_event	8	static,ignoring_inline_asm
../Core/Src/app_runtime.c:236:13:app_update_power_detect	8	static
../Core/Src/app_runtime.c:241:13:app_restore_ramdisk_if_allowed	64	static
../Core/Src/app_runtime.c:272:13:app_ensure_ramdisk_ready	8	static
../Core/Src/app_runtime.c:289:13:app_prepare_ramdisk_for_usb	8	static
../Core/Src/app_runtime.c:298:13:app_snapshot_ramdisk_for_sleep	56	static
../Core/Src/app_runtime.c:311:13:app_usb_stack_start	8	static
../Core/Src/app_runtime.c:327:13:app_usb_state_tick	16	static
../Core/Src/app_runtime.c:350:13:app_buttons_tick	72	static
