../Core/Src/app_runtime.c:56:6:app_runtime_init	16	static
../Core/Src/app_runtime.c:111:6:app_runtime_tick	80	static
../Core/Src/app_runtime.c:176:6:app_runtime_on_exti	16	static
../Core/Src/app_runtime.c:206:6:app_runtime_on_rtc_wakeup	4	static
../Core/Src/app_runtime.c:211:6:app_runtime_on_pvd	4	static
../Core/Src/app_runtime.c:216:16:app_read_power_detect	8	static
../Core/Src/app_runtime.c:221:13:app_is_power_present	8	static
../Core/Src/app_runtime.c:226:13:app_pvd_init	4	static
../Core/Src/app_runtime.c:230:13:app_rr_start	4	static
../Core/Src/app_runtime.c:234:13:app_rr_stop	4	static
../Core/Src/app_runtime.c:238:13:app_is_usb_session_active	8	static
../Core/Src/app_runtime.c:247:13:app_is_mic_capture_active	8	static
../Core/Src/app_runtime.c:255:13:app_usb_session_enter	8	static
../Core/Src/app_runtime.c:262:13:app_usb_session_leave	8	static
../Core/Src/app_runtime.c:269:13:app_sleep_until_event	8	static,ignoring_inline_asm
../Core/Src/app_runtime.c:290:13:app_update_power_detect	8	static
../Core/Src/app_runtime.c:295:13:app_restore_ramdisk_if_allowed	64	static
../Core/Src/app_runtime.c:326:13:app_ensure_ramdisk_ready	8	static
../Core/Src/app_runtime.c:343:13:app_prepare_ramdisk_for_usb	8	static
../Core/Src/app_runtime.c:352:13:app_snapshot_ramdisk_for_sleep	56	static
../Core/Src/app_runtime.c:365:13:app_usb_stack_start	8	static
../Core/Src/app_runtime.c:381:13:app_usb_state_tick	16	static
../Core/Src/app_runtime.c:404:13:app_buttons_tick	72	static
