../Core/Src/app_runtime.c:55:6:app_runtime_init	16	static
../Core/Src/app_runtime.c:110:6:app_runtime_tick	80	static
../Core/Src/app_runtime.c:171:6:app_runtime_on_exti	16	static
../Core/Src/app_runtime.c:200:6:app_runtime_on_rtc_wakeup	4	static
../Core/Src/app_runtime.c:205:6:app_runtime_on_pvd	4	static
../Core/Src/app_runtime.c:210:16:app_read_power_detect	8	static
../Core/Src/app_runtime.c:215:13:app_is_power_present	8	static
../Core/Src/app_runtime.c:220:13:app_pvd_init	4	static
../Core/Src/app_runtime.c:224:13:app_rr_start	4	static
../Core/Src/app_runtime.c:228:13:app_rr_stop	4	static
../Core/Src/app_runtime.c:232:13:app_is_usb_session_active	8	static
../Core/Src/app_runtime.c:241:13:app_usb_session_enter	8	static
../Core/Src/app_runtime.c:248:13:app_usb_session_leave	8	static
../Core/Src/app_runtime.c:255:13:app_sleep_until_event	8	static,ignoring_inline_asm
../Core/Src/app_runtime.c:276:13:app_update_power_detect	8	static
../Core/Src/app_runtime.c:281:13:app_restore_ramdisk_if_allowed	64	static
../Core/Src/app_runtime.c:312:13:app_ensure_ramdisk_ready	8	static
../Core/Src/app_runtime.c:329:13:app_prepare_ramdisk_for_usb	8	static
../Core/Src/app_runtime.c:338:13:app_snapshot_ramdisk_for_sleep	56	static
../Core/Src/app_runtime.c:351:13:app_usb_stack_start	8	static
../Core/Src/app_runtime.c:367:13:app_usb_state_tick	16	static
../Core/Src/app_runtime.c:390:13:app_buttons_tick	72	static
