../Core/Src/app_runtime.c:100:6:app_runtime_init	16	static
../Core/Src/app_runtime.c:156:6:app_runtime_tick	208	static
../Core/Src/app_runtime.c:306:6:app_runtime_on_exti	16	static
../Core/Src/app_runtime.c:353:6:app_runtime_on_rtc_wakeup	4	static
../Core/Src/app_runtime.c:358:6:app_runtime_on_pvd	4	static
../Core/Src/app_runtime.c:363:16:app_read_power_detect	8	static
../Core/Src/app_runtime.c:368:13:app_is_power_present	8	static
../Core/Src/app_runtime.c:373:13:app_pvd_init	4	static
../Core/Src/app_runtime.c:377:13:app_rr_start	4	static
../Core/Src/app_runtime.c:381:13:app_rr_stop	4	static
../Core/Src/app_runtime.c:385:13:app_is_usb_session_active	8	static
../Core/Src/app_runtime.c:394:13:app_is_mic_capture_active	8	static
../Core/Src/app_runtime.c:401:13:app_usb_session_enter	8	static
../Core/Src/app_runtime.c:408:13:app_usb_session_leave	8	static
../Core/Src/app_runtime.c:416:13:app_sleep_until_event	8	static,ignoring_inline_asm
../Core/Src/app_runtime.c:437:13:app_update_power_detect	8	static
../Core/Src/app_runtime.c:443:13:app_restore_ramdisk_if_allowed	64	static
../Core/Src/app_runtime.c:475:13:app_ensure_ramdisk_ready	8	static
../Core/Src/app_runtime.c:493:13:app_prepare_ramdisk_for_usb	8	static
../Core/Src/app_runtime.c:503:13:app_snapshot_ramdisk_for_sleep	56	static
../Core/Src/app_runtime.c:517:13:app_usb_stack_start	8	static
../Core/Src/app_runtime.c:534:13:app_usb_state_tick	16	static
../Core/Src/app_runtime.c:558:13:app_buttons_tick	216	static
