../Core/Src/app_runtime.c:96:6:app_runtime_init	16	static
../Core/Src/app_runtime.c:152:6:app_runtime_tick	88	static
../Core/Src/app_runtime.c:273:6:app_runtime_on_exti	16	static
../Core/Src/app_runtime.c:316:6:app_runtime_on_rtc_wakeup	4	static
../Core/Src/app_runtime.c:321:6:app_runtime_on_pvd	4	static
../Core/Src/app_runtime.c:326:16:app_read_power_detect	8	static
../Core/Src/app_runtime.c:331:13:app_is_power_present	8	static
../Core/Src/app_runtime.c:336:13:app_pvd_init	4	static
../Core/Src/app_runtime.c:340:13:app_rr_start	4	static
../Core/Src/app_runtime.c:344:13:app_rr_stop	4	static
../Core/Src/app_runtime.c:348:13:app_is_usb_session_active	8	static
../Core/Src/app_runtime.c:357:13:app_is_mic_capture_active	8	static
../Core/Src/app_runtime.c:364:13:app_usb_session_enter	8	static
../Core/Src/app_runtime.c:371:13:app_usb_session_leave	8	static
../Core/Src/app_runtime.c:379:13:app_sleep_until_event	8	static,ignoring_inline_asm
../Core/Src/app_runtime.c:400:13:app_update_power_detect	8	static
../Core/Src/app_runtime.c:406:13:app_restore_ramdisk_if_allowed	64	static
../Core/Src/app_runtime.c:438:13:app_ensure_ramdisk_ready	8	static
../Core/Src/app_runtime.c:456:13:app_prepare_ramdisk_for_usb	8	static
../Core/Src/app_runtime.c:466:13:app_snapshot_ramdisk_for_sleep	56	static
../Core/Src/app_runtime.c:480:13:app_usb_stack_start	8	static
../Core/Src/app_runtime.c:497:13:app_usb_state_tick	16	static
../Core/Src/app_runtime.c:521:13:app_buttons_tick	144	static
