../Drivers/STM32WBxx_HAL_Driver/Inc/stm32wbxx_ll_rcc.h:1679:22:LL_RCC_LSE_SetDriveCapability	16	static
../Drivers/STM32WBxx_HAL_Driver/Inc/stm32wbxx_ll_bus.h:364:22:LL_AHB1_GRP1_EnableClock	24	static
../Drivers/STM32WBxx_HAL_Driver/Inc/stm32wbxx_ll_bus.h:539:22:LL_AHB2_GRP1_EnableClock	24	static
../Core/Src/main.c:82:5:main	8	static
../Core/Src/main.c:142:6:SystemClock_Config	112	static
../Core/Src/main.c:210:6:PeriphCommonClock_Config	88	static
../Core/Src/main.c:234:13:MX_ADC1_Init	32	static
../Core/Src/main.c:292:13:MX_CRC_Init	8	static
../Core/Src/main.c:323:13:MX_I2C1_Init	8	static
../Core/Src/main.c:371:13:MX_LPTIM1_Init	8	static
../Core/Src/main.c:405:13:MX_RTC_Init	72	static
../Core/Src/main.c:495:13:MX_SAI1_Init	8	static
../Core/Src/main.c:544:13:MX_DMA_Init	8	static
../Core/Src/main.c:563:13:MX_GPIO_Init	32	static
../Core/Src/main.c:680:6:HAL_RTCEx_WakeUpTimerEventCallback	16	static
../Core/Src/main.c:686:6:HAL_GPIO_EXTI_Callback	16	static
../Core/Src/main.c:691:6:HAL_PWR_PVDCallback	8	static
../Core/Src/main.c:696:6:HAL_PWREx_PVD_PVMCallback	24	static
../Core/Src/main.c:708:6:Error_Handler	4	static,ignoring_inline_asm
