../Drivers/STM32WBxx_HAL_Driver/Inc/stm32wbxx_ll_rcc.h:1679:22:LL_RCC_LSE_SetDriveCapability	16	static
../Drivers/STM32WBxx_HAL_Driver/Inc/stm32wbxx_ll_bus.h:539:22:LL_AHB2_GRP1_EnableClock	24	static
../Core/Src/main.c:76:5:main	8	static
../Core/Src/main.c:133:6:SystemClock_Config	112	static
../Core/Src/main.c:201:6:PeriphCommonClock_Config	88	static
../Core/Src/main.c:225:13:MX_ADC1_Init	32	static
../Core/Src/main.c:283:13:MX_I2C1_Init	8	static
../Core/Src/main.c:331:13:MX_LPTIM1_Init	8	static
../Core/Src/main.c:365:13:MX_RTC_Init	72	static
../Core/Src/main.c:455:13:MX_GPIO_Init	32	static
../Core/Src/main.c:549:6:HAL_RTCEx_WakeUpTimerEventCallback	16	static
../Core/Src/main.c:555:6:HAL_GPIO_EXTI_Callback	16	static
../Core/Src/main.c:560:6:HAL_PWR_PVDCallback	8	static
../Core/Src/main.c:565:6:HAL_PWREx_PVD_PVMCallback	24	static
../Core/Src/main.c:577:6:Error_Handler	4	static,ignoring_inline_asm
