../Drivers/STM32WBxx_HAL_Driver/Inc/stm32wbxx_ll_rcc.h:1679:22:LL_RCC_LSE_SetDriveCapability	1
../Drivers/STM32WBxx_HAL_Driver/Inc/stm32wbxx_ll_bus.h:539:22:LL_AHB2_GRP1_EnableClock	1
../Core/Src/main.c:76:5:main	3
../Core/Src/main.c:133:6:SystemClock_Config	3
../Core/Src/main.c:201:6:PeriphCommonClock_Config	2
../Core/Src/main.c:225:13:MX_ADC1_Init	3
../Core/Src/main.c:283:13:MX_I2C1_Init	4
../Core/Src/main.c:331:13:MX_LPTIM1_Init	2
../Core/Src/main.c:365:13:MX_RTC_Init	6
../Core/Src/main.c:455:13:MX_GPIO_Init	1
../Core/Src/main.c:549:6:HAL_RTCEx_WakeUpTimerEventCallback	1
../Core/Src/main.c:555:6:HAL_GPIO_EXTI_Callback	1
../Core/Src/main.c:560:6:HAL_PWR_PVDCallback	1
../Core/Src/main.c:565:6:HAL_PWREx_PVD_PVMCallback	1
../Core/Src/main.c:577:6:Error_Handler	1
