../Drivers/STM32WBxx_HAL_Driver/Inc/stm32wbxx_ll_rcc.h:1679:22:LL_RCC_LSE_SetDriveCapability	16	static
../Drivers/STM32WBxx_HAL_Driver/Inc/stm32wbxx_ll_bus.h:539:22:LL_AHB2_GRP1_EnableClock	24	static
../Core/Src/main.c:109:5:main	16	static
../Core/Src/main.c:216:6:SystemClock_Config	112	static
../Core/Src/main.c:280:6:PeriphCommonClock_Config	88	static
../Core/Src/main.c:304:13:MX_ADC1_Init	32	static
../Core/Src/main.c:362:13:MX_LPTIM1_Init	8	static
../Core/Src/main.c:396:13:MX_GPIO_Init	32	static
../Core/Src/main.c:438:6:PlayBeep	24	static
../Core/Src/main.c:452:6:HAL_GPIO_EXTI_Callback	24	static
../Core/Src/main.c:470:13:App_StateMachine_Tick	8	static
../Core/Src/main.c:498:13:Buttons_Tick	24	static
../Core/Src/main.c:513:13:usb_enter	8	static
../Core/Src/main.c:527:13:usb_leave	8	static
../Core/Src/main.c:536:13:rr_start	4	static
../Core/Src/main.c:541:13:rr_stop	4	static
../Core/Src/main.c:546:13:power_set_usb_active	16	static
../Core/Src/main.c:549:13:power_sleep_until_event	8	static,ignoring_inline_asm
../Core/Src/main.c:566:13:PVD_Init	16	static
../Core/Src/main.c:582:6:HAL_PWR_PVDCallback	4	static
../Core/Src/main.c:587:6:HAL_PWREx_PVD_PVMCallback	24	static
../Core/Src/main.c:598:6:Error_Handler	4	static,ignoring_inline_asm
