../Drivers/STM32WBxx_HAL_Driver/Inc/stm32wbxx_ll_bus.h:539:22:LL_AHB2_GRP1_EnableClock	24	static
../Core/Src/mic_pdm.c:82:13:mic_pdm_tick_expired	16	static
../Core/Src/mic_pdm.c:88:13:mic_pdm_configure_shared_pins_for_capture	32	static
../Core/Src/mic_pdm.c:103:13:mic_pdm_power_on	8	static
../Core/Src/mic_pdm.c:108:13:mic_pdm_power_off	8	static
../Core/Src/mic_pdm.c:118:13:mic_pdm_restore_shared_pins	32	static
../Core/Src/mic_pdm.c:138:13:mic_pdm_prepare_sai	24	static
../Core/Src/mic_pdm.c:211:13:mic_pdm_start_hw	16	static
../Core/Src/mic_pdm.c:235:13:mic_pdm_stop_hw	8	static
../Core/Src/mic_pdm.c:243:13:mic_pdm_reset_result	8	static
../Core/Src/mic_pdm.c:257:13:mic_pdm_update_transport_metrics	32	static
../Core/Src/mic_pdm.c:285:13:mic_pdm_process_half	104	static
../Core/Src/mic_pdm.c:363:13:mic_pdm_finalize	16	static
../Core/Src/mic_pdm.c:395:6:mic_pdm_init	8	static
../Core/Src/mic_pdm.c:417:6:mic_pdm_start	8	static
../Core/Src/mic_pdm.c:453:6:mic_pdm_request_stop	8	static
../Core/Src/mic_pdm.c:462:6:mic_pdm_force_stop	8	static
../Core/Src/mic_pdm.c:470:6:mic_pdm_task	16	static
../Core/Src/mic_pdm.c:508:6:mic_pdm_is_active	4	static
../Core/Src/mic_pdm.c:513:6:mic_pdm_take_result	16	static
../Core/Src/mic_pdm.c:524:6:mic_pdm_set_bg_offset	16	static
../Core/Src/mic_pdm.c:529:9:mic_pdm_get_bg_offset	4	static
../Core/Src/mic_pdm.c:535:6:mic_pdm_dma_irqhandler	16	static
../Core/Src/mic_pdm.c:544:6:HAL_SAI_RxHalfCpltCallback	16	static
../Core/Src/mic_pdm.c:556:6:HAL_SAI_RxCpltCallback	16	static
../Core/Src/mic_pdm.c:568:6:HAL_SAI_ErrorCallback	16	static
