../Drivers/STM32WBxx_HAL_Driver/Inc/stm32wbxx_ll_bus.h:364:22:LL_AHB1_GRP1_EnableClock	24	static
../Drivers/STM32WBxx_HAL_Driver/Inc/stm32wbxx_ll_bus.h:539:22:LL_AHB2_GRP1_EnableClock	24	static
../Drivers/STM32WBxx_HAL_Driver/Inc/stm32wbxx_ll_bus.h:1274:22:LL_APB2_GRP1_EnableClock	24	static
../Drivers/STM32WBxx_HAL_Driver/Inc/stm32wbxx_ll_bus.h:1328:22:LL_APB2_GRP1_DisableClock	16	static
../Drivers/STM32WBxx_HAL_Driver/Inc/stm32wbxx_ll_bus.h:1354:22:LL_APB2_GRP1_ForceReset	16	static
../Drivers/STM32WBxx_HAL_Driver/Inc/stm32wbxx_ll_bus.h:1380:22:LL_APB2_GRP1_ReleaseReset	16	static
../Core/Src/mic_pdm.c:57:13:mic_pdm_tick_expired	16	static
../Core/Src/mic_pdm.c:62:13:mic_pdm_configure_shared_pins_for_capture	32	static
../Core/Src/mic_pdm.c:76:13:mic_pdm_power_on	8	static
../Core/Src/mic_pdm.c:81:13:mic_pdm_power_off	8	static
../Core/Src/mic_pdm.c:86:13:mic_pdm_restore_shared_pins	32	static
../Core/Src/mic_pdm.c:110:13:mic_pdm_configure_clock	88	static
../Core/Src/mic_pdm.c:123:13:mic_pdm_configure_dma	8	static
../Core/Src/mic_pdm.c:152:13:mic_pdm_configure_sai	24	static
../Core/Src/mic_pdm.c:190:13:mic_pdm_start_hw	8	static
../Core/Src/mic_pdm.c:207:13:mic_pdm_stop_hw	8	static
../Core/Src/mic_pdm.c:217:13:mic_pdm_reset_result	8	static
../Core/Src/mic_pdm.c:224:13:mic_pdm_process_half	280	static
../Core/Src/mic_pdm.c:279:13:mic_pdm_finalize	8	static
../Core/Src/mic_pdm.c:291:13:mic_pdm_dma_half_complete	16	static
../Core/Src/mic_pdm.c:300:13:mic_pdm_dma_complete	16	static
../Core/Src/mic_pdm.c:309:13:mic_pdm_dma_error	16	static
../Core/Src/mic_pdm.c:315:6:mic_pdm_init	8	static
../Core/Src/mic_pdm.c:340:6:mic_pdm_start	8	static
../Core/Src/mic_pdm.c:370:6:mic_pdm_request_stop	8	static
../Core/Src/mic_pdm.c:378:6:mic_pdm_task	16	static
../Core/Src/mic_pdm.c:409:6:mic_pdm_is_active	4	static
../Core/Src/mic_pdm.c:414:6:mic_pdm_take_result	24	static
../Core/Src/mic_pdm.c:425:6:mic_pdm_dma_irqhandler	8	static
