../Drivers/STM32WBxx_HAL_Driver/Inc/stm32wbxx_ll_bus.h:539:22:LL_AHB2_GRP1_EnableClock	24	static
../Core/Src/mic_pdm.c:89:13:mic_pdm_tick_expired	16	static
../Core/Src/mic_pdm.c:95:13:mic_pdm_configure_shared_pins_for_capture	32	static
../Core/Src/mic_pdm.c:110:13:mic_pdm_power_on	8	static
../Core/Src/mic_pdm.c:115:13:mic_pdm_power_off	8	static
../Core/Src/mic_pdm.c:125:13:mic_pdm_restore_shared_pins	32	static
../Core/Src/mic_pdm.c:145:13:mic_pdm_prepare_sai	24	static
../Core/Src/mic_pdm.c:218:13:mic_pdm_start_hw	16	static
../Core/Src/mic_pdm.c:242:13:mic_pdm_stop_hw	8	static
../Core/Src/mic_pdm.c:250:13:mic_pdm_reset_result	8	static
../Core/Src/mic_pdm.c:265:13:mic_pdm_update_transport_metrics	32	static
../Core/Src/mic_pdm.c:293:13:mic_pdm_process_half	104	static
../Core/Src/mic_pdm.c:383:13:mic_pdm_finalize	16	static
../Core/Src/mic_pdm.c:415:6:mic_pdm_init	8	static
../Core/Src/mic_pdm.c:437:6:mic_pdm_start	8	static
../Core/Src/mic_pdm.c:473:6:mic_pdm_request_stop	8	static
../Core/Src/mic_pdm.c:482:6:mic_pdm_force_stop	8	static
../Core/Src/mic_pdm.c:490:6:mic_pdm_task	16	static
../Core/Src/mic_pdm.c:528:6:mic_pdm_is_active	4	static
../Core/Src/mic_pdm.c:533:6:mic_pdm_take_result	16	static
../Core/Src/mic_pdm.c:544:6:mic_pdm_set_bg_offset	16	static
../Core/Src/mic_pdm.c:549:9:mic_pdm_get_bg_offset	4	static
../Core/Src/mic_pdm.c:555:6:mic_pdm_dma_irqhandler	16	static
../Core/Src/mic_pdm.c:564:6:HAL_SAI_RxHalfCpltCallback	16	static
../Core/Src/mic_pdm.c:576:6:HAL_SAI_RxCpltCallback	16	static
../Core/Src/mic_pdm.c:588:6:HAL_SAI_ErrorCallback	16	static
