../Drivers/STM32WBxx_HAL_Driver/Inc/stm32wbxx_ll_bus.h:539:22:LL_AHB2_GRP1_EnableClock	24	static
../Core/Src/mic_pdm.c:223:13:mic_pdm_tick_expired	16	static
../Core/Src/mic_pdm.c:229:13:mic_pdm_configure_shared_pins_for_capture	32	static
../Core/Src/mic_pdm.c:244:13:mic_pdm_power_on	8	static
../Core/Src/mic_pdm.c:249:13:mic_pdm_power_off	8	static
../Core/Src/mic_pdm.c:259:13:mic_pdm_restore_shared_pins	32	static
../Core/Src/mic_pdm.c:279:13:mic_pdm_prepare_sai	24	static
../Core/Src/mic_pdm.c:352:13:mic_pdm_start_hw	16	static
../Core/Src/mic_pdm.c:376:13:mic_pdm_stop_hw	8	static
../Core/Src/mic_pdm.c:384:13:mic_pdm_reset_result	40	static
../Core/Src/mic_pdm.c:471:13:mic_pdm_update_transport_metrics	32	static
../Core/Src/mic_pdm.c:499:13:mic_pdm_process_half	144	static
../Core/Src/mic_pdm.c:757:13:mic_pdm_finalize	64	static
../Core/Src/mic_pdm.c:850:6:mic_pdm_init	8	static
../Core/Src/mic_pdm.c:872:6:mic_pdm_start	8	static
../Core/Src/mic_pdm.c:908:6:mic_pdm_request_stop	8	static
../Core/Src/mic_pdm.c:917:6:mic_pdm_force_stop	8	static
../Core/Src/mic_pdm.c:925:6:mic_pdm_task	16	static
../Core/Src/mic_pdm.c:963:6:mic_pdm_is_active	4	static
../Core/Src/mic_pdm.c:968:6:mic_pdm_take_result	16	static
../Core/Src/mic_pdm.c:979:6:mic_pdm_set_bg_offset	16	static
../Core/Src/mic_pdm.c:984:9:mic_pdm_get_bg_offset	4	static
../Core/Src/mic_pdm.c:989:6:mic_pdm_start_goertzel_cal	4	static
../Core/Src/mic_pdm.c:997:7:mic_pdm_finish_goertzel_cal	16	static
../Core/Src/mic_pdm.c:1026:6:mic_pdm_set_goertzel_threshold	16	static
../Core/Src/mic_pdm.c:1031:7:mic_pdm_get_goertzel_threshold	4	static
../Core/Src/mic_pdm.c:1036:6:mic_pdm_get_scan_averages	24	static
../Core/Src/mic_pdm.c:1061:6:mic_pdm_get_fft_spectrum	16	static
../Core/Src/mic_pdm.c:1077:6:mic_pdm_get_envelope_trace	16	static
../Core/Src/mic_pdm.c:1095:6:mic_pdm_dma_irqhandler	16	static
../Core/Src/mic_pdm.c:1104:6:HAL_SAI_RxHalfCpltCallback	16	static
../Core/Src/mic_pdm.c:1116:6:HAL_SAI_RxCpltCallback	16	static
../Core/Src/mic_pdm.c:1128:6:HAL_SAI_ErrorCallback	16	static
