../Core/Src/main.c:76:6:UART_DMA_Transmit	16	static
../Core/Src/main.c:110:5:main	8	static
../Core/Src/main.c:187:6:SystemClock_Config	96	static
../Core/Src/main.c:238:13:MX_DFSDM1_Init	8	static
../Core/Src/main.c:291:13:MX_USART1_UART_Init	8	static
../Core/Src/main.c:324:13:MX_DMA_Init	16	static
../Core/Src/main.c:346:13:MX_GPIO_Init	40	static
../Core/Src/main.c:379:1:HAL_DFSDM_FilterRegConvHalfCpltCallback	16	static
../Core/Src/main.c:384:1:HAL_DFSDM_FilterRegConvCpltCallback	16	static
../Core/Src/main.c:394:6:Error_Handler	4	static,ignoring_inline_asm
