../Drivers/STM32WBxx_HAL_Driver/Inc/stm32wbxx_ll_bus.h:539:22:LL_AHB2_GRP1_EnableClock	24	static
../Drivers/Charger/charger.c:56:20:tick_reached	16	static
../Drivers/Charger/charger.c:62:13:charger_gpio_init_once	32	static
../Drivers/Charger/charger.c:93:6:charger_set_enabled	16	static
../Drivers/Charger/charger.c:107:6:charger_init	8	static
../Drivers/Charger/charger.c:121:6:charger_set_charge_allowed	16	static
../Drivers/Charger/charger.c:133:6:charger_get_charge_allowed	4	static
../Drivers/Charger/charger.c:138:23:chg_is_low	8	static
../Drivers/Charger/charger.c:147:13:charger_refresh_runtime_state	16	static
../Drivers/Charger/charger.c:157:13:charger_refresh_battery_state	24	static
../Drivers/Charger/charger.c:186:13:charger_should_enable_now	16	static
../Drivers/Charger/charger.c:213:13:charger_restore_allowed_now	16	static
../Drivers/Charger/charger.c:223:6:charger_task	24	static
../Drivers/Charger/charger.c:247:6:charger_get_info	24	static
../Drivers/Charger/charger.c:256:7:charger_get_battery_voltage	4	static
../Drivers/Charger/charger.c:261:6:charger_is_battery_low	4	static
../Drivers/Charger/charger.c:266:6:charger_is_battery_empty	4	static
../Drivers/Charger/charger.c:271:6:charger_should_sleep	4	static
../Drivers/Charger/charger.c:276:6:charger_should_restore	8	static
../Drivers/Charger/charger.c:281:6:charger_force_measure	4	static
../Drivers/Charger/charger.c:286:5:charger_get_status_fast	16	static
../Drivers/Charger/charger.c:299:5:charger_get_status_blocking	32	static
../Drivers/Charger/charger.c:328:6:charger_is_charging_fast	8	static
../Drivers/Charger/charger.c:334:9:charger_read_bat	48	static
