../Drivers/STM32WBxx_HAL_Driver/Inc/stm32wbxx_ll_bus.h:539:22:LL_AHB2_GRP1_EnableClock	24	static
../Drivers/Charger/charger.c:42:20:tick_reached	16	static
../Drivers/Charger/charger.c:47:13:charger_gpio_init_once	32	static
../Drivers/Charger/charger.c:78:6:charger_set_enabled	16	static
../Drivers/Charger/charger.c:91:6:charger_init	8	static
../Drivers/Charger/charger.c:105:6:charger_set_charge_allowed	16	static
../Drivers/Charger/charger.c:117:6:charger_get_charge_allowed	4	static
../Drivers/Charger/charger.c:122:23:chg_is_low	8	static
../Drivers/Charger/charger.c:131:13:charger_refresh_runtime_state	16	static
../Drivers/Charger/charger.c:141:13:charger_refresh_battery_state	24	static
../Drivers/Charger/charger.c:170:13:charger_should_enable_now	16	static
../Drivers/Charger/charger.c:197:13:charger_restore_allowed_now	16	static
../Drivers/Charger/charger.c:206:6:charger_task	24	static
../Drivers/Charger/charger.c:230:6:charger_get_info	24	static
../Drivers/Charger/charger.c:239:7:charger_get_battery_voltage	4	static
../Drivers/Charger/charger.c:244:6:charger_is_battery_low	4	static
../Drivers/Charger/charger.c:249:6:charger_is_battery_empty	4	static
../Drivers/Charger/charger.c:254:6:charger_should_sleep	4	static
../Drivers/Charger/charger.c:259:6:charger_should_restore	8	static
../Drivers/Charger/charger.c:264:6:charger_force_measure	4	static
../Drivers/Charger/charger.c:269:5:charger_get_status_fast	16	static
../Drivers/Charger/charger.c:282:5:charger_get_status_blocking	32	static
../Drivers/Charger/charger.c:311:6:charger_is_charging_fast	8	static
../Drivers/Charger/charger.c:316:9:charger_read_bat	48	static
