Archive member included to satisfy reference by file (symbol)

C:/ST/STM32CubeIDE_1.16.1/STM32CubeIDE/plugins/com.st.stm32cube.ide.mcu.externaltools.gnu-tools-for-stm32.12.3.rel1.win32_1.0.200.202406191623/tools/bin/../lib/gcc/arm-none-eabi/12.3.1/../../../../arm-none-eabi/lib/thumb/v7e-m+fp/hard\libc_nano.a(libc_a-exit.o)
                              C:/ST/STM32CubeIDE_1.16.1/STM32CubeIDE/plugins/com.st.stm32cube.ide.mcu.externaltools.gnu-tools-for-stm32.12.3.rel1.win32_1.0.200.202406191623/tools/bin/../lib/gcc/arm-none-eabi/12.3.1/../../../../arm-none-eabi/lib/thumb/v7e-m+fp/hard/crt0.o (exit)
C:/ST/STM32CubeIDE_1.16.1/STM32CubeIDE/plugins/com.st.stm32cube.ide.mcu.externaltools.gnu-tools-for-stm32.12.3.rel1.win32_1.0.200.202406191623/tools/bin/../lib/gcc/arm-none-eabi/12.3.1/../../../../arm-none-eabi/lib/thumb/v7e-m+fp/hard\libc_nano.a(libc_a-findfp.o)
                              C:/ST/STM32CubeIDE_1.16.1/STM32CubeIDE/plugins/com.st.stm32cube.ide.mcu.externaltools.gnu-tools-for-stm32.12.3.rel1.win32_1.0.200.202406191623/tools/bin/../lib/gcc/arm-none-eabi/12.3.1/../../../../arm-none-eabi/lib/thumb/v7e-m+fp/hard\libc_nano.a(libc_a-exit.o) (__stdio_exit_handler)
C:/ST/STM32CubeIDE_1.16.1/STM32CubeIDE/plugins/com.st.stm32cube.ide.mcu.externaltools.gnu-tools-for-stm32.12.3.rel1.win32_1.0.200.202406191623/tools/bin/../lib/gcc/arm-none-eabi/12.3.1/../../../../arm-none-eabi/lib/thumb/v7e-m+fp/hard\libc_nano.a(libc_a-fwalk.o)
                              C:/ST/STM32CubeIDE_1.16.1/STM32CubeIDE/plugins/com.st.stm32cube.ide.mcu.externaltools.gnu-tools-for-stm32.12.3.rel1.win32_1.0.200.202406191623/tools/bin/../lib/gcc/arm-none-eabi/12.3.1/../../../../arm-none-eabi/lib/thumb/v7e-m+fp/hard\libc_nano.a(libc_a-findfp.o) (_fwalk_sglue)
C:/ST/STM32CubeIDE_1.16.1/STM32CubeIDE/plugins/com.st.stm32cube.ide.mcu.externaltools.gnu-tools-for-stm32.12.3.rel1.win32_1.0.200.202406191623/tools/bin/../lib/gcc/arm-none-eabi/12.3.1/../../../../arm-none-eabi/lib/thumb/v7e-m+fp/hard\libc_nano.a(libc_a-stdio.o)
                              C:/ST/STM32CubeIDE_1.16.1/STM32CubeIDE/plugins/com.st.stm32cube.ide.mcu.externaltools.gnu-tools-for-stm32.12.3.rel1.win32_1.0.200.202406191623/tools/bin/../lib/gcc/arm-none-eabi/12.3.1/../../../../arm-none-eabi/lib/thumb/v7e-m+fp/hard\libc_nano.a(libc_a-findfp.o) (__sread)
C:/ST/STM32CubeIDE_1.16.1/STM32CubeIDE/plugins/com.st.stm32cube.ide.mcu.externaltools.gnu-tools-for-stm32.12.3.rel1.win32_1.0.200.202406191623/tools/bin/../lib/gcc/arm-none-eabi/12.3.1/../../../../arm-none-eabi/lib/thumb/v7e-m+fp/hard\libc_nano.a(libc_a-memset.o)
                              C:/ST/STM32CubeIDE_1.16.1/STM32CubeIDE/plugins/com.st.stm32cube.ide.mcu.externaltools.gnu-tools-for-stm32.12.3.rel1.win32_1.0.200.202406191623/tools/bin/../lib/gcc/arm-none-eabi/12.3.1/../../../../arm-none-eabi/lib/thumb/v7e-m+fp/hard/crt0.o (memset)
C:/ST/STM32CubeIDE_1.16.1/STM32CubeIDE/plugins/com.st.stm32cube.ide.mcu.externaltools.gnu-tools-for-stm32.12.3.rel1.win32_1.0.200.202406191623/tools/bin/../lib/gcc/arm-none-eabi/12.3.1/../../../../arm-none-eabi/lib/thumb/v7e-m+fp/hard\libc_nano.a(libc_a-closer.o)
                              C:/ST/STM32CubeIDE_1.16.1/STM32CubeIDE/plugins/com.st.stm32cube.ide.mcu.externaltools.gnu-tools-for-stm32.12.3.rel1.win32_1.0.200.202406191623/tools/bin/../lib/gcc/arm-none-eabi/12.3.1/../../../../arm-none-eabi/lib/thumb/v7e-m+fp/hard\libc_nano.a(libc_a-stdio.o) (_close_r)
C:/ST/STM32CubeIDE_1.16.1/STM32CubeIDE/plugins/com.st.stm32cube.ide.mcu.externaltools.gnu-tools-for-stm32.12.3.rel1.win32_1.0.200.202406191623/tools/bin/../lib/gcc/arm-none-eabi/12.3.1/../../../../arm-none-eabi/lib/thumb/v7e-m+fp/hard\libc_nano.a(libc_a-reent.o)
                              C:/ST/STM32CubeIDE_1.16.1/STM32CubeIDE/plugins/com.st.stm32cube.ide.mcu.externaltools.gnu-tools-for-stm32.12.3.rel1.win32_1.0.200.202406191623/tools/bin/../lib/gcc/arm-none-eabi/12.3.1/../../../../arm-none-eabi/lib/thumb/v7e-m+fp/hard\libc_nano.a(libc_a-closer.o) (errno)
C:/ST/STM32CubeIDE_1.16.1/STM32CubeIDE/plugins/com.st.stm32cube.ide.mcu.externaltools.gnu-tools-for-stm32.12.3.rel1.win32_1.0.200.202406191623/tools/bin/../lib/gcc/arm-none-eabi/12.3.1/../../../../arm-none-eabi/lib/thumb/v7e-m+fp/hard\libc_nano.a(libc_a-impure.o)
                              C:/ST/STM32CubeIDE_1.16.1/STM32CubeIDE/plugins/com.st.stm32cube.ide.mcu.externaltools.gnu-tools-for-stm32.12.3.rel1.win32_1.0.200.202406191623/tools/bin/../lib/gcc/arm-none-eabi/12.3.1/../../../../arm-none-eabi/lib/thumb/v7e-m+fp/hard\libc_nano.a(libc_a-reent.o) (_impure_ptr)
C:/ST/STM32CubeIDE_1.16.1/STM32CubeIDE/plugins/com.st.stm32cube.ide.mcu.externaltools.gnu-tools-for-stm32.12.3.rel1.win32_1.0.200.202406191623/tools/bin/../lib/gcc/arm-none-eabi/12.3.1/../../../../arm-none-eabi/lib/thumb/v7e-m+fp/hard\libc_nano.a(libc_a-lseekr.o)
[...]
Memory Configuration

Name             Origin             Length             Attributes
RAM              0x20000000         0x00018000         xrw
RAM2             0x10000000         0x00008000         xrw
FLASH            0x08000000         0x00100000         xr
*default*        0x00000000         0xffffffff

Linker script and memory map

LOAD C:/ST/STM32CubeIDE_1.16.1/STM32CubeIDE/plugins/com.st.stm32cube.ide.mcu.externaltools.gnu-tools-for-stm32.12.3.rel1.win32_1.0.200.202406191623/tools/bin/../lib/gcc/arm-none-eabi/12.3.1/thumb/v7e-m+fp/hard/crti.o
LOAD C:/ST/STM32CubeIDE_1.16.1/STM32CubeIDE/plugins/com.st.stm32cube.ide.mcu.externaltools.gnu-tools-for-stm32.12.3.rel1.win32_1.0.200.202406191623/tools/bin/../lib/gcc/arm-none-eabi/12.3.1/thumb/v7e-m+fp/hard/crtbegin.o
LOAD C:/ST/STM32CubeIDE_1.16.1/STM32CubeIDE/plugins/com.st.stm32cube.ide.mcu.externaltools.gnu-tools-for-stm32.12.3.rel1.win32_1.0.200.202406191623/tools/bin/../lib/gcc/arm-none-eabi/12.3.1/../../../../arm-none-eabi/lib/thumb/v7e-m+fp/hard/crt0.o
LOAD ./Core/Src/main.o
LOAD ./Core/Src/stm32l4xx_hal_msp.o
LOAD ./Core/Src/stm32l4xx_it.o
LOAD ./Core/Src/syscalls.o
LOAD ./Core/Src/sysmem.o
LOAD ./Core/Src/system_stm32l4xx.o
LOAD ./Core/Startup/startup_stm32l475vgtx.o
LOAD ./Drivers/STM32L4xx_HAL_Driver/Src/stm32l4xx_hal.o
LOAD ./Drivers/STM32L4xx_HAL_Driver/Src/stm32l4xx_hal_cortex.o
LOAD ./Drivers/STM32L4xx_HAL_Driver/Src/stm32l4xx_hal_dfsdm.o
LOAD ./Drivers/STM32L4xx_HAL_Driver/Src/stm32l4xx_hal_dma.o
LOAD ./Drivers/STM32L4xx_HAL_Driver/Src/stm32l4xx_hal_dma_ex.o
LOAD ./Drivers/STM32L4xx_HAL_Driver/Src/stm32l4xx_hal_exti.o
LOAD ./Drivers/STM32L4xx_HAL_Driver/Src/stm32l4xx_hal_flash.o
LOAD ./Drivers/STM32L4xx_HAL_Driver/Src/stm32l4xx_hal_flash_ex.o
LOAD ./Drivers/STM32L4xx_HAL_Driver/Src/stm32l4xx_hal_flash_ramfunc.o
LOAD ./Drivers/STM32L4xx_HAL_Driver/Src/stm32l4xx_hal_gpio.o
LOAD ./Drivers/STM32L4xx_HAL_Driver/Src/stm32l4xx_hal_i2c.o
LOAD ./Drivers/STM32L4xx_HAL_Driver/Src/stm32l4xx_hal_i2c_ex.o
LOAD ./Drivers/STM32L4xx_HAL_Driver/Src/stm32l4xx_hal_pcd.o
LOAD ./Drivers/STM32L4xx_HAL_Driver/Src/stm32l4xx_hal_pcd_ex.o
LOAD ./Drivers/STM32L4xx_HAL_Driver/Src/stm32l4xx_hal_pwr.o
LOAD ./Drivers/STM32L4xx_HAL_Driver/Src/stm32l4xx_hal_pwr_ex.o
LOAD ./Drivers/STM32L4xx_HAL_Driver/Src/stm32l4xx_hal_qspi.o
LOAD ./Drivers/STM32L4xx_HAL_Driver/Src/stm32l4xx_hal_rcc.o
LOAD ./Drivers/STM32L4xx_HAL_Driver/Src/stm32l4xx_hal_rcc_ex.o
LOAD ./Drivers/STM32L4xx_HAL_Driver/Src/stm32l4xx_hal_spi.o
LOAD ./Drivers/STM32L4xx_HAL_Driver/Src/stm32l4xx_hal_spi_ex.o
LOAD ./Drivers/STM32L4xx_HAL_Driver/Src/stm32l4xx_hal_tim.o
LOAD ./Drivers/STM32L4xx_HAL_Driver/Src/stm32l4xx_hal_tim_ex.o
LOAD ./Drivers/STM32L4xx_HAL_Driver/Src/stm32l4xx_hal_uart.o
LOAD ./Drivers/STM32L4xx_HAL_Driver/Src/stm32l4xx_hal_uart_ex.o
LOAD ./Drivers/STM32L4xx_HAL_Driver/Src/stm32l4xx_ll_usb.o
LOAD ./Middlewares/ST/STM32_USB_Device_Library/Class/CDC/Src/usbd_cdc.o
LOAD ./Middlewares/ST/STM32_USB_Device_Library/Core/Src/usbd_core.o
LOAD ./Middlewares/ST/STM32_USB_Device_Library/Core/Src/usbd_ctlreq.o
LOAD ./Middlewares/ST/STM32_USB_Device_Library/Core/Src/usbd_ioreq.o
LOAD ./USB_DEVICE/App/usb_device.o
LOAD ./USB_DEVICE/App/usbd_cdc_if.o
LOAD ./USB_DEVICE/App/usbd_desc.o
LOAD ./USB_DEVICE/Target/usbd_conf.o
START GROUP
LOAD C:/ST/STM32CubeIDE_1.16.1/STM32CubeIDE/plugins/com.st.stm32cube.ide.mcu.externaltools.gnu-tools-for-stm32.12.3.rel1.win32_1.0.200.202406191623/tools/bin/../lib/gcc/arm-none-eabi/12.3.1/../../../../arm-none-eabi/lib/thumb/v7e-m+fp/hard\libc_nano.a
LOAD C:/ST/STM32CubeIDE_1.16.1/STM32CubeIDE/plugins/com.st.stm32cube.ide.mcu.externaltools.gnu-tools-for-stm32.12.3.rel1.win32_1.0.200.202406191623/tools/bin/../lib/gcc/arm-none-eabi/12.3.1/../../../../arm-none-eabi/lib/thumb/v7e-m+fp/hard\libm.a
END GROUP
START GROUP
LOAD C:/ST/STM32CubeIDE_1.16.1/STM32CubeIDE/plugins/com.st.stm32cube.ide.mcu.externaltools.gnu-tools-for-stm32.12.3.rel1.win32_1.0.200.202406191623/tools/bin/../lib/gcc/arm-none-eabi/12.3.1/thumb/v7e-m+fp/hard\libgcc.a
LOAD C:/ST/STM32CubeIDE_1.16.1/STM32CubeIDE/plugins/com.st.stm32cube.ide.mcu.externaltools.gnu-tools-for-stm32.12.3.rel1.win32_1.0.200.202406191623/tools/bin/../lib/gcc/arm-none-eabi/12.3.1/../../../../arm-none-eabi/lib/thumb/v7e-m+fp/hard\libc_nano.a
END GROUP
START GROUP
LOAD C:/ST/STM32CubeIDE_1.16.1/STM32CubeIDE/plugins/com.st.stm32cube.ide.mcu.externaltools.gnu-tools-for-stm32.12.3.rel1.win32_1.0.200.202406191623/tools/bin/../lib/gcc/arm-none-eabi/12.3.1/thumb/v7e-m+fp/hard\libgcc.a
LOAD C:/ST/STM32CubeIDE_1.16.1/STM32CubeIDE/plugins/com.st.stm32cube.ide.mcu.externaltools.gnu-tools-for-stm32.12.3.rel1.win32_1.0.200.202406191623/tools/bin/../lib/gcc/arm-none-eabi/12.3.1/../../../../arm-none-eabi/lib/thumb/v7e-m+fp/hard\libc_nano.a
LOAD C:/ST/STM32CubeIDE_1.16.1/STM32CubeIDE/plugins/com.st.stm32cube.ide.mcu.externaltools.gnu-tools-for-stm32.12.3.rel1.win32_1.0.200.202406191623/tools/bin/../lib/gcc/arm-none-eabi/12.3.1/../../../../arm-none-eabi/lib/thumb/v7e-m+fp/hard\libnosys.a
END GROUP
START GROUP
LOAD C:/ST/STM32CubeIDE_1.16.1/STM32CubeIDE/plugins/com.st.stm32cube.ide.mcu.externaltools.gnu-tools-for-stm32.12.3.rel1.win32_1.0.200.202406191623/tools/bin/../lib/gcc/arm-none-eabi/12.3.1/thumb/v7e-m+fp/hard\libgcc.a
LOAD C:/ST/STM32CubeIDE_1.16.1/STM32CubeIDE/plugins/com.st.stm32cube.ide.mcu.externaltools.gnu-tools-for-stm32.12.3.rel1.win32_1.0.200.202406191623/tools/bin/../lib/gcc/arm-none-eabi/12.3.1/../../../../arm-none-eabi/lib/thumb/v7e-m+fp/hard\libc_nano.a
LOAD C:/ST/STM32CubeIDE_1.16.1/STM32CubeIDE/plugins/com.st.stm32cube.ide.mcu.externaltools.gnu-tools-for-stm32.12.3.rel1.win32_1.0.200.202406191623/tools/bin/../lib/gcc/arm-none-eabi/12.3.1/../../../../arm-none-eabi/lib/thumb/v7e-m+fp/hard\libnosys.a
END GROUP
LOAD C:/ST/STM32CubeIDE_1.16.1/STM32CubeIDE/plugins/com.st.stm32cube.ide.mcu.externaltools.gnu-tools-for-stm32.12.3.rel1.win32_1.0.200.202406191623/tools/bin/../lib/gcc/arm-none-eabi/12.3.1/thumb/v7e-m+fp/hard/crtend.o
LOAD C:/ST/STM32CubeIDE_1.16.1/STM32CubeIDE/plugins/com.st.stm32cube.ide.mcu.externaltools.gnu-tools-for-stm32.12.3.rel1.win32_1.0.200.202406191623/tools/bin/../lib/gcc/arm-none-eabi/12.3.1/thumb/v7e-m+fp/hard/crtn.o
                0x20018000                        _estack = (ORIGIN (RAM) + LENGTH (RAM))
                0x00000200                        _Min_Heap_Size = 0x200
                0x00000400                        _Min_Stack_Size = 0x400

.isr_vector     0x08000000      0x188
                0x08000000                        . = ALIGN (0x4)
 *(.isr_vector)
 .isr_vector    0x08000000      0x188 ./Core/Startup/startup_stm32l475vgtx.o
                0x08000000                g_pfnVectors
                0x08000188                        . = ALIGN (0x4)

.text           0x08000188     0x9390
                0x08000188                        . = ALIGN (0x4)
 *(.text)
 .text          0x08000188       0x40 C:/ST/STM32CubeIDE_1.16.1/STM32CubeIDE/plugins/com.st.stm32cube.ide.mcu.externaltools.gnu-tools-for-stm32.12.3.rel1.win32_1.0.200.202406191623/tools/bin/../lib/gcc/arm-none-eabi/12.3.1/thumb/v7e-m+fp/hard/crtbegin.o
 .text          0x080001c8       0x30 C:/ST/STM32CubeIDE_1.16.1/STM32CubeIDE/plugins/com.st.stm32cube.ide.mcu.externaltools.gnu-tools-for-stm32.12.3.rel1.win32_1.0.200.202406191623/tools/bin/../lib/gcc/arm-none-eabi/12.3.1/thumb/v7e-m+fp/hard\libgcc.a(_aeabi_uldivmod.o)
                0x080001c8                __aeabi_uldivmod
 .text          0x080001f8      0x2bc C:/ST/STM32CubeIDE_1.16.1/STM32CubeIDE/plugins/com.st.stm32cube.ide.mcu.externaltools.gnu-tools-for-stm32.12.3.rel1.win32_1.0.200.202406191623/tools/bin/../lib/gcc/arm-none-eabi/12.3.1/thumb/v7e-m+fp/hard\libgcc.a(_udivmoddi4.o)
                0x080001f8                __udivmoddi4
 .text          0x080004b4        0x4 C:/ST/STM32CubeIDE_1.16.1/STM32CubeIDE/plugins/com.st.stm32cube.ide.mcu.externaltools.gnu-tools-for-stm32.12.3.rel1.win32_1.0.200.202406191623/tools/bin/../lib/gcc/arm-none-eabi/12.3.1/thumb/v7e-m+fp/hard\libgcc.a(_dvmd_tls.o)
                0x080004b4                __aeabi_idiv0
                0x080004b4                __aeabi_ldiv0
 *(.text*)
 .text.main     0x080004b8       0x30 ./Core/Src/main.o
                0x080004b8                main
 .text.SystemClock_Config
                0x080004e8       0xc8 ./Core/Src/main.o
                0x080004e8                SystemClock_Config
 .text.MX_DFSDM1_Init
                0x080005b0       0x70 ./Core/Src/main.o
 .text.MX_I2C2_Init
                0x08000620       0x7c ./Core/Src/main.o
 .text.MX_QUADSPI_Init
                0x0800069c       0x4c ./Core/Src/main.o
 .text.MX_SPI3_Init
                0x080006e8       0x7c ./Core/Src/main.o
 .text.MX_USART1_UART_Init
                0x08000764       0x60 ./Core/Src/main.o
 .text.MX_USART3_UART_Init
                0x080007c4       0x60 ./Core/Src/main.o
 .text.MX_GPIO_Init
                0x08000824      0x39c ./Core/Src/main.o
 .text.Error_Handler
                0x08000bc0        0xc ./Core/Src/main.o
                0x08000bc0                Error_Handler
 .text.HAL_MspInit
                0x08000bcc       0x48 ./Core/Src/stm32l4xx_hal_msp.o
                0x08000bcc                HAL_MspInit
 .text.HAL_DFSDM_ChannelMspInit
                0x08000c14       0xc8 ./Core/Src/stm32l4xx_hal_msp.o
                0x08000c14                HAL_DFSDM_ChannelMspInit
 .text.HAL_I2C_MspInit
                0x08000cdc       0xbc ./Core/Src/stm32l4xx_hal_msp.o
                0x08000cdc                HAL_I2C_MspInit
 .text.HAL_QSPI_MspInit
                0x08000d98       0x88 ./Core/Src/stm32l4xx_hal_msp.o
                0x08000d98                HAL_QSPI_MspInit
 .text.HAL_SPI_MspInit
                0x08000e20       0x88 ./Core/Src/stm32l4xx_hal_msp.o
                0x08000e20                HAL_SPI_MspInit
 .text.HAL_UART_MspInit
                0x08000ea8      0x148 ./Core/Src/stm32l4xx_hal_msp.o
                0x08000ea8                HAL_UART_MspInit
 .text.NMI_Handler
                0x08000ff0        0x8 ./Core/Src/stm32l4xx_it.o
                0x08000ff0                NMI_Handler
 .text.HardFault_Handler
                0x08000ff8        0x8 ./Core/Src/stm32l4xx_it.o
                0x08000ff8                HardFault_Handler
 .text.MemManage_Handler
                0x08001000        0x8 ./Core/Src/stm32l4xx_it.o
                0x08001000                MemManage_Handler
 .text.BusFault_Handler
                0x08001008        0x8 ./Core/Src/stm32l4xx_it.o
                0x08001008                BusFault_Handler
 .text.UsageFault_Handler
                0x08001010        0x8 ./Core/Src/stm32l4xx_it.o
                0x08001010                UsageFault_Handler
 .text.SVC_Handler
                0x08001018        0xe ./Core/Src/stm32l4xx_it.o
                0x08001018                SVC_Handler
 .text.DebugMon_Handler
                0x08001026        0xe ./Core/Src/stm32l4xx_it.o
                0x08001026                DebugMon_Handler
 .text.PendSV_Handler
                0x08001034        0xe ./Core/Src/stm32l4xx_it.o
                0x08001034                PendSV_Handler
 .text.SysTick_Handler
                0x08001042        0xc ./Core/Src/stm32l4xx_it.o
                0x08001042                SysTick_Handler
 .text.EXTI9_5_IRQHandler
                0x0800104e       0x22 ./Core/Src/stm32l4xx_it.o
                0x0800104e                EXTI9_5_IRQHandler
 .text.EXTI15_10_IRQHandler
                0x08001070       0x30 ./Core/Src/stm32l4xx_it.o
                0x08001070                EXTI15_10_IRQHandler
 .text.OTG_FS_IRQHandler
                0x080010a0       0x14 ./Core/Src/stm32l4xx_it.o
                0x080010a0                OTG_FS_IRQHandler
 .text.SystemInit
                0x080010b4       0x24 ./Core/Src/system_stm32l4xx.o
                0x080010b4                SystemInit
 .text.Reset_Handler
                0x080010d8       0x50 ./Core/Startup/startup_stm32l475vgtx.o
                0x080010d8                Reset_Handler
 .text.Default_Handler
                0x08001128        0x2 ./Core/Startup/startup_stm32l475vgtx.o
                0x08001128                RTC_Alarm_IRQHandler
                0x08001128                EXTI2_IRQHandler
                0x08001128                TIM8_TRG_COM_IRQHandler
                0x08001128                TIM8_CC_IRQHandler
                0x08001128                TIM1_CC_IRQHandler
                0x08001128                TSC_IRQHandler
                0x08001128                TAMP_STAMP_IRQHandler
                0x08001128                EXTI3_IRQHandler
                0x08001128                LPTIM2_IRQHandler
                0x08001128                DFSDM1_FLT1_IRQHandler
                0x08001128                I2C3_ER_IRQHandler
                0x08001128                DFSDM1_FLT2_IRQHandler
                0x08001128                EXTI0_IRQHandler
                0x08001128                I2C2_EV_IRQHandler
                0x08001128                CAN1_RX0_IRQHandler
                0x08001128                FPU_IRQHandler
                0x08001128                TIM1_UP_TIM16_IRQHandler
                0x08001128                ADC1_2_IRQHandler
                0x08001128                SPI1_IRQHandler
                0x08001128                TIM6_DAC_IRQHandler
                0x08001128                TIM8_UP_IRQHandler
                0x08001128                DMA2_Channel2_IRQHandler
                0x08001128                DMA1_Channel4_IRQHandler
                0x08001128                SAI2_IRQHandler
                0x08001128                DFSDM1_FLT3_IRQHandler
                0x08001128                USART3_IRQHandler
                0x08001128                DMA1_Channel7_IRQHandler
                0x08001128                CAN1_RX1_IRQHandler
                0x08001128                UART5_IRQHandler
                0x08001128                ADC3_IRQHandler
                0x08001128                TIM4_IRQHandler
                0x08001128                DMA2_Channel1_IRQHandler
                0x08001128                QUADSPI_IRQHandler
                0x08001128                I2C1_EV_IRQHandler
                0x08001128                DMA1_Channel6_IRQHandler
                0x08001128                UART4_IRQHandler
                0x08001128                DMA2_Channel4_IRQHandler
                0x08001128                TIM3_IRQHandler
                0x08001128                RCC_IRQHandler
                0x08001128                DMA1_Channel1_IRQHandler
                0x08001128                Default_Handler
                0x08001128                DMA2_Channel7_IRQHandler
                0x08001128                TIM7_IRQHandler
                0x08001128                SDMMC1_IRQHandler
                0x08001128                TIM5_IRQHandler
                0x08001128                I2C3_EV_IRQHandler
                0x08001128                RTC_WKUP_IRQHandler
                0x08001128                PVD_PVM_IRQHandler
                0x08001128                SPI2_IRQHandler
                0x08001128                CAN1_TX_IRQHandler
                0x08001128                DMA2_Channel5_IRQHandler
                0x08001128                DMA1_Channel5_IRQHandler
                0x08001128                EXTI4_IRQHandler
                0x08001128                RNG_IRQHandler
                0x08001128                TIM1_TRG_COM_TIM17_IRQHandler
                0x08001128                DMA1_Channel3_IRQHandler
                0x08001128                COMP_IRQHandler
                0x08001128                WWDG_IRQHandler
                0x08001128                LPUART1_IRQHandler
                0x08001128                DMA2_Channel6_IRQHandler
                0x08001128                TIM2_IRQHandler
                0x08001128                EXTI1_IRQHandler
                0x08001128                USART2_IRQHandler
                0x08001128                DFSDM1_FLT0_IRQHandler
                0x08001128                I2C2_ER_IRQHandler
                0x08001128                DMA1_Channel2_IRQHandler
                0x08001128                TIM8_BRK_IRQHandler
                0x08001128                CAN1_SCE_IRQHandler
                0x08001128                FLASH_IRQHandler
                0x08001128                USART1_IRQHandler
                0x08001128                SPI3_IRQHandler
                0x08001128                I2C1_ER_IRQHandler
                0x08001128                FMC_IRQHandler
                0x08001128                SWPMI1_IRQHandler
                0x08001128                LPTIM1_IRQHandler
                0x08001128                SAI1_IRQHandler
                0x08001128                DMA2_Channel3_IRQHandler
                0x08001128                TIM1_BRK_TIM15_IRQHandler
 .text.HAL_Init
                0x0800112a       0x30 ./Drivers/STM32L4xx_HAL_Driver/Src/stm32l4xx_hal.o
                0x0800112a                HAL_Init
 *fill*         0x0800115a        0x2 
 .text.HAL_InitTick
                0x0800115c       0x78 ./Drivers/STM32L4xx_HAL_Driver/Src/stm32l4xx_hal.o
                0x0800115c                HAL_InitTick
 .text.HAL_IncTick
                0x080011d4       0x28 ./Drivers/STM32L4xx_HAL_Driver/Src/stm32l4xx_hal.o
                0x080011d4                HAL_IncTick
 .text.HAL_GetTick
                0x080011fc       0x18 ./Drivers/STM32L4xx_HAL_Driver/Src/stm32l4xx_hal.o
                0x080011fc                HAL_GetTick
 .text.HAL_Delay
                0x08001214       0x48 ./Drivers/STM32L4xx_HAL_Driver/Src/stm32l4xx_hal.o
                0x08001214                HAL_Delay
 .text.__NVIC_SetPriorityGrouping
                0x0800125c       0x48 ./Drivers/STM32L4xx_HAL_Driver/Src/stm32l4xx_hal_cortex.o
 .text.__NVIC_GetPriorityGrouping
                0x080012a4       0x1c ./Drivers/STM32L4xx_HAL_Driver/Src/stm32l4xx_hal_cortex.o
 .text.__NVIC_EnableIRQ
                0x080012c0       0x3c ./Drivers/STM32L4xx_HAL_Driver/Src/stm32l4xx_hal_cortex.o
 .text.__NVIC_SetPriority
                0x080012fc       0x54 ./Drivers/STM32L4xx_HAL_Driver/Src/stm32l4xx_hal_cortex.o
 .text.NVIC_EncodePriority
                0x08001350       0x66 ./Drivers/STM32L4xx_HAL_Driver/Src/stm32l4xx_hal_cortex.o
 *fill*         0x080013b6        0x2 
 .text.SysTick_Config
                0x080013b8       0x44 ./Drivers/STM32L4xx_HAL_Driver/Src/stm32l4xx_hal_cortex.o
 .text.HAL_NVIC_SetPriorityGrouping
                0x080013fc       0x16 ./Drivers/STM32L4xx_HAL_Driver/Src/stm32l4xx_hal_cortex.o
                0x080013fc                HAL_NVIC_SetPriorityGrouping
 .text.HAL_NVIC_SetPriority
                0x08001412       0x38 ./Drivers/STM32L4xx_HAL_Driver/Src/stm32l4xx_hal_cortex.o
                0x08001412                HAL_NVIC_SetPriority
 .text.HAL_NVIC_EnableIRQ
                0x0800144a       0x1c ./Drivers/STM32L4xx_HAL_Driver/Src/stm32l4xx_hal_cortex.o
                0x0800144a                HAL_NVIC_EnableIRQ
 .text.HAL_SYSTICK_Config
                0x08001466       0x18 ./Drivers/STM32L4xx_HAL_Driver/Src/stm32l4xx_hal_cortex.o
                0x08001466                HAL_SYSTICK_Config
 *fill*         0x0800147e        0x2 
 .text.HAL_DFSDM_ChannelInit
                0x08001480      0x180 ./Drivers/STM32L4xx_HAL_Driver/Src/stm32l4xx_hal_dfsdm.o
                0x08001480                HAL_DFSDM_ChannelInit
 .text.DFSDM_GetChannelFromInstance
                0x08001600       0x98 ./Drivers/STM32L4xx_HAL_Driver/Src/stm32l4xx_hal_dfsdm.o
 .text.HAL_GPIO_Init
                0x08001698      0x354 ./Drivers/STM32L4xx_HAL_Driver/Src/stm32l4xx_hal_gpio.o
                0x08001698                HAL_GPIO_Init
 .text.HAL_GPIO_WritePin
                0x080019ec       0x30 ./Drivers/STM32L4xx_HAL_Driver/Src/stm32l4xx_hal_gpio.o
                0x080019ec                HAL_GPIO_WritePin
 .text.HAL_GPIO_EXTI_IRQHandler
                0x08001a1c       0x30 ./Drivers/STM32L4xx_HAL_Driver/Src/stm32l4xx_hal_gpio.o
                0x08001a1c                HAL_GPIO_EXTI_IRQHandler
 .text.HAL_GPIO_EXTI_Callback
                0x08001a4c       0x16 ./Drivers/STM32L4xx_HAL_Driver/Src/stm32l4xx_hal_gpio.o
                0x08001a4c                HAL_GPIO_EXTI_Callback
 .text.HAL_I2C_Init
                0x08001a62      0x136 ./Drivers/STM32L4xx_HAL_Driver/Src/stm32l4xx_hal_i2c.o
                0x08001a62                HAL_I2C_Init
 .text.HAL_I2CEx_ConfigAnalogFilter
                0x08001b98       0x96 ./Drivers/STM32L4xx_HAL_Driver/Src/stm32l4xx_hal_i2c_ex.o
                0x08001b98                HAL_I2CEx_ConfigAnalogFilter
 .text.HAL_I2CEx_ConfigDigitalFilter
                0x08001c2e       0x98 ./Drivers/STM32L4xx_HAL_Driver/Src/stm32l4xx_hal_i2c_ex.o
                0x08001c2e                HAL_I2CEx_ConfigDigitalFilter
 .text.HAL_PCD_Init
                0x08001cc6      0x21e ./Drivers/STM32L4xx_HAL_Driver/Src/stm32l4xx_hal_pcd.o
                0x08001cc6                HAL_PCD_Init
 .text.HAL_PCD_Start
                0x08001ee4       0x5e ./Drivers/STM32L4xx_HAL_Driver/Src/stm32l4xx_hal_pcd.o
                0x08001ee4                HAL_PCD_Start
 .text.HAL_PCD_IRQHandler
                0x08001f42      0x92c ./Drivers/STM32L4xx_HAL_Driver/Src/stm32l4xx_hal_pcd.o
                0x08001f42                HAL_PCD_IRQHandler
 .text.HAL_PCD_SetAddress
                0x0800286e       0x48 ./Drivers/STM32L4xx_HAL_Driver/Src/stm32l4xx_hal_pcd.o
                0x0800286e                HAL_PCD_SetAddress
 .text.HAL_PCD_EP_Open
                0x080028b6       0xd4 ./Drivers/STM32L4xx_HAL_Driver/Src/stm32l4xx_hal_pcd.o
                0x080028b6                HAL_PCD_EP_Open
 .text.HAL_PCD_EP_Close
                0x0800298a       0x94 ./Drivers/STM32L4xx_HAL_Driver/Src/stm32l4xx_hal_pcd.o
                0x0800298a                HAL_PCD_EP_Close
 .text.HAL_PCD_EP_Receive
                0x08002a1e       0x64 ./Drivers/STM32L4xx_HAL_Driver/Src/stm32l4xx_hal_pcd.o
                0x08002a1e                HAL_PCD_EP_Receive
 .text.HAL_PCD_EP_GetRxCount
                0x08002a82       0x30 ./Drivers/STM32L4xx_HAL_Driver/Src/stm32l4xx_hal_pcd.o
                0x08002a82                HAL_PCD_EP_GetRxCount
 .text.HAL_PCD_EP_Transmit
                0x08002ab2       0x62 ./Drivers/STM32L4xx_HAL_Driver/Src/stm32l4xx_hal_pcd.o
                0x08002ab2                HAL_PCD_EP_Transmit
 .text.HAL_PCD_EP_SetStall
                0x08002b14       0xc4 ./Drivers/STM32L4xx_HAL_Driver/Src/stm32l4xx_hal_pcd.o
                0x08002b14                HAL_PCD_EP_SetStall
 .text.HAL_PCD_EP_ClrStall
                0x08002bd8       0xac ./Drivers/STM32L4xx_HAL_Driver/Src/stm32l4xx_hal_pcd.o
                0x08002bd8                HAL_PCD_EP_ClrStall
 .text.HAL_PCD_EP_Abort
                0x08002c84       0x62 ./Drivers/STM32L4xx_HAL_Driver/Src/stm32l4xx_hal_pcd.o
                0x08002c84                HAL_PCD_EP_Abort
 .text.PCD_WriteEmptyTxFifo
                0x08002ce6      0x110 ./Drivers/STM32L4xx_HAL_Driver/Src/stm32l4xx_hal_pcd.o
 *fill*         0x08002df6        0x2 
 .text.PCD_EP_OutXfrComplete_int
                0x08002df8       0x9c ./Drivers/STM32L4xx_HAL_Driver/Src/stm32l4xx_hal_pcd.o
 .text.PCD_EP_OutSetupPacket_int
                0x08002e94       0x68 ./Drivers/STM32L4xx_HAL_Driver/Src/stm32l4xx_hal_pcd.o
 .text.HAL_PCDEx_SetTxFiFo
                0x08002efc       0x8e ./Drivers/STM32L4xx_HAL_Driver/Src/stm32l4xx_hal_pcd_ex.o
                0x08002efc                HAL_PCDEx_SetTxFiFo
 .text.HAL_PCDEx_SetRxFiFo
                0x08002f8a       0x22 ./Drivers/STM32L4xx_HAL_Driver/Src/stm32l4xx_hal_pcd_ex.o
                0x08002f8a                HAL_PCDEx_SetRxFiFo
 .text.HAL_PCDEx_ActivateLPM
                0x08002fac       0x48 ./Drivers/STM32L4xx_HAL_Driver/Src/stm32l4xx_hal_pcd_ex.o
                0x08002fac                HAL_PCDEx_ActivateLPM
 .text.HAL_PWR_EnableBkUpAccess
                0x08002ff4       0x20 ./Drivers/STM32L4xx_HAL_Driver/Src/stm32l4xx_hal_pwr.o
                0x08002ff4                HAL_PWR_EnableBkUpAccess
 .text.HAL_PWREx_GetVoltageRange
                0x08003014       0x1c ./Drivers/STM32L4xx_HAL_Driver/Src/stm32l4xx_hal_pwr_ex.o
                0x08003014                HAL_PWREx_GetVoltageRange
 .text.HAL_PWREx_ControlVoltageScaling
                0x08003030       0xac ./Drivers/STM32L4xx_HAL_Driver/Src/stm32l4xx_hal_pwr_ex.o
                0x08003030                HAL_PWREx_ControlVoltageScaling
 .text.HAL_PWREx_EnableVddUSB
                0x080030dc       0x20 ./Drivers/STM32L4xx_HAL_Driver/Src/stm32l4xx_hal_pwr_ex.o
                0x080030dc                HAL_PWREx_EnableVddUSB
 .text.HAL_QSPI_Init
                0x080030fc       0xec ./Drivers/STM32L4xx_HAL_Driver/Src/stm32l4xx_hal_qspi.o
                0x080030fc                HAL_QSPI_Init
 .text.HAL_QSPI_SetTimeout
                0x080031e8       0x1c ./Drivers/STM32L4xx_HAL_Driver/Src/stm32l4xx_hal_qspi.o
                0x080031e8                HAL_QSPI_SetTimeout
 .text.QSPI_WaitFlagStateUntilTimeout
                0x08003204       0x6e ./Drivers/STM32L4xx_HAL_Driver/Src/stm32l4xx_hal_qspi.o
 *fill*         0x08003272        0x2 
 .text.HAL_RCC_OscConfig
                0x08003274      0x7b8 ./Drivers/STM32L4xx_HAL_Driver/Src/stm32l4xx_hal_rcc.o
                0x08003274                HAL_RCC_OscConfig
 .text.HAL_RCC_ClockConfig
                0x08003a2c      0x200 ./Drivers/STM32L4xx_HAL_Driver/Src/stm32l4xx_hal_rcc.o
                0x08003a2c                HAL_RCC_ClockConfig
 .text.HAL_RCC_GetSysClockFreq
                0x08003c2c      0x118 ./Drivers/STM32L4xx_HAL_Driver/Src/stm32l4xx_hal_rcc.o
                0x08003c2c                HAL_RCC_GetSysClockFreq
 .text.HAL_RCC_GetHCLKFreq
                0x08003d44       0x18 ./Drivers/STM32L4xx_HAL_Driver/Src/stm32l4xx_hal_rcc.o
                0x08003d44                HAL_RCC_GetHCLKFreq
 .text.HAL_RCC_GetPCLK1Freq
                0x08003d5c       0x2c ./Drivers/STM32L4xx_HAL_Driver/Src/stm32l4xx_hal_rcc.o
                0x08003d5c                HAL_RCC_GetPCLK1Freq
 .text.HAL_RCC_GetPCLK2Freq
                0x08003d88       0x2c ./Drivers/STM32L4xx_HAL_Driver/Src/stm32l4xx_hal_rcc.o
                0x08003d88                HAL_RCC_GetPCLK2Freq
 .text.RCC_SetFlashLatencyFromMSIRange
                0x08003db4       0xc0 ./Drivers/STM32L4xx_HAL_Driver/Src/stm32l4xx_hal_rcc.o
 .text.HAL_RCCEx_PeriphCLKConfig
                0x08003e74      0x5d4 ./Drivers/STM32L4xx_HAL_Driver/Src/stm32l4xx_hal_rcc_ex.o
                0x08003e74                HAL_RCCEx_PeriphCLKConfig
 .text.HAL_RCCEx_EnableMSIPLLMode
                0x08004448       0x20 ./Drivers/STM32L4xx_HAL_Driver/Src/stm32l4xx_hal_rcc_ex.o
                0x08004448                HAL_RCCEx_EnableMSIPLLMode
 .text.RCCEx_PLLSAI1_Config
                0x08004468      0x1e8 ./Drivers/STM32L4xx_HAL_Driver/Src/stm32l4xx_hal_rcc_ex.o
 .text.RCCEx_PLLSAI2_Config
                0x08004650      0x1bc ./Drivers/STM32L4xx_HAL_Driver/Src/stm32l4xx_hal_rcc_ex.o
 .text.HAL_SPI_Init
                0x0800480c      0x146 ./Drivers/STM32L4xx_HAL_Driver/Src/stm32l4xx_hal_spi.o
                0x0800480c                HAL_SPI_Init
 .text.HAL_UART_Init
                0x08004952       0x9c ./Drivers/STM32L4xx_HAL_Driver/Src/stm32l4xx_hal_uart.o
                0x08004952                HAL_UART_Init
 *fill*         0x080049ee        0x2 
 .text.UART_SetConfig
                0x080049f0      0x570 ./Drivers/STM32L4xx_HAL_Driver/Src/stm32l4xx_hal_uart.o
                0x080049f0                UART_SetConfig
 .text.UART_AdvFeatureConfig
                0x08004f60      0x144 ./Drivers/STM32L4xx_HAL_Driver/Src/stm32l4xx_hal_uart.o
                0x08004f60                UART_AdvFeatureConfig
 .text.UART_CheckIdleState
                0x080050a4      0x150 ./Drivers/STM32L4xx_HAL_Driver/Src/stm32l4xx_hal_uart.o
                0x080050a4                UART_CheckIdleState
 .text.UART_WaitOnFlagUntilTimeout
                0x080051f4       0xda ./Drivers/STM32L4xx_HAL_Driver/Src/stm32l4xx_hal_uart.o
                0x080051f4                UART_WaitOnFlagUntilTimeout
 .text.UART_EndRxTransfer
                0x080052ce       0xc8 ./Drivers/STM32L4xx_HAL_Driver/Src/stm32l4xx_hal_uart.o
 .text.USB_CoreInit
                0x08005396       0x5a ./Drivers/STM32L4xx_HAL_Driver/Src/stm32l4xx_ll_usb.o
                0x08005396                USB_CoreInit
 .text.USB_SetTurnaroundTime
                0x080053f0      0x138 ./Drivers/STM32L4xx_HAL_Driver/Src/stm32l4xx_ll_usb.o
                0x080053f0                USB_SetTurnaroundTime
 .text.USB_EnableGlobalInt
                0x08005528       0x22 ./Drivers/STM32L4xx_HAL_Driver/Src/stm32l4xx_ll_usb.o
                0x08005528                USB_EnableGlobalInt
 .text.USB_DisableGlobalInt
                0x0800554a       0x22 ./Drivers/STM32L4xx_HAL_Driver/Src/stm32l4xx_ll_usb.o
                0x0800554a                USB_DisableGlobalInt
 .text.USB_SetCurrentMode
                0x0800556c       0x98 ./Drivers/STM32L4xx_HAL_Driver/Src/stm32l4xx_ll_usb.o
                0x0800556c                USB_SetCurrentMode
 .text.USB_DevInit
                0x08005604      0x290 ./Drivers/STM32L4xx_HAL_Driver/Src/stm32l4xx_ll_usb.o
                0x08005604                USB_DevInit
 .text.USB_FlushTxFifo
                0x08005894       0x64 ./Drivers/STM32L4xx_HAL_Driver/Src/stm32l4xx_ll_usb.o
                0x08005894                USB_FlushTxFifo
 .text.USB_FlushRxFifo
                0x080058f8       0x5c ./Drivers/STM32L4xx_HAL_Driver/Src/stm32l4xx_ll_usb.o
                0x080058f8                USB_FlushRxFifo
 .text.USB_SetDevSpeed
                0x08005954       0x32 ./Drivers/STM32L4xx_HAL_Driver/Src/stm32l4xx_ll_usb.o
                0x08005954                USB_SetDevSpeed
 .text.USB_GetDevSpeed
                0x08005986       0x3e ./Drivers/STM32L4xx_HAL_Driver/Src/stm32l4xx_ll_usb.o
                0x08005986                USB_GetDevSpeed
 .text.USB_ActivateEndpoint
                0x080059c4      0x10e ./Drivers/STM32L4xx_HAL_Driver/Src/stm32l4xx_ll_usb.o
                0x080059c4                USB_ActivateEndpoint
 *fill*         0x08005ad2        0x2 
 .text.USB_DeactivateEndpoint
                0x08005ad4      0x1b8 ./Drivers/STM32L4xx_HAL_Driver/Src/stm32l4xx_ll_usb.o
                0x08005ad4                USB_DeactivateEndpoint
 .text.USB_EPStartXfer
                0x08005c8c      0x470 ./Drivers/STM32L4xx_HAL_Driver/Src/stm32l4xx_ll_usb.o
                0x08005c8c                USB_EPStartXfer
 .text.USB_EPStopXfer
                0x080060fc      0x154 ./Drivers/STM32L4xx_HAL_Driver/Src/stm32l4xx_ll_usb.o
                0x080060fc                USB_EPStopXfer
 .text.USB_WritePacket
                0x08006250       0x74 ./Drivers/STM32L4xx_HAL_Driver/Src/stm32l4xx_ll_usb.o
                0x08006250                USB_WritePacket
 .text.USB_ReadPacket
                0x080062c4       0xb0 ./Drivers/STM32L4xx_HAL_Driver/Src/stm32l4xx_ll_usb.o
                0x080062c4                USB_ReadPacket
 .text.USB_EPSetStall
                0x08006374       0xdc ./Drivers/STM32L4xx_HAL_Driver/Src/stm32l4xx_ll_usb.o
                0x08006374                USB_EPSetStall
 .text.USB_EPClearStall
                0x08006450       0xcc ./Drivers/STM32L4xx_HAL_Driver/Src/stm32l4xx_ll_usb.o
                0x08006450                USB_EPClearStall
 .text.USB_SetDevAddress
                0x0800651c       0x4c ./Drivers/STM32L4xx_HAL_Driver/Src/stm32l4xx_ll_usb.o
                0x0800651c                USB_SetDevAddress
 .text.USB_DevConnect
                0x08006568       0x42 ./Drivers/STM32L4xx_HAL_Driver/Src/stm32l4xx_ll_usb.o
                0x08006568                USB_DevConnect
 .text.USB_DevDisconnect
                0x080065aa       0x42 ./Drivers/STM32L4xx_HAL_Driver/Src/stm32l4xx_ll_usb.o
                0x080065aa                USB_DevDisconnect
 .text.USB_ReadInterrupts
                0x080065ec       0x26 ./Drivers/STM32L4xx_HAL_Driver/Src/stm32l4xx_ll_usb.o
                0x080065ec                USB_ReadInterrupts
 .text.USB_ReadDevAllOutEpInterrupt
                0x08006612       0x34 ./Drivers/STM32L4xx_HAL_Driver/Src/stm32l4xx_ll_usb.o
                0x08006612                USB_ReadDevAllOutEpInterrupt
 .text.USB_ReadDevAllInEpInterrupt
                0x08006646       0x34 ./Drivers/STM32L4xx_HAL_Driver/Src/stm32l4xx_ll_usb.o
                0x08006646                USB_ReadDevAllInEpInterrupt
 .text.USB_ReadDevOutEPInterrupt
                0x0800667a       0x3c ./Drivers/STM32L4xx_HAL_Driver/Src/stm32l4xx_ll_usb.o
                0x0800667a                USB_ReadDevOutEPInterrupt
 .text.USB_ReadDevInEPInterrupt
                0x080066b6       0x5c ./Drivers/STM32L4xx_HAL_Driver/Src/stm32l4xx_ll_usb.o
                0x080066b6                USB_ReadDevInEPInterrupt
 .text.USB_GetMode
                0x08006712       0x1c ./Drivers/STM32L4xx_HAL_Driver/Src/stm32l4xx_ll_usb.o
                0x08006712                USB_GetMode
 .text.USB_ActivateSetup
                0x0800672e       0x46 ./Drivers/STM32L4xx_HAL_Driver/Src/stm32l4xx_ll_usb.o
                0x0800672e                USB_ActivateSetup
 .text.USB_EP0_OutStart
                0x08006774       0x90 ./Drivers/STM32L4xx_HAL_Driver/Src/stm32l4xx_ll_usb.o
                0x08006774                USB_EP0_OutStart
 .text.USB_CoreReset
                0x08006804       0x62 ./Drivers/STM32L4xx_HAL_Driver/Src/stm32l4xx_ll_usb.o
 *fill*         0x08006866        0x2 
 .text.USBD_CDC_Init
                0x08006868      0x1f0 ./Middlewares/ST/STM32_USB_Device_Library/Class/CDC/Src/usbd_cdc.o
 .text.USBD_CDC_DeInit
                0x08006a58      0x104 ./Middlewares/ST/STM32_USB_Device_Library/Class/CDC/Src/usbd_cdc.o
 .text.USBD_CDC_Setup
                0x08006b5c      0x1b8 ./Middlewares/ST/STM32_USB_Device_Library/Class/CDC/Src/usbd_cdc.o
 .text.USBD_CDC_DataIn
                0x08006d14       0xfe ./Middlewares/ST/STM32_USB_Device_Library/Class/CDC/Src/usbd_cdc.o
 .text.USBD_CDC_DataOut
                0x08006e12       0x70 ./Middlewares/ST/STM32_USB_Device_Library/Class/CDC/Src/usbd_cdc.o
 .text.USBD_CDC_EP0_RxReady
                0x08006e82       0x74 ./Middlewares/ST/STM32_USB_Device_Library/Class/CDC/Src/usbd_cdc.o
 *fill*         0x08006ef6        0x2 
 .text.USBD_CDC_GetFSCfgDesc
                0x08006ef8       0x70 ./Middlewares/ST/STM32_USB_Device_Library/Class/CDC/Src/usbd_cdc.o
 .text.USBD_CDC_GetHSCfgDesc
                0x08006f68       0x70 ./Middlewares/ST/STM32_USB_Device_Library/Class/CDC/Src/usbd_cdc.o
 .text.USBD_CDC_GetOtherSpeedCfgDesc
                0x08006fd8       0x70 ./Middlewares/ST/STM32_USB_Device_Library/Class/CDC/Src/usbd_cdc.o
 .text.USBD_CDC_GetDeviceQualifierDescriptor
                0x08007048       0x20 ./Middlewares/ST/STM32_USB_Device_Library/Class/CDC/Src/usbd_cdc.o
                0x08007048                USBD_CDC_GetDeviceQualifierDescriptor
 .text.USBD_CDC_RegisterInterface
                0x08007068       0x34 ./Middlewares/ST/STM32_USB_Device_Library/Class/CDC/Src/usbd_cdc.o
                0x08007068                USBD_CDC_RegisterInterface
 .text.USBD_CDC_SetTxBuffer
                0x0800709c       0x44 ./Middlewares/ST/STM32_USB_Device_Library/Class/CDC/Src/usbd_cdc.o
                0x0800709c                USBD_CDC_SetTxBuffer
 .text.USBD_CDC_SetRxBuffer
                0x080070e0       0x3a ./Middlewares/ST/STM32_USB_Device_Library/Class/CDC/Src/usbd_cdc.o
                0x080070e0                USBD_CDC_SetRxBuffer
 *fill*         0x0800711a        0x2 
 .text.USBD_CDC_ReceivePacket
                0x0800711c       0x6c ./Middlewares/ST/STM32_USB_Device_Library/Class/CDC/Src/usbd_cdc.o
                0x0800711c                USBD_CDC_ReceivePacket
 .text.USBD_Init
                0x08007188       0x60 ./Middlewares/ST/STM32_USB_Device_Library/Core/Src/usbd_core.o
                0x08007188                USBD_Init
 .text.USBD_RegisterClass
                0x080071e8       0x6c ./Middlewares/ST/STM32_USB_Device_Library/Core/Src/usbd_core.o
                0x080071e8                USBD_RegisterClass
 .text.USBD_Start
                0x08007254       0x18 ./Middlewares/ST/STM32_USB_Device_Library/Core/Src/usbd_core.o
                0x08007254                USBD_Start
 .text.USBD_RunTestMode
                0x0800726c       0x16 ./Middlewares/ST/STM32_USB_Device_Library/Core/Src/usbd_core.o
                0x0800726c                USBD_RunTestMode
 .text.USBD_SetClassConfig
                0x08007282       0x38 ./Middlewares/ST/STM32_USB_Device_Library/Core/Src/usbd_core.o
                0x08007282                USBD_SetClassConfig
 .text.USBD_ClrClassConfig
                0x080072ba       0x34 ./Middlewares/ST/STM32_USB_Device_Library/Core/Src/usbd_core.o
                0x080072ba                USBD_ClrClassConfig
 .text.USBD_LL_SetupStage
                0x080072ee       0xaa ./Middlewares/ST/STM32_USB_Device_Library/Core/Src/usbd_core.o
                0x080072ee                USBD_LL_SetupStage
 .text.USBD_LL_DataOutStage
                0x08007398      0x166 ./Middlewares/ST/STM32_USB_Device_Library/Core/Src/usbd_core.o
                0x08007398                USBD_LL_DataOutStage
 .text.USBD_LL_DataInStage
                0x080074fe      0x164 ./Middlewares/ST/STM32_USB_Device_Library/Core/Src/usbd_core.o
                0x080074fe                USBD_LL_DataInStage
 .text.USBD_LL_Reset
                0x08007662       0xa4 ./Middlewares/ST/STM32_USB_Device_Library/Core/Src/usbd_core.o
                0x08007662                USBD_LL_Reset
 .text.USBD_LL_SetSpeed
                0x08007706       0x20 ./Middlewares/ST/STM32_USB_Device_Library/Core/Src/usbd_core.o
                0x08007706                USBD_LL_SetSpeed
 .text.USBD_LL_Suspend
                0x08007726       0x38 ./Middlewares/ST/STM32_USB_Device_Library/Core/Src/usbd_core.o
                0x08007726                USBD_LL_Suspend
 .text.USBD_LL_Resume
                0x0800775e       0x30 ./Middlewares/ST/STM32_USB_Device_Library/Core/Src/usbd_core.o
                0x0800775e                USBD_LL_Resume
 .text.USBD_LL_SOF
                0x0800778e       0x40 ./Middlewares/ST/STM32_USB_Device_Library/Core/Src/usbd_core.o
                0x0800778e                USBD_LL_SOF
 .text.USBD_LL_IsoINIncomplete
                0x080077ce       0x64 ./Middlewares/ST/STM32_USB_Device_Library/Core/Src/usbd_core.o
                0x080077ce                USBD_LL_IsoINIncomplete
 .text.USBD_LL_IsoOUTIncomplete
                0x08007832       0x64 ./Middlewares/ST/STM32_USB_Device_Library/Core/Src/usbd_core.o
                0x08007832                USBD_LL_IsoOUTIncomplete
 .text.USBD_LL_DevConnected
                0x08007896       0x16 ./Middlewares/ST/STM32_USB_Device_Library/Core/Src/usbd_core.o
                0x08007896                USBD_LL_DevConnected
 .text.USBD_LL_DevDisconnected
                0x080078ac       0x46 ./Middlewares/ST/STM32_USB_Device_Library/Core/Src/usbd_core.o
                0x080078ac                USBD_LL_DevDisconnected
 .text.USBD_CoreFindIF
                0x080078f2       0x1a ./Middlewares/ST/STM32_USB_Device_Library/Core/Src/usbd_core.o
                0x080078f2                USBD_CoreFindIF
 .text.USBD_CoreFindEP
                0x0800790c       0x1a ./Middlewares/ST/STM32_USB_Device_Library/Core/Src/usbd_core.o
                0x0800790c                USBD_CoreFindEP
 .text.USBD_GetEpDesc
                0x08007926       0x70 ./Middlewares/ST/STM32_USB_Device_Library/Core/Src/usbd_core.o
                0x08007926                USBD_GetEpDesc
 .text.USBD_GetNextDesc
                0x08007996       0x38 ./Middlewares/ST/STM32_USB_Device_Library/Core/Src/usbd_core.o
                0x08007996                USBD_GetNextDesc
 .text.SWAPBYTE
                0x080079ce       0x3c ./Middlewares/ST/STM32_USB_Device_Library/Core/Src/usbd_ctlreq.o
 *fill*         0x08007a0a        0x2 
 .text.USBD_StdDevReq
                0x08007a0c       0xe4 ./Middlewares/ST/STM32_USB_Device_Library/Core/Src/usbd_ctlreq.o
                0x08007a0c                USBD_StdDevReq
 .text.USBD_StdItfReq
                0x08007af0       0xd8 ./Middlewares/ST/STM32_USB_Device_Library/Core/Src/usbd_ctlreq.o
                0x08007af0                USBD_StdItfReq
 .text.USBD_StdEPReq
                0x08007bc8      0x33a ./Middlewares/ST/STM32_USB_Device_Library/Core/Src/usbd_ctlreq.o
                0x08007bc8                USBD_StdEPReq
 *fill*         0x08007f02        0x2 
 .text.USBD_GetDescriptor
                0x08007f04      0x328 ./Middlewares/ST/STM32_USB_Device_Library/Core/Src/usbd_ctlreq.o
 .text.USBD_SetAddress
                0x0800822c       0x88 ./Middlewares/ST/STM32_USB_Device_Library/Core/Src/usbd_ctlreq.o
 .text.USBD_SetConfig
                0x080082b4      0x154 ./Middlewares/ST/STM32_USB_Device_Library/Core/Src/usbd_ctlreq.o
 .text.USBD_GetConfig
                0x08008408       0x6c ./Middlewares/ST/STM32_USB_Device_Library/Core/Src/usbd_ctlreq.o
 .text.USBD_GetStatus
                0x08008474       0x68 ./Middlewares/ST/STM32_USB_Device_Library/Core/Src/usbd_ctlreq.o
 .text.USBD_SetFeature
                0x080084dc       0x52 ./Middlewares/ST/STM32_USB_Device_Library/Core/Src/usbd_ctlreq.o
 .text.USBD_ClrFeature
                0x0800852e       0x44 ./Middlewares/ST/STM32_USB_Device_Library/Core/Src/usbd_ctlreq.o
 .text.USBD_ParseSetupRequest
                0x08008572       0x74 ./Middlewares/ST/STM32_USB_Device_Library/Core/Src/usbd_ctlreq.o
                0x08008572                USBD_ParseSetupRequest
 .text.USBD_CtlError
                0x080085e6       0x22 ./Middlewares/ST/STM32_USB_Device_Library/Core/Src/usbd_ctlreq.o
                0x080085e6                USBD_CtlError
 .text.USBD_GetString
                0x08008608       0xa4 ./Middlewares/ST/STM32_USB_Device_Library/Core/Src/usbd_ctlreq.o
                0x08008608                USBD_GetString
 .text.USBD_GetLen
                0x080086ac       0x34 ./Middlewares/ST/STM32_USB_Device_Library/Core/Src/usbd_ctlreq.o
 .text.USBD_CtlSendData
                0x080086e0       0x36 ./Middlewares/ST/STM32_USB_Device_Library/Core/Src/usbd_ioreq.o
                0x080086e0                USBD_CtlSendData
 .text.USBD_CtlContinueSendData
                0x08008716       0x22 ./Middlewares/ST/STM32_USB_Device_Library/Core/Src/usbd_ioreq.o
                0x08008716                USBD_CtlContinueSendData
 .text.USBD_CtlPrepareRx
                0x08008738       0x3a ./Middlewares/ST/STM32_USB_Device_Library/Core/Src/usbd_ioreq.o
                0x08008738                USBD_CtlPrepareRx
 .text.USBD_CtlContinueRx
                0x08008772       0x22 ./Middlewares/ST/STM32_USB_Device_Library/Core/Src/usbd_ioreq.o
                0x08008772                USBD_CtlContinueRx
 .text.USBD_CtlSendStatus
                0x08008794       0x26 ./Middlewares/ST/STM32_USB_Device_Library/Core/Src/usbd_ioreq.o
                0x08008794                USBD_CtlSendStatus
 .text.USBD_CtlReceiveStatus
                0x080087ba       0x26 ./Middlewares/ST/STM32_USB_Device_Library/Core/Src/usbd_ioreq.o
                0x080087ba                USBD_CtlReceiveStatus
 .text.MX_USB_DEVICE_Init
                0x080087e0       0x60 ./USB_DEVICE/App/usb_device.o
                0x080087e0                MX_USB_DEVICE_Init
 .text.CDC_Init_FS
                0x08008840       0x28 ./USB_DEVICE/App/usbd_cdc_if.o
 .text.CDC_DeInit_FS
                0x08008868       0x10 ./USB_DEVICE/App/usbd_cdc_if.o
 .text.CDC_Control_FS
                0x08008878       0xf4 ./USB_DEVICE/App/usbd_cdc_if.o
 .text.CDC_Receive_FS
                0x0800896c       0x28 ./USB_DEVICE/App/usbd_cdc_if.o
 .text.CDC_TransmitCplt_FS
                0x08008994       0x22 ./USB_DEVICE/App/usbd_cdc_if.o
 *fill*         0x080089b6        0x2 
 .text.USBD_FS_DeviceDescriptor
                0x080089b8       0x24 ./USB_DEVICE/App/usbd_desc.o
                0x080089b8                USBD_FS_DeviceDescriptor
 .text.USBD_FS_LangIDStrDescriptor
                0x080089dc       0x24 ./USB_DEVICE/App/usbd_desc.o
                0x080089dc                USBD_FS_LangIDStrDescriptor
 .text.USBD_FS_ProductStrDescriptor
                0x08008a00       0x3c ./USB_DEVICE/App/usbd_desc.o
                0x08008a00                USBD_FS_ProductStrDescriptor
 .text.USBD_FS_ManufacturerStrDescriptor
                0x08008a3c       0x28 ./USB_DEVICE/App/usbd_desc.o
                0x08008a3c                USBD_FS_ManufacturerStrDescriptor
 .text.USBD_FS_SerialStrDescriptor
                0x08008a64       0x24 ./USB_DEVICE/App/usbd_desc.o
                0x08008a64                USBD_FS_SerialStrDescriptor
 .text.USBD_FS_ConfigStrDescriptor
                0x08008a88       0x3c ./USB_DEVICE/App/usbd_desc.o
                0x08008a88                USBD_FS_ConfigStrDescriptor
 .text.USBD_FS_InterfaceStrDescriptor
                0x08008ac4       0x3c ./USB_DEVICE/App/usbd_desc.o
                0x08008ac4                USBD_FS_InterfaceStrDescriptor
 .text.USBD_FS_USR_BOSDescriptor
                0x08008b00       0x24 ./USB_DEVICE/App/usbd_desc.o
                0x08008b00                USBD_FS_USR_BOSDescriptor
 .text.Get_SerialNum
                0x08008b24       0x58 ./USB_DEVICE/App/usbd_desc.o
 .text.IntToUnicode
                0x08008b7c       0x7e ./USB_DEVICE/App/usbd_desc.o
 *fill*         0x08008bfa        0x2 
 .text.HAL_PCD_MspInit
                0x08008bfc      0x148 ./USB_DEVICE/Target/usbd_conf.o
                0x08008bfc                HAL_PCD_MspInit
 .text.HAL_PCD_SetupStageCallback
                0x08008d44       0x24 ./USB_DEVICE/Target/usbd_conf.o
                0x08008d44                HAL_PCD_SetupStageCallback
 .text.HAL_PCD_DataOutStageCallback
                0x08008d68       0x36 ./USB_DEVICE/Target/usbd_conf.o
                0x08008d68                HAL_PCD_DataOutStageCallback
 .text.HAL_PCD_DataInStageCallback
                0x08008d9e       0x34 ./USB_DEVICE/Target/usbd_conf.o
                0x08008d9e                HAL_PCD_DataInStageCallback
 .text.HAL_PCD_SOFCallback
                0x08008dd2       0x1c ./USB_DEVICE/Target/usbd_conf.o
                0x08008dd2                HAL_PCD_SOFCallback
 .text.HAL_PCD_ResetCallback
                0x08008dee       0x3c ./USB_DEVICE/Target/usbd_conf.o
                0x08008dee                HAL_PCD_ResetCallback
 *fill*         0x08008e2a        0x2 
 .text.HAL_PCD_SuspendCallback
                0x08008e2c       0x4c ./USB_DEVICE/Target/usbd_conf.o
                0x08008e2c                HAL_PCD_SuspendCallback
 .text.HAL_PCD_ResumeCallback
                0x08008e78       0x50 ./USB_DEVICE/Target/usbd_conf.o
                0x08008e78                HAL_PCD_ResumeCallback
 .text.HAL_PCD_ISOOUTIncompleteCallback
                0x08008ec8       0x24 ./USB_DEVICE/Target/usbd_conf.o
                0x08008ec8                HAL_PCD_ISOOUTIncompleteCallback
 .text.HAL_PCD_ISOINIncompleteCallback
                0x08008eec       0x24 ./USB_DEVICE/Target/usbd_conf.o
                0x08008eec                HAL_PCD_ISOINIncompleteCallback
 .text.HAL_PCD_ConnectCallback
                0x08008f10       0x1c ./USB_DEVICE/Target/usbd_conf.o
                0x08008f10                HAL_PCD_ConnectCallback
 .text.HAL_PCD_DisconnectCallback
                0x08008f2c       0x1c ./USB_DEVICE/Target/usbd_conf.o
                0x08008f2c                HAL_PCD_DisconnectCallback
 .text.USBD_LL_Init
                0x08008f48       0x98 ./USB_DEVICE/Target/usbd_conf.o
                0x08008f48                USBD_LL_Init
 .text.USBD_LL_Start
                0x08008fe0       0x64 ./USB_DEVICE/Target/usbd_conf.o
                0x08008fe0                USBD_LL_Start
 .text.USBD_LL_OpenEP
                0x08009044       0x7c ./USB_DEVICE/Target/usbd_conf.o
                0x08009044                USBD_LL_OpenEP
 .text.USBD_LL_CloseEP
                0x080090c0       0x6c ./USB_DEVICE/Target/usbd_conf.o
                0x080090c0                USBD_LL_CloseEP
 .text.USBD_LL_StallEP
                0x0800912c       0x6c ./USB_DEVICE/Target/usbd_conf.o
                0x0800912c                USBD_LL_StallEP
 .text.USBD_LL_ClearStallEP
                0x08009198       0x6c ./USB_DEVICE/Target/usbd_conf.o
                0x08009198                USBD_LL_ClearStallEP
 .text.USBD_LL_IsStallEP
                0x08009204       0x58 ./USB_DEVICE/Target/usbd_conf.o
                0x08009204                USBD_LL_IsStallEP
 .text.USBD_LL_SetUSBAddress
                0x0800925c       0x6c ./USB_DEVICE/Target/usbd_conf.o
                0x0800925c                USBD_LL_SetUSBAddress
 .text.USBD_LL_Transmit
                0x080092c8       0x70 ./USB_DEVICE/Target/usbd_conf.o
                0x080092c8                USBD_LL_Transmit
 .text.USBD_LL_PrepareReceive
                0x08009338       0x70 ./USB_DEVICE/Target/usbd_conf.o
                0x08009338                USBD_LL_PrepareReceive
 .text.USBD_LL_GetRxDataSize
                0x080093a8       0x26 ./USB_DEVICE/Target/usbd_conf.o
                0x080093a8                USBD_LL_GetRxDataSize
 *fill*         0x080093ce        0x2 
 .text.HAL_PCDEx_LPM_Callback
                0x080093d0       0x9c ./USB_DEVICE/Target/usbd_conf.o
                0x080093d0                HAL_PCDEx_LPM_Callback
 .text.USBD_static_malloc
                0x0800946c       0x1c ./USB_DEVICE/Target/usbd_conf.o
                0x0800946c                USBD_static_malloc
 .text.USBD_static_free
                0x08009488       0x14 ./USB_DEVICE/Target/usbd_conf.o
                0x08009488                USBD_static_free
 .text.SystemClockConfig_Resume
                0x0800949c        0xc ./USB_DEVICE/Target/usbd_conf.o
 .text.memset   0x080094a8       0x10 C:/ST/STM32CubeIDE_1.16.1/STM32CubeIDE/plugins/com.st.stm32cube.ide.mcu.externaltools.gnu-tools-for-stm32.12.3.rel1.win32_1.0.200.202406191623/tools/bin/../lib/gcc/arm-none-eabi/12.3.1/../../../../arm-none-eabi/lib/thumb/v7e-m+fp/hard\libc_nano.a(libc_a-memset.o)
                0x080094a8                memset
 .text.__libc_init_array
                0x080094b8       0x48 C:/ST/STM32CubeIDE_1.16.1/STM32CubeIDE/plugins/com.st.stm32cube.ide.mcu.externaltools.gnu-tools-for-stm32.12.3.rel1.win32_1.0.200.202406191623/tools/bin/../lib/gcc/arm-none-eabi/12.3.1/../../../../arm-none-eabi/lib/thumb/v7e-m+fp/hard\libc_nano.a(libc_a-init.o)
                0x080094b8                __libc_init_array
 *(.glue_7)
 .glue_7        0x08009500        0x0 linker stubs
 *(.glue_7t)
 .glue_7t       0x08009500        0x0 linker stubs
 *(.eh_frame)
 .eh_frame      0x08009500        0x0 C:/ST/STM32CubeIDE_1.16.1/STM32CubeIDE/plugins/com.st.stm32cube.ide.mcu.externaltools.gnu-tools-for-stm32.12.3.rel1.win32_1.0.200.202406191623/tools/bin/../lib/gcc/arm-none-eabi/12.3.1/thumb/v7e-m+fp/hard/crtbegin.o
 *(.init)
 .init          0x08009500        0x4 C:/ST/STM32CubeIDE_1.16.1/STM32CubeIDE/plugins/com.st.stm32cube.ide.mcu.externaltools.gnu-tools-for-stm32.12.3.rel1.win32_1.0.200.202406191623/tools/bin/../lib/gcc/arm-none-eabi/12.3.1/thumb/v7e-m+fp/hard/crti.o
                0x08009500                _init
 .init          0x08009504        0x8 C:/ST/STM32CubeIDE_1.16.1/STM32CubeIDE/plugins/com.st.stm32cube.ide.mcu.externaltools.gnu-tools-for-stm32.12.3.rel1.win32_1.0.200.202406191623/tools/bin/../lib/gcc/arm-none-eabi/12.3.1/thumb/v7e-m+fp/hard/crtn.o
 *(.fini)
 .fini          0x0800950c        0x4 C:/ST/STM32CubeIDE_1.16.1/STM32CubeIDE/plugins/com.st.stm32cube.ide.mcu.externaltools.gnu-tools-for-stm32.12.3.rel1.win32_1.0.200.202406191623/tools/bin/../lib/gcc/arm-none-eabi/12.3.1/thumb/v7e-m+fp/hard/crti.o
                0x0800950c                _fini
 .fini          0x08009510        0x8 C:/ST/STM32CubeIDE_1.16.1/STM32CubeIDE/plugins/com.st.stm32cube.ide.mcu.externaltools.gnu-tools-for-stm32.12.3.rel1.win32_1.0.200.202406191623/tools/bin/../lib/gcc/arm-none-eabi/12.3.1/thumb/v7e-m+fp/hard/crtn.o
                0x08009518                        . = ALIGN (0x4)
                0x08009518                        _etext = .

.vfp11_veneer   0x08009518        0x0
 .vfp11_veneer  0x08009518        0x0 linker stubs

.v4_bx          0x08009518        0x0
 .v4_bx         0x08009518        0x0 linker stubs

.iplt           0x08009518        0x0
 .iplt          0x08009518        0x0 C:/ST/STM32CubeIDE_1.16.1/STM32CubeIDE/plugins/com.st.stm32cube.ide.mcu.externaltools.gnu-tools-for-stm32.12.3.rel1.win32_1.0.200.202406191623/tools/bin/../lib/gcc/arm-none-eabi/12.3.1/thumb/v7e-m+fp/hard/crtbegin.o

.rodata         0x08009518       0x90
                0x08009518                        . = ALIGN (0x4)
 *(.rodata)
 .rodata        0x08009518       0x46 ./USB_DEVICE/App/usbd_desc.o
 *(.rodata*)
 *fill*         0x0800955e        0x2 
 .rodata.AHBPrescTable
                0x08009560       0x10 ./Core/Src/system_stm32l4xx.o
                0x08009560                AHBPrescTable
 .rodata.APBPrescTable
                0x08009570        0x8 ./Core/Src/system_stm32l4xx.o
                0x08009570                APBPrescTable
 .rodata.MSIRangeTable
                0x08009578       0x30 ./Core/Src/system_stm32l4xx.o
                0x08009578                MSIRangeTable
                0x080095a8                        . = ALIGN (0x4)

.ARM.extab      0x080095a8        0x0
                0x080095a8                        . = ALIGN (0x4)
 *(.ARM.extab* .gnu.linkonce.armextab.*)
                0x080095a8                        . = ALIGN (0x4)

.ARM            0x080095a8        0x8
                0x080095a8                        . = ALIGN (0x4)
                0x080095a8                        __exidx_start = .
 *(.ARM.exidx*)
 .ARM.exidx     0x080095a8        0x8 C:/ST/STM32CubeIDE_1.16.1/STM32CubeIDE/plugins/com.st.stm32cube.ide.mcu.externaltools.gnu-tools-for-stm32.12.3.rel1.win32_1.0.200.202406191623/tools/bin/../lib/gcc/arm-none-eabi/12.3.1/thumb/v7e-m+fp/hard\libgcc.a(_udivmoddi4.o)
                0x080095b0                        __exidx_end = .
                0x080095b0                        . = ALIGN (0x4)

.preinit_array  0x080095b0        0x0
                0x080095b0                        . = ALIGN (0x4)
                0x080095b0                        PROVIDE (__preinit_array_start = .)
 *(.preinit_array*)
                0x080095b0                        PROVIDE (__preinit_array_end = .)
                0x080095b0                        . = ALIGN (0x4)

.init_array     0x080095b0        0x4
                0x080095b0                        . = ALIGN (0x4)
                0x080095b0                        PROVIDE (__init_array_start = .)
 *(SORT_BY_NAME(.init_array.*))
 *(.init_array*)
 .init_array    0x080095b0        0x4 C:/ST/STM32CubeIDE_1.16.1/STM32CubeIDE/plugins/com.st.stm32cube.ide.mcu.externaltools.gnu-tools-for-stm32.12.3.rel1.win32_1.0.200.202406191623/tools/bin/../lib/gcc/arm-none-eabi/12.3.1/thumb/v7e-m+fp/hard/crtbegin.o
                0x080095b4                        PROVIDE (__init_array_end = .)
                0x080095b4                        . = ALIGN (0x4)

.fini_array     0x080095b4        0x4
                0x080095b4                        . = ALIGN (0x4)
                [!provide]                        PROVIDE (__fini_array_start = .)
 *(SORT_BY_NAME(.fini_array.*))
 *(.fini_array*)
 .fini_array    0x080095b4        0x4 C:/ST/STM32CubeIDE_1.16.1/STM32CubeIDE/plugins/com.st.stm32cube.ide.mcu.externaltools.gnu-tools-for-stm32.12.3.rel1.win32_1.0.200.202406191623/tools/bin/../lib/gcc/arm-none-eabi/12.3.1/thumb/v7e-m+fp/hard/crtbegin.o
                [!provide]                        PROVIDE (__fini_array_end = .)
                0x080095b8                        . = ALIGN (0x4)
                0x080095b8                        _sidata = LOADADDR (.data)

.rel.dyn        0x080095b8        0x0
 .rel.iplt      0x080095b8        0x0 C:/ST/STM32CubeIDE_1.16.1/STM32CubeIDE/plugins/com.st.stm32cube.ide.mcu.externaltools.gnu-tools-for-stm32.12.3.rel1.win32_1.0.200.202406191623/tools/bin/../lib/gcc/arm-none-eabi/12.3.1/thumb/v7e-m+fp/hard/crtbegin.o

.data           0x20000000      0x10c load address 0x080095b8
                0x20000000                        . = ALIGN (0x4)
                0x20000000                        _sdata = .
 *(.data)
 *(.data*)
 .data.SystemCoreClock
                0x20000000        0x4 ./Core/Src/system_stm32l4xx.o
                0x20000000                SystemCoreClock
 .data.uwTickPrio
                0x20000004        0x4 ./Drivers/STM32L4xx_HAL_Driver/Src/stm32l4xx_hal.o
                0x20000004                uwTickPrio
 .data.uwTickFreq
                0x20000008        0x1 ./Drivers/STM32L4xx_HAL_Driver/Src/stm32l4xx_hal.o
                0x20000008                uwTickFreq
 *fill*         0x20000009        0x3 
 .data.USBD_CDC_DeviceQualifierDesc
                0x2000000c        0xa ./Middlewares/ST/STM32_USB_Device_Library/Class/CDC/Src/usbd_cdc.o
 *fill*         0x20000016        0x2 
 .data.USBD_CDC
                0x20000018       0x38 ./Middlewares/ST/STM32_USB_Device_Library/Class/CDC/Src/usbd_cdc.o
                0x20000018                USBD_CDC
 .data.USBD_CDC_CfgDesc
                0x20000050       0x43 ./Middlewares/ST/STM32_USB_Device_Library/Class/CDC/Src/usbd_cdc.o
 .data.CDCInEpAdd
                0x20000093        0x1 ./Middlewares/ST/STM32_USB_Device_Library/Class/CDC/Src/usbd_cdc.o
 .data.CDCOutEpAdd
                0x20000094        0x1 ./Middlewares/ST/STM32_USB_Device_Library/Class/CDC/Src/usbd_cdc.o
 .data.CDCCmdEpAdd
                0x20000095        0x1 ./Middlewares/ST/STM32_USB_Device_Library/Class/CDC/Src/usbd_cdc.o
 *fill*         0x20000096        0x2 
 .data.USBD_Interface_fops_FS
                0x20000098       0x14 ./USB_DEVICE/App/usbd_cdc_if.o
                0x20000098                USBD_Interface_fops_FS
 .data.FS_Desc  0x200000ac       0x20 ./USB_DEVICE/App/usbd_desc.o
                0x200000ac                FS_Desc
 .data.USBD_FS_DeviceDesc
                0x200000cc       0x12 ./USB_DEVICE/App/usbd_desc.o
                0x200000cc                USBD_FS_DeviceDesc
 *fill*         0x200000de        0x2 
 .data.USBD_FS_BOSDesc
                0x200000e0        0xc ./USB_DEVICE/App/usbd_desc.o
                0x200000e0                USBD_FS_BOSDesc
 .data.USBD_LangIDDesc
                0x200000ec        0x4 ./USB_DEVICE/App/usbd_desc.o
                0x200000ec                USBD_LangIDDesc
 .data.USBD_StringSerial
                0x200000f0       0x1a ./USB_DEVICE/App/usbd_desc.o
                0x200000f0                USBD_StringSerial
 *(.RamFunc)
 *(.RamFunc*)
                0x2000010c                        . = ALIGN (0x4)
 *fill*         0x2000010a        0x2 
                0x2000010c                        _edata = .

.igot.plt       0x2000010c        0x0 load address 0x080096c4
 .igot.plt      0x2000010c        0x0 C:/ST/STM32CubeIDE_1.16.1/STM32CubeIDE/plugins/com.st.stm32cube.ide.mcu.externaltools.gnu-tools-for-stm32.12.3.rel1.win32_1.0.200.202406191623/tools/bin/../lib/gcc/arm-none-eabi/12.3.1/thumb/v7e-m+fp/hard/crtbegin.o
                0x2000010c                        . = ALIGN (0x4)

.bss            0x2000010c     0x1e70 load address 0x080096c4
                0x2000010c                        _sbss = .
                0x2000010c                        __bss_start__ = _sbss
 *(.bss)
 .bss           0x2000010c       0x1c C:/ST/STM32CubeIDE_1.16.1/STM32CubeIDE/plugins/com.st.stm32cube.ide.mcu.externaltools.gnu-tools-for-stm32.12.3.rel1.win32_1.0.200.202406191623/tools/bin/../lib/gcc/arm-none-eabi/12.3.1/thumb/v7e-m+fp/hard/crtbegin.o
 *(.bss*)
 .bss.hdfsdm1_channel1
                0x20000128       0x38 ./Core/Src/main.o
                0x20000128                hdfsdm1_channel1
 .bss.hi2c2     0x20000160       0x54 ./Core/Src/main.o
                0x20000160                hi2c2
 .bss.hqspi     0x200001b4       0x44 ./Core/Src/main.o
                0x200001b4                hqspi
 .bss.hspi3     0x200001f8       0x64 ./Core/Src/main.o
                0x200001f8                hspi3
 .bss.huart1    0x2000025c       0x88 ./Core/Src/main.o
                0x2000025c                huart1
 .bss.huart3    0x200002e4       0x88 ./Core/Src/main.o
                0x200002e4                huart3
 .bss.DFSDM1_Init
                0x2000036c        0x4 ./Core/Src/stm32l4xx_hal_msp.o
 .bss.uwTick    0x20000370        0x4 ./Drivers/STM32L4xx_HAL_Driver/Src/stm32l4xx_hal.o
                0x20000370                uwTick
 .bss.v_dfsdm1ChannelCounter
                0x20000374        0x4 ./Drivers/STM32L4xx_HAL_Driver/Src/stm32l4xx_hal_dfsdm.o
 .bss.a_dfsdm1ChannelHandle
                0x20000378       0x20 ./Drivers/STM32L4xx_HAL_Driver/Src/stm32l4xx_hal_dfsdm.o
 .bss.cfgidx.0  0x20000398        0x1 ./Middlewares/ST/STM32_USB_Device_Library/Core/Src/usbd_ctlreq.o
 *fill*         0x20000399        0x3 
 .bss.hUsbDeviceFS
                0x2000039c      0x2dc ./USB_DEVICE/App/usb_device.o
                0x2000039c                hUsbDeviceFS
 .bss.UserRxBufferFS
                0x20000678      0x800 ./USB_DEVICE/App/usbd_cdc_if.o
                0x20000678                UserRxBufferFS
 .bss.UserTxBufferFS
                0x20000e78      0x800 ./USB_DEVICE/App/usbd_cdc_if.o
                0x20000e78                UserTxBufferFS
 .bss.USBD_StrDesc
                0x20001678      0x200 ./USB_DEVICE/App/usbd_desc.o
                0x20001678                USBD_StrDesc
 .bss.hpcd_USB_OTG_FS
                0x20001878      0x4e4 ./USB_DEVICE/Target/usbd_conf.o
                0x20001878                hpcd_USB_OTG_FS
 .bss.mem.0     0x20001d5c      0x220 ./USB_DEVICE/Target/usbd_conf.o
 *(COMMON)
                0x20001f7c                        . = ALIGN (0x4)
                0x20001f7c                        _ebss = .
                0x20001f7c                        __bss_end__ = _ebss

._user_heap_stack
                0x20001f7c      0x604 load address 0x080096c4
                0x20001f80                        . = ALIGN (0x8)
 *fill*         0x20001f7c        0x4 
                [!provide]                        PROVIDE (end = .)
                0x20001f80                        PROVIDE (_end = .)
                0x20002180                        . = (. + _Min_Heap_Size)
 *fill*         0x20001f80      0x200 
                0x20002580                        . = (. + _Min_Stack_Size)
 *fill*         0x20002180      0x400 
                0x20002580                        . = ALIGN (0x8)

/DISCARD/
 libc.a(*)
 libm.a(*)
 libgcc.a(*)

.ARM.attributes
                0x00000000       0x30
 *(.ARM.attributes)
 .ARM.attributes
                0x00000000       0x22 C:/ST/STM32CubeIDE_1.16.1/STM32CubeIDE/plugins/com.st.stm32cube.ide.mcu.externaltools.gnu-tools-for-stm32.12.3.rel1.win32_1.0.200.202406191623/tools/bin/../lib/gcc/arm-none-eabi/12.3.1/thumb/v7e-m+fp/hard/crti.o
 .ARM.attributes
                0x00000022       0x34 C:/ST/STM32CubeIDE_1.16.1/STM32CubeIDE/plugins/com.st.stm32cube.ide.mcu.externaltools.gnu-tools-for-stm32.12.3.rel1.win32_1.0.200.202406191623/tools/bin/../lib/gcc/arm-none-eabi/12.3.1/thumb/v7e-m+fp/hard/crtbegin.o
 .ARM.attributes
                0x00000056       0x34 ./Core/Src/main.o
 .ARM.attributes
                0x0000008a       0x34 ./Core/Src/stm32l4xx_hal_msp.o
 .ARM.attributes
                0x000000be       0x34 ./Core/Src/stm32l4xx_it.o
 .ARM.attributes
                0x000000f2       0x34 ./Core/Src/system_stm32l4xx.o
 .ARM.attributes
                0x00000126       0x21 ./Core/Startup/startup_stm32l475vgtx.o
 .ARM.attributes
                0x00000147       0x34 ./Drivers/STM32L4xx_HAL_Driver/Src/stm32l4xx_hal.o
 .ARM.attributes
                0x0000017b       0x34 ./Drivers/STM32L4xx_HAL_Driver/Src/stm32l4xx_hal_cortex.o
 .ARM.attributes
                0x000001af       0x34 ./Drivers/STM32L4xx_HAL_Driver/Src/stm32l4xx_hal_dfsdm.o
 .ARM.attributes
                0x000001e3       0x34 ./Drivers/STM32L4xx_HAL_Driver/Src/stm32l4xx_hal_gpio.o
 .ARM.attributes
                0x00000217       0x34 ./Drivers/STM32L4xx_HAL_Driver/Src/stm32l4xx_hal_i2c.o
 .ARM.attributes
                0x0000024b       0x34 ./Drivers/STM32L4xx_HAL_Driver/Src/stm32l4xx_hal_i2c_ex.o
 .ARM.attributes
                0x0000027f       0x34 ./Drivers/STM32L4xx_HAL_Driver/Src/stm32l4xx_hal_pcd.o
 .ARM.attributes
                0x000002b3       0x34 ./Drivers/STM32L4xx_HAL_Driver/Src/stm32l4xx_hal_pcd_ex.o
 .ARM.attributes
                0x000002e7       0x34 ./Drivers/STM32L4xx_HAL_Driver/Src/stm32l4xx_hal_pwr.o
 .ARM.attributes
                0x0000031b       0x34 ./Drivers/STM32L4xx_HAL_Driver/Src/stm32l4xx_hal_pwr_ex.o
 .ARM.attributes
                0x0000034f       0x34 ./Drivers/STM32L4xx_HAL_Driver/Src/stm32l4xx_hal_qspi.o
 .ARM.attributes
                0x00000383       0x34 ./Drivers/STM32L4xx_HAL_Driver/Src/stm32l4xx_hal_rcc.o
 .ARM.attributes
                0x000003b7       0x34 ./Drivers/STM32L4xx_HAL_Driver/Src/stm32l4xx_hal_rcc_ex.o
 .ARM.attributes
                0x000003eb       0x34 ./Drivers/STM32L4xx_HAL_Driver/Src/stm32l4xx_hal_spi.o
 .ARM.attributes
                0x0000041f       0x34 ./Drivers/STM32L4xx_HAL_Driver/Src/stm32l4xx_hal_uart.o
 .ARM.attributes
                0x00000453       0x34 ./Drivers/STM32L4xx_HAL_Driver/Src/stm32l4xx_ll_usb.o
 .ARM.attributes
                0x00000487       0x34 ./Middlewares/ST/STM32_USB_Device_Library/Class/CDC/Src/usbd_cdc.o
 .ARM.attributes
                0x000004bb       0x34 ./Middlewares/ST/STM32_USB_Device_Library/Core/Src/usbd_core.o
 .ARM.attributes
                0x000004ef       0x34 ./Middlewares/ST/STM32_USB_Device_Library/Core/Src/usbd_ctlreq.o
 .ARM.attributes
                0x00000523       0x34 ./Middlewares/ST/STM32_USB_Device_Library/Core/Src/usbd_ioreq.o
 .ARM.attributes
                0x00000557       0x34 ./USB_DEVICE/App/usb_device.o
 .ARM.attributes
                0x0000058b       0x34 ./USB_DEVICE/App/usbd_cdc_if.o
 .ARM.attributes
                0x000005bf       0x34 ./USB_DEVICE/App/usbd_desc.o
 .ARM.attributes
                0x000005f3       0x34 ./USB_DEVICE/Target/usbd_conf.o
 .ARM.attributes
                0x00000627       0x34 C:/ST/STM32CubeIDE_1.16.1/STM32CubeIDE/plugins/com.st.stm32cube.ide.mcu.externaltools.gnu-tools-for-stm32.12.3.rel1.win32_1.0.200.202406191623/tools/bin/../lib/gcc/arm-none-eabi/12.3.1/../../../../arm-none-eabi/lib/thumb/v7e-m+fp/hard\libc_nano.a(libc_a-memset.o)
 .ARM.attributes
                0x0000065b       0x34 C:/ST/STM32CubeIDE_1.16.1/STM32CubeIDE/plugins/com.st.stm32cube.ide.mcu.externaltools.gnu-tools-for-stm32.12.3.rel1.win32_1.0.200.202406191623/tools/bin/../lib/gcc/arm-none-eabi/12.3.1/../../../../arm-none-eabi/lib/thumb/v7e-m+fp/hard\libc_nano.a(libc_a-init.o)
 .ARM.attributes
                0x0000068f       0x22 C:/ST/STM32CubeIDE_1.16.1/STM32CubeIDE/plugins/com.st.stm32cube.ide.mcu.externaltools.gnu-tools-for-stm32.12.3.rel1.win32_1.0.200.202406191623/tools/bin/../lib/gcc/arm-none-eabi/12.3.1/thumb/v7e-m+fp/hard\libgcc.a(_aeabi_uldivmod.o)
 .ARM.attributes
                0x000006b1       0x34 C:/ST/STM32CubeIDE_1.16.1/STM32CubeIDE/plugins/com.st.stm32cube.ide.mcu.externaltools.gnu-tools-for-stm32.12.3.rel1.win32_1.0.200.202406191623/tools/bin/../lib/gcc/arm-none-eabi/12.3.1/thumb/v7e-m+fp/hard\libgcc.a(_udivmoddi4.o)
 .ARM.attributes
                0x000006e5       0x22 C:/ST/STM32CubeIDE_1.16.1/STM32CubeIDE/plugins/com.st.stm32cube.ide.mcu.externaltools.gnu-tools-for-stm32.12.3.rel1.win32_1.0.200.202406191623/tools/bin/../lib/gcc/arm-none-eabi/12.3.1/thumb/v7e-m+fp/hard\libgcc.a(_dvmd_tls.o)
 .ARM.attributes
                0x00000707       0x22 C:/ST/STM32CubeIDE_1.16.1/STM32CubeIDE/plugins/com.st.stm32cube.ide.mcu.externaltools.gnu-tools-for-stm32.12.3.rel1.win32_1.0.200.202406191623/tools/bin/../lib/gcc/arm-none-eabi/12.3.1/thumb/v7e-m+fp/hard/crtn.o
OUTPUT(test_mems.elf elf32-littlearm)
LOAD linker stubs
LOAD C:/ST/STM32CubeIDE_1.16.1/STM32CubeIDE/plugins/com.st.stm32cube.ide.mcu.externaltools.gnu-tools-for-stm32.12.3.rel1.win32_1.0.200.202406191623/tools/bin/../lib/gcc/arm-none-eabi/12.3.1/../../../../arm-none-eabi/lib/thumb/v7e-m+fp/hard\libc.a
LOAD C:/ST/STM32CubeIDE_1.16.1/STM32CubeIDE/plugins/com.st.stm32cube.ide.mcu.externaltools.gnu-tools-for-stm32.12.3.rel1.win32_1.0.200.202406191623/tools/bin/../lib/gcc/arm-none-eabi/12.3.1/../../../../arm-none-eabi/lib/thumb/v7e-m+fp/hard\libm.a
LOAD C:/ST/STM32CubeIDE_1.16.1/STM32CubeIDE/plugins/com.st.stm32cube.ide.mcu.externaltools.gnu-tools-for-stm32.12.3.rel1.win32_1.0.200.202406191623/tools/bin/../lib/gcc/arm-none-eabi/12.3.1/thumb/v7e-m+fp/hard\libgcc.a

.debug_info     0x00000000    0x1d430
 .debug_info    0x00000000     0x1b03 ./Core/Src/main.o
 .debug_info    0x00001b03     0x198d ./Core/Src/stm32l4xx_hal_msp.o
 .debug_info    0x00003490      0x6d2 ./Core/Src/stm32l4xx_it.o
 .debug_info    0x00003b62      0x5b1 ./Core/Src/system_stm32l4xx.o
 .debug_info    0x00004113       0x30 ./Core/Startup/startup_stm32l475vgtx.o
 .debug_info    0x00004143      0xae5 ./Drivers/STM32L4xx_HAL_Driver/Src/stm32l4xx_hal.o
 .debug_info    0x00004c28      0xd7b ./Drivers/STM32L4xx_HAL_Driver/Src/stm32l4xx_hal_cortex.o
 .debug_info    0x000059a3     0x1a51 ./Drivers/STM32L4xx_HAL_Driver/Src/stm32l4xx_hal_dfsdm.o
 .debug_info    0x000073f4      0x757 ./Drivers/STM32L4xx_HAL_Driver/Src/stm32l4xx_hal_gpio.o
 .debug_info    0x00007b4b     0x20d2 ./Drivers/STM32L4xx_HAL_Driver/Src/stm32l4xx_hal_i2c.o
 .debug_info    0x00009c1d      0x975 ./Drivers/STM32L4xx_HAL_Driver/Src/stm32l4xx_hal_i2c_ex.o
 .debug_info    0x0000a592     0x14d6 ./Drivers/STM32L4xx_HAL_Driver/Src/stm32l4xx_hal_pcd.o
 .debug_info    0x0000ba68      0x8a0 ./Drivers/STM32L4xx_HAL_Driver/Src/stm32l4xx_hal_pcd_ex.o
 .debug_info    0x0000c308      0x91e ./Drivers/STM32L4xx_HAL_Driver/Src/stm32l4xx_hal_pwr.o
 .debug_info    0x0000cc26      0x97a ./Drivers/STM32L4xx_HAL_Driver/Src/stm32l4xx_hal_pwr_ex.o
 .debug_info    0x0000d5a0     0x115d ./Drivers/STM32L4xx_HAL_Driver/Src/stm32l4xx_hal_qspi.o
 .debug_info    0x0000e6fd      0xc14 ./Drivers/STM32L4xx_HAL_Driver/Src/stm32l4xx_hal_rcc.o
 .debug_info    0x0000f311      0xe11 ./Drivers/STM32L4xx_HAL_Driver/Src/stm32l4xx_hal_rcc_ex.o
 .debug_info    0x00010122     0x1549 ./Drivers/STM32L4xx_HAL_Driver/Src/stm32l4xx_hal_spi.o
 .debug_info    0x0001166b     0x3b69 ./Drivers/STM32L4xx_HAL_Driver/Src/stm32l4xx_hal_uart.o
 .debug_info    0x000151d4     0x1994 ./Drivers/STM32L4xx_HAL_Driver/Src/stm32l4xx_ll_usb.o
 .debug_info    0x00016b68     0x1338 ./Middlewares/ST/STM32_USB_Device_Library/Class/CDC/Src/usbd_cdc.o
 .debug_info    0x00017ea0      0xe12 ./Middlewares/ST/STM32_USB_Device_Library/Core/Src/usbd_core.o
 .debug_info    0x00018cb2      0xaeb ./Middlewares/ST/STM32_USB_Device_Library/Core/Src/usbd_ctlreq.o
 .debug_info    0x0001979d      0x762 ./Middlewares/ST/STM32_USB_Device_Library/Core/Src/usbd_ioreq.o
 .debug_info    0x00019eff      0x70e ./USB_DEVICE/App/usb_device.o
 .debug_info    0x0001a60d      0x907 ./USB_DEVICE/App/usbd_cdc_if.o
 .debug_info    0x0001af14      0x4ba ./USB_DEVICE/App/usbd_desc.o
 .debug_info    0x0001b3ce     0x2062 ./USB_DEVICE/Target/usbd_conf.o

.debug_abbrev   0x00000000     0x40eb
 .debug_abbrev  0x00000000      0x2c2 ./Core/Src/main.o
 .debug_abbrev  0x000002c2      0x21e ./Core/Src/stm32l4xx_hal_msp.o
 .debug_abbrev  0x000004e0      0x1a4 ./Core/Src/stm32l4xx_it.o
 .debug_abbrev  0x00000684      0x11a ./Core/Src/system_stm32l4xx.o
 .debug_abbrev  0x0000079e       0x24 ./Core/Startup/startup_stm32l475vgtx.o
 .debug_abbrev  0x000007c2      0x242 ./Drivers/STM32L4xx_HAL_Driver/Src/stm32l4xx_hal.o
 .debug_abbrev  0x00000a04      0x31c ./Drivers/STM32L4xx_HAL_Driver/Src/stm32l4xx_hal_cortex.o
 .debug_abbrev  0x00000d20      0x27e ./Drivers/STM32L4xx_HAL_Driver/Src/stm32l4xx_hal_dfsdm.o
 .debug_abbrev  0x00000f9e      0x1cb ./Drivers/STM32L4xx_HAL_Driver/Src/stm32l4xx_hal_gpio.o
 .debug_abbrev  0x00001169      0x261 ./Drivers/STM32L4xx_HAL_Driver/Src/stm32l4xx_hal_i2c.o
 .debug_abbrev  0x000013ca      0x1c3 ./Drivers/STM32L4xx_HAL_Driver/Src/stm32l4xx_hal_i2c_ex.o
 .debug_abbrev  0x0000158d      0x2da ./Drivers/STM32L4xx_HAL_Driver/Src/stm32l4xx_hal_pcd.o
 .debug_abbrev  0x00001867      0x256 ./Drivers/STM32L4xx_HAL_Driver/Src/stm32l4xx_hal_pcd_ex.o
 .debug_abbrev  0x00001abd      0x1d4 ./Drivers/STM32L4xx_HAL_Driver/Src/stm32l4xx_hal_pwr.o
 .debug_abbrev  0x00001c91      0x1f9 ./Drivers/STM32L4xx_HAL_Driver/Src/stm32l4xx_hal_pwr_ex.o
 .debug_abbrev  0x00001e8a      0x250 ./Drivers/STM32L4xx_HAL_Driver/Src/stm32l4xx_hal_qspi.o
 .debug_abbrev  0x000020da      0x2cb ./Drivers/STM32L4xx_HAL_Driver/Src/stm32l4xx_hal_rcc.o
 .debug_abbrev  0x000023a5      0x2a6 ./Drivers/STM32L4xx_HAL_Driver/Src/stm32l4xx_hal_rcc_ex.o
 .debug_abbrev  0x0000264b      0x260 ./Drivers/STM32L4xx_HAL_Driver/Src/stm32l4xx_hal_spi.o
 .debug_abbrev  0x000028ab      0x2d0 ./Drivers/STM32L4xx_HAL_Driver/Src/stm32l4xx_hal_uart.o
 .debug_abbrev  0x00002b7b      0x2b1 ./Drivers/STM32L4xx_HAL_Driver/Src/stm32l4xx_ll_usb.o
 .debug_abbrev  0x00002e2c      0x2d1 ./Middlewares/ST/STM32_USB_Device_Library/Class/CDC/Src/usbd_cdc.o
 .debug_abbrev  0x000030fd      0x27c ./Middlewares/ST/STM32_USB_Device_Library/Core/Src/usbd_core.o
 .debug_abbrev  0x00003379      0x26f ./Middlewares/ST/STM32_USB_Device_Library/Core/Src/usbd_ctlreq.o
 .debug_abbrev  0x000035e8      0x19a ./Middlewares/ST/STM32_USB_Device_Library/Core/Src/usbd_ioreq.o
 .debug_abbrev  0x00003782      0x195 ./USB_DEVICE/App/usb_device.o
 .debug_abbrev  0x00003917      0x29d ./USB_DEVICE/App/usbd_cdc_if.o
 .debug_abbrev  0x00003bb4      0x1e3 ./USB_DEVICE/App/usbd_desc.o
 .debug_abbrev  0x00003d97      0x354 ./USB_DEVICE/Target/usbd_conf.o

.debug_aranges  0x00000000     0x1980
 .debug_aranges
                0x00000000       0x68 ./Core/Src/main.o
 .debug_aranges
                0x00000068       0x70 ./Core/Src/stm32l4xx_hal_msp.o
 .debug_aranges
                0x000000d8       0x78 ./Core/Src/stm32l4xx_it.o
 .debug_aranges
                0x00000150       0x28 ./Core/Src/system_stm32l4xx.o
 .debug_aranges
                0x00000178       0x28 ./Core/Startup/startup_stm32l475vgtx.o
 .debug_aranges
                0x000001a0      0x130 ./Drivers/STM32L4xx_HAL_Driver/Src/stm32l4xx_hal.o
 .debug_aranges
                0x000002d0      0x128 ./Drivers/STM32L4xx_HAL_Driver/Src/stm32l4xx_hal_cortex.o
 .debug_aranges
                0x000003f8      0x248 ./Drivers/STM32L4xx_HAL_Driver/Src/stm32l4xx_hal_dfsdm.o
 .debug_aranges
                0x00000640       0x58 ./Drivers/STM32L4xx_HAL_Driver/Src/stm32l4xx_hal_gpio.o
 .debug_aranges
                0x00000698      0x2a0 ./Drivers/STM32L4xx_HAL_Driver/Src/stm32l4xx_hal_i2c.o
 .debug_aranges
                0x00000938       0x48 ./Drivers/STM32L4xx_HAL_Driver/Src/stm32l4xx_hal_i2c_ex.o
 .debug_aranges
                0x00000980      0x138 ./Drivers/STM32L4xx_HAL_Driver/Src/stm32l4xx_hal_pcd.o
 .debug_aranges
                0x00000ab8       0x60 ./Drivers/STM32L4xx_HAL_Driver/Src/stm32l4xx_hal_pcd_ex.o
 .debug_aranges
                0x00000b18       0x98 ./Drivers/STM32L4xx_HAL_Driver/Src/stm32l4xx_hal_pwr.o
 .debug_aranges
                0x00000bb0      0x150 ./Drivers/STM32L4xx_HAL_Driver/Src/stm32l4xx_hal_pwr_ex.o
 .debug_aranges
                0x00000d00      0x160 ./Drivers/STM32L4xx_HAL_Driver/Src/stm32l4xx_hal_qspi.o
 .debug_aranges
                0x00000e60       0x90 ./Drivers/STM32L4xx_HAL_Driver/Src/stm32l4xx_hal_rcc.o
 .debug_aranges
                0x00000ef0       0xc0 ./Drivers/STM32L4xx_HAL_Driver/Src/stm32l4xx_hal_rcc_ex.o
 .debug_aranges
                0x00000fb0      0x1d8 ./Drivers/STM32L4xx_HAL_Driver/Src/stm32l4xx_hal_spi.o
 .debug_aranges
                0x00001188      0x228 ./Drivers/STM32L4xx_HAL_Driver/Src/stm32l4xx_hal_uart.o
 .debug_aranges
                0x000013b0      0x1a0 ./Drivers/STM32L4xx_HAL_Driver/Src/stm32l4xx_ll_usb.o
 .debug_aranges
                0x00001550       0x90 ./Middlewares/ST/STM32_USB_Device_Library/Class/CDC/Src/usbd_cdc.o
 .debug_aranges
                0x000015e0       0xd8 ./Middlewares/ST/STM32_USB_Device_Library/Core/Src/usbd_core.o
 .debug_aranges
                0x000016b8       0x90 ./Middlewares/ST/STM32_USB_Device_Library/Core/Src/usbd_ctlreq.o
 .debug_aranges
                0x00001748       0x50 ./Middlewares/ST/STM32_USB_Device_Library/Core/Src/usbd_ioreq.o
 .debug_aranges
                0x00001798       0x20 ./USB_DEVICE/App/usb_device.o
 .debug_aranges
                0x000017b8       0x48 ./USB_DEVICE/App/usbd_cdc_if.o
 .debug_aranges
                0x00001800       0x68 ./USB_DEVICE/App/usbd_desc.o
 .debug_aranges
                0x00001868      0x118 ./USB_DEVICE/Target/usbd_conf.o

.debug_rnglists
                0x00000000     0x139e
 .debug_rnglists
                0x00000000       0x4b ./Core/Src/main.o
 .debug_rnglists
                0x0000004b       0x54 ./Core/Src/stm32l4xx_hal_msp.o
 .debug_rnglists
                0x0000009f       0x55 ./Core/Src/stm32l4xx_it.o
 .debug_rnglists
                0x000000f4       0x1a ./Core/Src/system_stm32l4xx.o
 .debug_rnglists
                0x0000010e       0x19 ./Core/Startup/startup_stm32l475vgtx.o
 .debug_rnglists
                0x00000127       0xdf ./Drivers/STM32L4xx_HAL_Driver/Src/stm32l4xx_hal.o
 .debug_rnglists
                0x00000206       0xda ./Drivers/STM32L4xx_HAL_Driver/Src/stm32l4xx_hal_cortex.o
 .debug_rnglists
                0x000002e0      0x1c7 ./Drivers/STM32L4xx_HAL_Driver/Src/stm32l4xx_hal_dfsdm.o
 .debug_rnglists
                0x000004a7       0x3f ./Drivers/STM32L4xx_HAL_Driver/Src/stm32l4xx_hal_gpio.o
 .debug_rnglists
                0x000004e6      0x228 ./Drivers/STM32L4xx_HAL_Driver/Src/stm32l4xx_hal_i2c.o
 .debug_rnglists
                0x0000070e       0x35 ./Drivers/STM32L4xx_HAL_Driver/Src/stm32l4xx_hal_i2c_ex.o
 .debug_rnglists
                0x00000743       0xed ./Drivers/STM32L4xx_HAL_Driver/Src/stm32l4xx_hal_pcd.o
 .debug_rnglists
                0x00000830       0x45 ./Drivers/STM32L4xx_HAL_Driver/Src/stm32l4xx_hal_pcd_ex.o
 .debug_rnglists
                0x00000875       0x6e ./Drivers/STM32L4xx_HAL_Driver/Src/stm32l4xx_hal_pwr.o
 .debug_rnglists
                0x000008e3       0xfd ./Drivers/STM32L4xx_HAL_Driver/Src/stm32l4xx_hal_pwr_ex.o
 .debug_rnglists
                0x000009e0      0x113 ./Drivers/STM32L4xx_HAL_Driver/Src/stm32l4xx_hal_qspi.o
 .debug_rnglists
                0x00000af3       0x6d ./Drivers/STM32L4xx_HAL_Driver/Src/stm32l4xx_hal_rcc.o
 .debug_rnglists
                0x00000b60       0x95 ./Drivers/STM32L4xx_HAL_Driver/Src/stm32l4xx_hal_rcc_ex.o
 .debug_rnglists
                0x00000bf5      0x178 ./Drivers/STM32L4xx_HAL_Driver/Src/stm32l4xx_hal_spi.o
 .debug_rnglists
                0x00000d6d      0x1db ./Drivers/STM32L4xx_HAL_Driver/Src/stm32l4xx_hal_uart.o
 .debug_rnglists
                0x00000f48      0x146 ./Drivers/STM32L4xx_HAL_Driver/Src/stm32l4xx_ll_usb.o
 .debug_rnglists
                0x0000108e       0x6c ./Middlewares/ST/STM32_USB_Device_Library/Class/CDC/Src/usbd_cdc.o
 .debug_rnglists
                0x000010fa       0xa1 ./Middlewares/ST/STM32_USB_Device_Library/Core/Src/usbd_core.o
 .debug_rnglists
                0x0000119b       0x6e ./Middlewares/ST/STM32_USB_Device_Library/Core/Src/usbd_ctlreq.o
 .debug_rnglists
                0x00001209       0x37 ./Middlewares/ST/STM32_USB_Device_Library/Core/Src/usbd_ioreq.o
 .debug_rnglists
                0x00001240       0x13 ./USB_DEVICE/App/usb_device.o
 .debug_rnglists
                0x00001253       0x32 ./USB_DEVICE/App/usbd_cdc_if.o
 .debug_rnglists
                0x00001285       0x49 ./USB_DEVICE/App/usbd_desc.o
 .debug_rnglists
                0x000012ce       0xd0 ./USB_DEVICE/Target/usbd_conf.o

.debug_macro    0x00000000    0x2a70e
 .debug_macro   0x00000000      0x385 ./Core/Src/main.o
 .debug_macro   0x00000385      0xab4 ./Core/Src/main.o
 .debug_macro   0x00000e39      0x1bf ./Core/Src/main.o
 .debug_macro   0x00000ff8       0x2e ./Core/Src/main.o
 .debug_macro   0x00001026       0x28 ./Core/Src/main.o
 .debug_macro   0x0000104e       0x22 ./Core/Src/main.o
 .debug_macro   0x00001070       0x8e ./Core/Src/main.o
 .debug_macro   0x000010fe       0x51 ./Core/Src/main.o
 .debug_macro   0x0000114f      0x103 ./Core/Src/main.o
 .debug_macro   0x00001252       0x6a ./Core/Src/main.o
 .debug_macro   0x000012bc      0x1df ./Core/Src/main.o
 .debug_macro   0x0000149b       0x1c ./Core/Src/main.o
 .debug_macro   0x000014b7       0x22 ./Core/Src/main.o
 .debug_macro   0x000014d9       0xfb ./Core/Src/main.o
 .debug_macro   0x000015d4     0x1011 ./Core/Src/main.o
 .debug_macro   0x000025e5      0x11f ./Core/Src/main.o
 .debug_macro   0x00002704    0x19dc7 ./Core/Src/main.o
 .debug_macro   0x0001c4cb       0x6d ./Core/Src/main.o
 .debug_macro   0x0001c538     0x38fb ./Core/Src/main.o
 .debug_macro   0x0001fe33      0x189 ./Core/Src/main.o
 .debug_macro   0x0001ffbc       0x5c ./Core/Src/main.o
 .debug_macro   0x00020018     0x1558 ./Core/Src/main.o
 .debug_macro   0x00021570      0x5a5 ./Core/Src/main.o
 .debug_macro   0x00021b15      0x1b9 ./Core/Src/main.o
 .debug_macro   0x00021cce      0x17d ./Core/Src/main.o
 .debug_macro   0x00021e4b      0x26b ./Core/Src/main.o
 .debug_macro   0x000220b6      0x29c ./Core/Src/main.o
 .debug_macro   0x00022352      0x23d ./Core/Src/main.o
 .debug_macro   0x0002258f      0x241 ./Core/Src/main.o
 .debug_macro   0x000227d0      0x37c ./Core/Src/main.o
 .debug_macro   0x00022b4c       0xd6 ./Core/Src/main.o
 .debug_macro   0x00022c22      0x22c ./Core/Src/main.o
 .debug_macro   0x00022e4e       0x61 ./Core/Src/main.o
 .debug_macro   0x00022eaf       0xa5 ./Core/Src/main.o
 .debug_macro   0x00022f54      0x215 ./Core/Src/main.o
 .debug_macro   0x00023169       0x97 ./Core/Src/main.o
 .debug_macro   0x00023200      0x122 ./Core/Src/main.o
 .debug_macro   0x00023322      0x3e8 ./Core/Src/main.o
 .debug_macro   0x0002370a      0x2a3 ./Core/Src/main.o
 .debug_macro   0x000239ad      0x2fe ./Core/Src/main.o
 .debug_macro   0x00023cab      0x5cf ./Core/Src/main.o
 .debug_macro   0x0002427a       0x44 ./Core/Src/main.o
 .debug_macro   0x000242be      0x330 ./Core/Src/main.o
 .debug_macro   0x000245ee      0x427 ./Core/Src/main.o
 .debug_macro   0x00024a15       0x61 ./Core/Src/main.o
 .debug_macro   0x00024a76       0x2a ./Core/Src/main.o
 .debug_macro   0x00024aa0       0x43 ./Core/Src/main.o
 .debug_macro   0x00024ae3       0x34 ./Core/Src/main.o
 .debug_macro   0x00024b17       0x16 ./Core/Src/main.o
 .debug_macro   0x00024b2d       0x35 ./Core/Src/main.o
 .debug_macro   0x00024b62      0x369 ./Core/Src/main.o
 .debug_macro   0x00024ecb       0x10 ./Core/Src/main.o
 .debug_macro   0x00024edb       0x16 ./Core/Src/main.o
 .debug_macro   0x00024ef1       0x43 ./Core/Src/main.o
 .debug_macro   0x00024f34       0x34 ./Core/Src/main.o
 .debug_macro   0x00024f68       0x10 ./Core/Src/main.o
 .debug_macro   0x00024f78       0x58 ./Core/Src/main.o
 .debug_macro   0x00024fd0       0x8e ./Core/Src/main.o
 .debug_macro   0x0002505e       0x1c ./Core/Src/main.o
 .debug_macro   0x0002507a      0x177 ./Core/Src/main.o
 .debug_macro   0x000251f1       0x16 ./Core/Src/main.o
 .debug_macro   0x00025207       0x16 ./Core/Src/main.o
 .debug_macro   0x0002521d      0x146 ./Core/Src/main.o
 .debug_macro   0x00025363       0x16 ./Core/Src/main.o
 .debug_macro   0x00025379       0x16 ./Core/Src/main.o
 .debug_macro   0x0002538f       0x29 ./Core/Src/main.o
 .debug_macro   0x000253b8       0x16 ./Core/Src/main.o
 .debug_macro   0x000253ce       0x20 ./Core/Src/main.o
 .debug_macro   0x000253ee       0x5f ./Core/Src/main.o
 .debug_macro   0x0002544d      0x20f ./Core/Src/main.o
 .debug_macro   0x0002565c      0x221 ./Core/Src/stm32l4xx_hal_msp.o
 .debug_macro   0x0002587d      0x22b ./Core/Src/stm32l4xx_it.o
 .debug_macro   0x00025aa8      0x212 ./Core/Src/system_stm32l4xx.o
 .debug_macro   0x00025cba      0x260 ./Drivers/STM32L4xx_HAL_Driver/Src/stm32l4xx_hal.o
 .debug_macro   0x00025f1a      0x212 ./Drivers/STM32L4xx_HAL_Driver/Src/stm32l4xx_hal_cortex.o
 .debug_macro   0x0002612c      0x236 ./Drivers/STM32L4xx_HAL_Driver/Src/stm32l4xx_hal_dfsdm.o
 .debug_macro   0x00026362      0x219 ./Drivers/STM32L4xx_HAL_Driver/Src/stm32l4xx_hal_gpio.o
 .debug_macro   0x0002657b      0x2de ./Drivers/STM32L4xx_HAL_Driver/Src/stm32l4xx_hal_i2c.o
 .debug_macro   0x00026859      0x212 ./Drivers/STM32L4xx_HAL_Driver/Src/stm32l4xx_hal_i2c_ex.o
 .debug_macro   0x00026a6b      0x21e ./Drivers/STM32L4xx_HAL_Driver/Src/stm32l4xx_hal_pcd.o
 .debug_macro   0x00026c89      0x212 ./Drivers/STM32L4xx_HAL_Driver/Src/stm32l4xx_hal_pcd_ex.o
 .debug_macro   0x00026e9b      0x22a ./Drivers/STM32L4xx_HAL_Driver/Src/stm32l4xx_hal_pwr.o
 .debug_macro   0x000270c5      0x236 ./Drivers/STM32L4xx_HAL_Driver/Src/stm32l4xx_hal_pwr_ex.o
 .debug_macro   0x000272fb      0x236 ./Drivers/STM32L4xx_HAL_Driver/Src/stm32l4xx_hal_qspi.o
 .debug_macro   0x00027531      0x254 ./Drivers/STM32L4xx_HAL_Driver/Src/stm32l4xx_hal_rcc.o
 .debug_macro   0x00027785      0x248 ./Drivers/STM32L4xx_HAL_Driver/Src/stm32l4xx_hal_rcc_ex.o
 .debug_macro   0x000279cd      0x21a ./Drivers/STM32L4xx_HAL_Driver/Src/stm32l4xx_hal_spi.o
 .debug_macro   0x00027be7      0x23d ./Drivers/STM32L4xx_HAL_Driver/Src/stm32l4xx_hal_uart.o
 .debug_macro   0x00027e24      0x212 ./Drivers/STM32L4xx_HAL_Driver/Src/stm32l4xx_ll_usb.o
 .debug_macro   0x00028036      0x3b0 ./Middlewares/ST/STM32_USB_Device_Library/Class/CDC/Src/usbd_cdc.o
 .debug_macro   0x000283e6       0x9e ./Middlewares/ST/STM32_USB_Device_Library/Class/CDC/Src/usbd_cdc.o
 .debug_macro   0x00028484      0x10b ./Middlewares/ST/STM32_USB_Device_Library/Class/CDC/Src/usbd_cdc.o
 .debug_macro   0x0002858f       0x56 ./Middlewares/ST/STM32_USB_Device_Library/Class/CDC/Src/usbd_cdc.o
 .debug_macro   0x000285e5       0x95 ./Middlewares/ST/STM32_USB_Device_Library/Class/CDC/Src/usbd_cdc.o
 .debug_macro   0x0002867a      0x397 ./Middlewares/ST/STM32_USB_Device_Library/Core/Src/usbd_core.o
 .debug_macro   0x00028a11      0x215 ./Middlewares/ST/STM32_USB_Device_Library/Core/Src/usbd_core.o
 .debug_macro   0x00028c26      0x3a1 ./Middlewares/ST/STM32_USB_Device_Library/Core/Src/usbd_ctlreq.o
 .debug_macro   0x00028fc7      0x39d ./Middlewares/ST/STM32_USB_Device_Library/Core/Src/usbd_ioreq.o
 .debug_macro   0x00029364      0x3d0 ./USB_DEVICE/App/usb_device.o
 .debug_macro   0x00029734      0x42d ./USB_DEVICE/App/usb_device.o
 .debug_macro   0x00029b61       0x22 ./USB_DEVICE/App/usb_device.o
 .debug_macro   0x00029b83       0x16 ./USB_DEVICE/App/usb_device.o
 .debug_macro   0x00029b99      0x3bb ./USB_DEVICE/App/usbd_cdc_if.o
 .debug_macro   0x00029f54       0x10 ./USB_DEVICE/App/usbd_cdc_if.o
 .debug_macro   0x00029f64      0x3da ./USB_DEVICE/App/usbd_desc.o
 .debug_macro   0x0002a33e       0x1c ./USB_DEVICE/App/usbd_desc.o
 .debug_macro   0x0002a35a      0x3b4 ./USB_DEVICE/Target/usbd_conf.o

.debug_line     0x00000000    0x20442
 .debug_line    0x00000000      0xd6a ./Core/Src/main.o
 .debug_line    0x00000d6a      0x9fc ./Core/Src/stm32l4xx_hal_msp.o
 .debug_line    0x00001766      0x90a ./Core/Src/stm32l4xx_it.o
 .debug_line    0x00002070      0x893 ./Core/Src/system_stm32l4xx.o
 .debug_line    0x00002903       0x7a ./Core/Startup/startup_stm32l475vgtx.o
 .debug_line    0x0000297d      0xbee ./Drivers/STM32L4xx_HAL_Driver/Src/stm32l4xx_hal.o
 .debug_line    0x0000356b      0xdb7 ./Drivers/STM32L4xx_HAL_Driver/Src/stm32l4xx_hal_cortex.o
 .debug_line    0x00004322     0x1f83 ./Drivers/STM32L4xx_HAL_Driver/Src/stm32l4xx_hal_dfsdm.o
 .debug_line    0x000062a5      0xc7a ./Drivers/STM32L4xx_HAL_Driver/Src/stm32l4xx_hal_gpio.o
 .debug_line    0x00006f1f     0x3b21 ./Drivers/STM32L4xx_HAL_Driver/Src/stm32l4xx_hal_i2c.o
 .debug_line    0x0000aa40      0xa16 ./Drivers/STM32L4xx_HAL_Driver/Src/stm32l4xx_hal_i2c_ex.o
 .debug_line    0x0000b456     0x1441 ./Drivers/STM32L4xx_HAL_Driver/Src/stm32l4xx_hal_pcd.o
 .debug_line    0x0000c897      0xa06 ./Drivers/STM32L4xx_HAL_Driver/Src/stm32l4xx_hal_pcd_ex.o
 .debug_line    0x0000d29d      0x9c5 ./Drivers/STM32L4xx_HAL_Driver/Src/stm32l4xx_hal_pwr.o
 .debug_line    0x0000dc62      0xdb0 ./Drivers/STM32L4xx_HAL_Driver/Src/stm32l4xx_hal_pwr_ex.o
 .debug_line    0x0000ea12     0x152e ./Drivers/STM32L4xx_HAL_Driver/Src/stm32l4xx_hal_qspi.o
 .debug_line    0x0000ff40     0x1067 ./Drivers/STM32L4xx_HAL_Driver/Src/stm32l4xx_hal_rcc.o
 .debug_line    0x00010fa7     0x15d9 ./Drivers/STM32L4xx_HAL_Driver/Src/stm32l4xx_hal_rcc_ex.o
 .debug_line    0x00012580     0x20c4 ./Drivers/STM32L4xx_HAL_Driver/Src/stm32l4xx_hal_spi.o
 .debug_line    0x00014644     0x3300 ./Drivers/STM32L4xx_HAL_Driver/Src/stm32l4xx_hal_uart.o
 .debug_line    0x00017944     0x1bfd ./Drivers/STM32L4xx_HAL_Driver/Src/stm32l4xx_ll_usb.o
 .debug_line    0x00019541      0xf7e ./Middlewares/ST/STM32_USB_Device_Library/Class/CDC/Src/usbd_cdc.o
 .debug_line    0x0001a4bf      0xff8 ./Middlewares/ST/STM32_USB_Device_Library/Core/Src/usbd_core.o
 .debug_line    0x0001b4b7     0x1225 ./Middlewares/ST/STM32_USB_Device_Library/Core/Src/usbd_ctlreq.o
 .debug_line    0x0001c6dc      0xb12 ./Middlewares/ST/STM32_USB_Device_Library/Core/Src/usbd_ioreq.o
 .debug_line    0x0001d1ee      0xace ./USB_DEVICE/App/usb_device.o
 .debug_line    0x0001dcbc      0xb5b ./USB_DEVICE/App/usbd_cdc_if.o
 .debug_line    0x0001e817      0xbb2 ./USB_DEVICE/App/usbd_desc.o
 .debug_line    0x0001f3c9     0x1079 ./USB_DEVICE/Target/usbd_conf.o

.debug_str      0x00000000    0xf5054
 .debug_str     0x00000000    0xedd36 ./Core/Src/main.o
                              0xee2ba (size before relaxing)
 .debug_str     0x000edd36      0x38f ./Core/Src/stm32l4xx_hal_msp.o
                              0xe9b8c (size before relaxing)
 .debug_str     0x000ee0c5      0x4ec ./Core/Src/stm32l4xx_it.o
                              0xe8f0c (size before relaxing)
 .debug_str     0x000ee5b1       0xf2 ./Core/Src/system_stm32l4xx.o
                              0xe78d1 (size before relaxing)
 .debug_str     0x000ee6a3       0x44 ./Core/Startup/startup_stm32l475vgtx.o
                                 0x80 (size before relaxing)
 .debug_str     0x000ee6e7      0x62a ./Drivers/STM32L4xx_HAL_Driver/Src/stm32l4xx_hal.o
                              0xe845b (size before relaxing)
 .debug_str     0x000eed11      0x35f ./Drivers/STM32L4xx_HAL_Driver/Src/stm32l4xx_hal_cortex.o
                              0xe8141 (size before relaxing)
 .debug_str     0x000ef070      0xc31 ./Drivers/STM32L4xx_HAL_Driver/Src/stm32l4xx_hal_dfsdm.o
                              0xe87dd (size before relaxing)
 .debug_str     0x000efca1      0x10a ./Drivers/STM32L4xx_HAL_Driver/Src/stm32l4xx_hal_gpio.o
                              0xe7a4a (size before relaxing)
 .debug_str     0x000efdab      0xdde ./Drivers/STM32L4xx_HAL_Driver/Src/stm32l4xx_hal_i2c.o
                              0xe8ad2 (size before relaxing)
 .debug_str     0x000f0b89       0xb8 ./Drivers/STM32L4xx_HAL_Driver/Src/stm32l4xx_hal_i2c_ex.o
                              0xe7dde (size before relaxing)
 .debug_str     0x000f0c41      0x80a ./Drivers/STM32L4xx_HAL_Driver/Src/stm32l4xx_hal_pcd.o
                              0xe8352 (size before relaxing)
 .debug_str     0x000f144b      0x174 ./Drivers/STM32L4xx_HAL_Driver/Src/stm32l4xx_hal_pcd_ex.o
                              0xe7d20 (size before relaxing)
 .debug_str     0x000f15bf      0x34b ./Drivers/STM32L4xx_HAL_Driver/Src/stm32l4xx_hal_pwr.o
                              0xe7c3c (size before relaxing)
 .debug_str     0x000f190a      0x3ab ./Drivers/STM32L4xx_HAL_Driver/Src/stm32l4xx_hal_pwr_ex.o
                              0xe7df1 (size before relaxing)
 .debug_str     0x000f1cb5      0x69c ./Drivers/STM32L4xx_HAL_Driver/Src/stm32l4xx_hal_qspi.o
                              0xe820c (size before relaxing)
 .debug_str     0x000f2351      0x38d ./Drivers/STM32L4xx_HAL_Driver/Src/stm32l4xx_hal_rcc.o
                              0xe7f17 (size before relaxing)
 .debug_str     0x000f26de      0x371 ./Drivers/STM32L4xx_HAL_Driver/Src/stm32l4xx_hal_rcc_ex.o
                              0xe8090 (size before relaxing)
 .debug_str     0x000f2a4f      0x529 ./Drivers/STM32L4xx_HAL_Driver/Src/stm32l4xx_hal_spi.o
                              0xe80ec (size before relaxing)
 .debug_str     0x000f2f78      0x8a6 ./Drivers/STM32L4xx_HAL_Driver/Src/stm32l4xx_hal_uart.o
                              0xe8629 (size before relaxing)
 .debug_str     0x000f381e      0x478 ./Drivers/STM32L4xx_HAL_Driver/Src/stm32l4xx_ll_usb.o
                              0xe822a (size before relaxing)
 .debug_str     0x000f3c96      0xa2f ./Middlewares/ST/STM32_USB_Device_Library/Class/CDC/Src/usbd_cdc.o
                              0xedb98 (size before relaxing)
 .debug_str     0x000f46c5      0x356 ./Middlewares/ST/STM32_USB_Device_Library/Core/Src/usbd_core.o
                              0xed4a6 (size before relaxing)
 .debug_str     0x000f4a1b      0x139 ./Middlewares/ST/STM32_USB_Device_Library/Core/Src/usbd_ctlreq.o
                              0xed2d1 (size before relaxing)
 .debug_str     0x000f4b54       0x51 ./Middlewares/ST/STM32_USB_Device_Library/Core/Src/usbd_ioreq.o
                              0xed1a6 (size before relaxing)
 .debug_str     0x000f4ba5      0x105 ./USB_DEVICE/App/usb_device.o
                              0xed559 (size before relaxing)
 .debug_str     0x000f4caa       0x9a ./USB_DEVICE/App/usbd_cdc_if.o
                              0xed599 (size before relaxing)
 .debug_str     0x000f4d44      0x298 ./USB_DEVICE/App/usbd_desc.o
                              0xed0d0 (size before relaxing)
 .debug_str     0x000f4fdc       0x78 ./USB_DEVICE/Target/usbd_conf.o
                              0xee765 (size before relaxing)

.comment        0x00000000       0x43
 .comment       0x00000000       0x43 ./Core/Src/main.o
                                 0x44 (size before relaxing)
 .comment       0x00000043       0x44 ./Core/Src/stm32l4xx_hal_msp.o