16:56:28 **** Incremental Build of configuration Debug for project Insudose ****
make -j16 all 
arm-none-eabi-gcc "../USB_Device/App/usbd_storage_if.c" -mcpu=cortex-m4 -std=gnu11 -g3 -DDEBUG -DUSE_HAL_DRIVER -DSTM32WB55xx -c -I"C:/Users/orgo/Documents/Rado/git/insuDose/firmware_tests/Insudose/Drivers/Charger" -I../Core/Inc -I"C:/Users/orgo/Documents/Rado/git/insuDose/firmware_tests/Insudose/Drivers/EPD" -I../Drivers/STM32WBxx_HAL_Driver/Inc -I../Drivers/STM32WBxx_HAL_Driver/Inc/Legacy -I../Drivers/CMSIS/Device/ST/STM32WBxx/Include -I../Drivers/CMSIS/Include -I"C:/Users/orgo/Documents/Rado/git/insuDose/firmware_tests/Insudose/Drivers/TMP102" -I"C:/Users/orgo/Documents/Rado/git/insuDose/firmware_tests/Insudose/Drivers/Logger" -I../STM32_WPAN/App -I../Utilities/lpm/tiny_lpm -I../Middlewares/ST/STM32_WPAN -I../Middlewares/ST/STM32_WPAN/interface/patterns/ble_thread -I../Middlewares/ST/STM32_WPAN/interface/patterns/ble_thread/tl -I../Middlewares/ST/STM32_WPAN/interface/patterns/ble_thread/shci -I../Middlewares/ST/STM32_WPAN/utilities -I../Middlewares/ST/STM32_WPAN/ble/core -I../Middlewares/ST/STM32_WPAN/ble/core/auto -I../Middlewares/ST/STM32_WPAN/ble/core/template -I../Middlewares/ST/STM32_WPAN/ble/svc/Inc -I../Middlewares/ST/STM32_WPAN/ble/svc/Src -I../Utilities/sequencer -I../Middlewares/ST/STM32_WPAN/ble -I../FATFS/Target -I../FATFS/App -I../USB_Device/App -I../USB_Device/Target -I../Middlewares/Third_Party/FatFs/src -I../Middlewares/ST/STM32_USB_Device_Library/Core/Inc -I../Middlewares/ST/STM32_USB_Device_Library/Class/MSC/Inc -O0 -ffunction-sections -fdata-sections -Wall -fstack-usage -fcyclomatic-complexity -MMD -MP -MF"USB_Device/App/usbd_storage_if.d" -MT"USB_Device/App/usbd_storage_if.o" --specs=nano.specs -mfpu=fpv4-sp-d16 -mfloat-abi=hard -mthumb -o "USB_Device/App/usbd_storage_if.o"
arm-none-eabi-gcc "../Drivers/TMP102/tmp102.c" -mcpu=cortex-m4 -std=gnu11 -g3 -DDEBUG -DUSE_HAL_DRIVER -DSTM32WB55xx -c -I"C:/Users/orgo/Documents/Rado/git/insuDose/firmware_tests/Insudose/Drivers/Charger" -I../Core/Inc -I"C:/Users/orgo/Documents/Rado/git/insuDose/firmware_tests/Insudose/Drivers/EPD" -I../Drivers/STM32WBxx_HAL_Driver/Inc -I../Drivers/STM32WBxx_HAL_Driver/Inc/Legacy -I../Drivers/CMSIS/Device/ST/STM32WBxx/Include -I../Drivers/CMSIS/Include -I"C:/Users/orgo/Documents/Rado/git/insuDose/firmware_tests/Insudose/Drivers/TMP102" -I"C:/Users/orgo/Documents/Rado/git/insuDose/firmware_tests/Insudose/Drivers/Logger" -I../STM32_WPAN/App -I../Utilities/lpm/tiny_lpm -I../Middlewares/ST/STM32_WPAN -I../Middlewares/ST/STM32_WPAN/interface/patterns/ble_thread -I../Middlewares/ST/STM32_WPAN/interface/patterns/ble_thread/tl -I../Middlewares/ST/STM32_WPAN/interface/patterns/ble_thread/shci -I../Middlewares/ST/STM32_WPAN/utilities -I../Middlewares/ST/STM32_WPAN/ble/core -I../Middlewares/ST/STM32_WPAN/ble/core/auto -I../Middlewares/ST/STM32_WPAN/ble/core/template -I../Middlewares/ST/STM32_WPAN/ble/svc/Inc -I../Middlewares/ST/STM32_WPAN/ble/svc/Src -I../Utilities/sequencer -I../Middlewares/ST/STM32_WPAN/ble -I../FATFS/Target -I../FATFS/App -I../USB_Device/App -I../USB_Device/Target -I../Middlewares/Third_Party/FatFs/src -I../Middlewares/ST/STM32_USB_Device_Library/Core/Inc -I../Middlewares/ST/STM32_USB_Device_Library/Class/MSC/Inc -O0 -ffunction-sections -fdata-sections -Wall -fstack-usage -fcyclomatic-complexity -MMD -MP -MF"Drivers/TMP102/tmp102.d" -MT"Drivers/TMP102/tmp102.o" --specs=nano.specs -mfpu=fpv4-sp-d16 -mfloat-abi=hard -mthumb -o "Drivers/TMP102/tmp102.o"
arm-none-eabi-gcc "../Core/Src/main.c" -mcpu=cortex-m4 -std=gnu11 -g3 -DDEBUG -DUSE_HAL_DRIVER -DSTM32WB55xx -c -I"C:/Users/orgo/Documents/Rado/git/insuDose/firmware_tests/Insudose/Drivers/Charger" -I../Core/Inc -I"C:/Users/orgo/Documents/Rado/git/insuDose/firmware_tests/Insudose/Drivers/EPD" -I../Drivers/STM32WBxx_HAL_Driver/Inc -I../Drivers/STM32WBxx_HAL_Driver/Inc/Legacy -I../Drivers/CMSIS/Device/ST/STM32WBxx/Include -I../Drivers/CMSIS/Include -I"C:/Users/orgo/Documents/Rado/git/insuDose/firmware_tests/Insudose/Drivers/TMP102" -I"C:/Users/orgo/Documents/Rado/git/insuDose/firmware_tests/Insudose/Drivers/Logger" -I../STM32_WPAN/App -I../Utilities/lpm/tiny_lpm -I../Middlewares/ST/STM32_WPAN -I../Middlewares/ST/STM32_WPAN/interface/patterns/ble_thread -I../Middlewares/ST/STM32_WPAN/interface/patterns/ble_thread/tl -I../Middlewares/ST/STM32_WPAN/interface/patterns/ble_thread/shci -I../Middlewares/ST/STM32_WPAN/utilities -I../Middlewares/ST/STM32_WPAN/ble/core -I../Middlewares/ST/STM32_WPAN/ble/core/auto -I../Middlewares/ST/STM32_WPAN/ble/core/template -I../Middlewares/ST/STM32_WPAN/ble/svc/Inc -I../Middlewares/ST/STM32_WPAN/ble/svc/Src -I../Utilities/sequencer -I../Middlewares/ST/STM32_WPAN/ble -I../FATFS/Target -I../FATFS/App -I../USB_Device/App -I../USB_Device/Target -I../Middlewares/Third_Party/FatFs/src -I../Middlewares/ST/STM32_USB_Device_Library/Core/Inc -I../Middlewares/ST/STM32_USB_Device_Library/Class/MSC/Inc -O0 -ffunction-sections -fdata-sections -Wall -fstack-usage -fcyclomatic-complexity -MMD -MP -MF"Core/Src/main.d" -MT"Core/Src/main.o" --specs=nano.specs -mfpu=fpv4-sp-d16 -mfloat-abi=hard -mthumb -o "Core/Src/main.o"
../Drivers/TMP102/tmp102.c:29:13: warning: 'TMP102_DisableBusPullups' defined but not used [-Wunused-function]
   29 | static void TMP102_DisableBusPullups(I2C_HandleTypeDef *hi2c)
      |             ^~~~~~~~~~~~~~~~~~~~~~~~
../Core/Src/main.c: In function 'main':
../Core/Src/main.c:274:20: warning: unused variable 'fast' [-Wunused-variable]
  274 |       CHARGER_Fast fast = charger_get_fast();
      |                    ^~~~
../Core/Src/main.c: At top level:
../Core/Src/main.c:75:16: warning: 'epd_inited' defined but not used [-Wunused-variable]
   75 | static uint8_t epd_inited = 0;
      |                ^~~~~~~~~~
../Core/Src/main.c:74:16: warning: 'BlackImage' defined but not used [-Wunused-variable]
   74 | static uint8_t BlackImage[EPD_WIDTH * EPD_HEIGHT / 8];
      |                ^~~~~~~~~~
arm-none-eabi-gcc -o "Insudose.elf" @"objects.list"   -mcpu=cortex-m4 -T"C:\Users\orgo\Documents\Rado\git\insuDose\firmware_tests\Insudose\STM32WB55CGUX_FLASH.ld" --specs=nosys.specs -Wl,-Map="Insudose.map" -Wl,--gc-sections -static --specs=nano.specs -mfpu=fpv4-sp-d16 -mfloat-abi=hard -mthumb -u _printf_float -Wl,--start-group -lc -lm -Wl,--end-group
Finished building target: Insudose.elf
 
arm-none-eabi-size  Insudose.elf 
arm-none-eabi-objdump -h -S Insudose.elf  > "Insudose.list"
arm-none-eabi-objcopy  -O ihex Insudose.elf  "Insudose.hex"
   text	   data	    bss	    dec	    hex	filename
 115616	   3025	  72887	 191528	  2ec28	Insudose.elf
Finished building: default.size.stdout
 
Finished building: Insudose.hex
 
Finished building: Insudose.list
 

16:56:29 Build Finished. 0 errors, 4 warnings. (took 1s.211ms)

