Archive member included to satisfy reference by file (symbol)

C:/ST/STM32CubeIDE_1.16.1/STM32CubeIDE/plugins/com.st.stm32cube.ide.mcu.externaltools.gnu-tools-for-stm32.13.3.rel1.win32_1.0.0.202411081344/tools/bin/../lib/gcc/arm-none-eabi/13.3.1/../../../../arm-none-eabi/lib/thumb/v7e-m+fp/hard\libc_nano.a(libc_a-exit.o)
                              C:/ST/STM32CubeIDE_1.16.1/STM32CubeIDE/plugins/com.st.stm32cube.ide.mcu.externaltools.gnu-tools-for-stm32.13.3.rel1.win32_1.0.0.202411081344/tools/bin/../lib/gcc/arm-none-eabi/13.3.1/../../../../arm-none-eabi/lib/thumb/v7e-m+fp/hard/crt0.o (exit)
C:/ST/STM32CubeIDE_1.16.1/STM32CubeIDE/plugins/com.st.stm32cube.ide.mcu.externaltools.gnu-tools-for-stm32.13.3.rel1.win32_1.0.0.202411081344/tools/bin/../lib/gcc/arm-none-eabi/13.3.1/../../../../arm-none-eabi/lib/thumb/v7e-m+fp/hard\libc_nano.a(libc_a-findfp.o)
                              C:/ST/STM32CubeIDE_1.16.1/STM32CubeIDE/plugins/com.st.stm32cube.ide.mcu.externaltools.gnu-tools-for-stm32.13.3.rel1.win32_1.0.0.202411081344/tools/bin/../lib/gcc/arm-none-eabi/13.3.1/../../../../arm-none-eabi/lib/thumb/v7e-m+fp/hard\libc_nano.a(libc_a-exit.o) (__stdio_exit_handler)
C:/ST/STM32CubeIDE_1.16.1/STM32CubeIDE/plugins/com.st.stm32cube.ide.mcu.externaltools.gnu-tools-for-stm32.13.3.rel1.win32_1.0.0.202411081344/tools/bin/../lib/gcc/arm-none-eabi/13.3.1/../../../../arm-none-eabi/lib/thumb/v7e-m+fp/hard\libc_nano.a(libc_a-fwalk.o)
                              C:/ST/STM32CubeIDE_1.16.1/STM32CubeIDE/plugins/com.st.stm32cube.ide.mcu.externaltools.gnu-tools-for-stm32.13.3.rel1.win32_1.0.0.202411081344/tools/bin/../lib/gcc/arm-none-eabi/13.3.1/../../../../arm-none-eabi/lib/thumb/v7e-m+fp/hard\libc_nano.a(libc_a-findfp.o) (_fwalk_sglue)
C:/ST/STM32CubeIDE_1.16.1/STM32CubeIDE/plugins/com.st.stm32cube.ide.mcu.externaltools.gnu-tools-for-stm32.13.3.rel1.win32_1.0.0.202411081344/tools/bin/../lib/gcc/arm-none-eabi/13.3.1/../../../../arm-none-eabi/lib/thumb/v7e-m+fp/hard\libc_nano.a(libc_a-snprintf.o)
                              ./USB_Device/Logger/logger.o (snprintf)
C:/ST/STM32CubeIDE_1.16.1/STM32CubeIDE/plugins/com.st.stm32cube.ide.mcu.externaltools.gnu-tools-for-stm32.13.3.rel1.win32_1.0.0.202411081344/tools/bin/../lib/gcc/arm-none-eabi/13.3.1/../../../../arm-none-eabi/lib/thumb/v7e-m+fp/hard\libc_nano.a(libc_a-stdio.o)
                              C:/ST/STM32CubeIDE_1.16.1/STM32CubeIDE/plugins/com.st.stm32cube.ide.mcu.externaltools.gnu-tools-for-stm32.13.3.rel1.win32_1.0.0.202411081344/tools/bin/../lib/gcc/arm-none-eabi/13.3.1/../../../../arm-none-eabi/lib/thumb/v7e-m+fp/hard\libc_nano.a(libc_a-findfp.o) (__sread)
C:/ST/STM32CubeIDE_1.16.1/STM32CubeIDE/plugins/com.st.stm32cube.ide.mcu.externaltools.gnu-tools-for-stm32.13.3.rel1.win32_1.0.0.202411081344/tools/bin/../lib/gcc/arm-none-eabi/13.3.1/../../../../arm-none-eabi/lib/thumb/v7e-m+fp/hard\libc_nano.a(libc_a-memset.o)
                              C:/ST/STM32CubeIDE_1.16.1/STM32CubeIDE/plugins/com.st.stm32cube.ide.mcu.externaltools.gnu-tools-for-stm32.13.3.rel1.win32_1.0.0.202411081344/tools/bin/../lib/gcc/arm-none-eabi/13.3.1/../../../../arm-none-eabi/lib/thumb/v7e-m+fp/hard/crt0.o (memset)
C:/ST/STM32CubeIDE_1.16.1/STM32CubeIDE/plugins/com.st.stm32cube.ide.mcu.externaltools.gnu-tools-for-stm32.13.3.rel1.win32_1.0.0.202411081344/tools/bin/../lib/gcc/arm-none-eabi/13.3.1/../../../../arm-none-eabi/lib/thumb/v7e-m+fp/hard\libc_nano.a(libc_a-closer.o)
                              C:/ST/STM32CubeIDE_1.16.1/STM32CubeIDE/plugins/com.st.stm32cube.ide.mcu.externaltools.gnu-tools-for-stm32.13.3.rel1.win32_1.0.0.202411081344/tools/bin/../lib/gcc/arm-none-eabi/13.3.1/../../../../arm-none-eabi/lib/thumb/v7e-m+fp/hard\libc_nano.a(libc_a-stdio.o) (_close_r)
C:/ST/STM32CubeIDE_1.16.1/STM32CubeIDE/plugins/com.st.stm32cube.ide.mcu.externaltools.gnu-tools-for-stm32.13.3.rel1.win32_1.0.0.202411081344/tools/bin/../lib/gcc/arm-none-eabi/13.3.1/../../../../arm-none-eabi/lib/thumb/v7e-m+fp/hard\libc_nano.a(libc_a-reent.o)
                              C:/ST/STM32CubeIDE_1.16.1/STM32CubeIDE/plugins/com.st.stm32cube.ide.mcu.externaltools.gnu-tools-for-stm32.13.3.rel1.win32_1.0.0.202411081344/tools/bin/../lib/gcc/arm-none-eabi/13.3.1/../../../../arm-none-eabi/lib/thumb/v7e-m+fp/hard\libc_nano.a(libc_a-closer.o) (errno)
C:/ST/STM32CubeIDE_1.16.1/STM32CubeIDE/plugins/com.st.stm32cube.ide.mcu.externaltools.gnu-tools-for-stm32.13.3.rel1.win32_1.0.0.202411081344/tools/bin/../lib/gcc/arm-none-eabi/13.3.1/../../../../arm-none-eabi/lib/thumb/v7e-m+fp/hard\libc_nano.a(libc_a-impure.o)
                              C:/ST/STM32CubeIDE_1.16.1/STM32CubeIDE/plugins/com.st.stm32cube.ide.mcu.externaltools.gnu-tools-for-stm32.13.3.rel1.win32_1.0.0.202411081344/tools/bin/../lib/gcc/arm-none-eabi/13.3.1/../../../../arm-none-eabi/lib/thumb/v7e-m+fp/hard\libc_nano.a(libc_a-snprintf.o) (_impure_ptr)
[...]
Memory Configuration

Name             Origin             Length             Attributes
FLASH            0x08000000         0x00080000         xr
RAM              0x20000008         0x0002fff8         xrw
RAM_SHARED       0x20030000         0x00002800         xrw
*default*        0x00000000         0xffffffff

Linker script and memory map

LOAD C:/ST/STM32CubeIDE_1.16.1/STM32CubeIDE/plugins/com.st.stm32cube.ide.mcu.externaltools.gnu-tools-for-stm32.13.3.rel1.win32_1.0.0.202411081344/tools/bin/../lib/gcc/arm-none-eabi/13.3.1/thumb/v7e-m+fp/hard/crti.o
LOAD C:/ST/STM32CubeIDE_1.16.1/STM32CubeIDE/plugins/com.st.stm32cube.ide.mcu.externaltools.gnu-tools-for-stm32.13.3.rel1.win32_1.0.0.202411081344/tools/bin/../lib/gcc/arm-none-eabi/13.3.1/thumb/v7e-m+fp/hard/crtbegin.o
LOAD C:/ST/STM32CubeIDE_1.16.1/STM32CubeIDE/plugins/com.st.stm32cube.ide.mcu.externaltools.gnu-tools-for-stm32.13.3.rel1.win32_1.0.0.202411081344/tools/bin/../lib/gcc/arm-none-eabi/13.3.1/../../../../arm-none-eabi/lib/thumb/v7e-m+fp/hard/crt0.o
LOAD ./Core/Src/hal_delay_lowpower.o
LOAD ./Core/Src/main.o
LOAD ./Core/Src/stm32wbxx_hal_msp.o
LOAD ./Core/Src/stm32wbxx_it.o
LOAD ./Core/Src/syscalls.o
LOAD ./Core/Src/sysmem.o
LOAD ./Core/Src/system_stm32wbxx.o
LOAD ./Core/Startup/startup_stm32wb55cgux.o
LOAD ./Drivers/Charger/charger.o
LOAD ./Drivers/STM32WBxx_HAL_Driver/Src/stm32wbxx_hal.o
LOAD ./Drivers/STM32WBxx_HAL_Driver/Src/stm32wbxx_hal_adc.o
LOAD ./Drivers/STM32WBxx_HAL_Driver/Src/stm32wbxx_hal_adc_ex.o
LOAD ./Drivers/STM32WBxx_HAL_Driver/Src/stm32wbxx_hal_cortex.o
LOAD ./Drivers/STM32WBxx_HAL_Driver/Src/stm32wbxx_hal_dma.o
LOAD ./Drivers/STM32WBxx_HAL_Driver/Src/stm32wbxx_hal_dma_ex.o
LOAD ./Drivers/STM32WBxx_HAL_Driver/Src/stm32wbxx_hal_exti.o
LOAD ./Drivers/STM32WBxx_HAL_Driver/Src/stm32wbxx_hal_flash.o
LOAD ./Drivers/STM32WBxx_HAL_Driver/Src/stm32wbxx_hal_flash_ex.o
LOAD ./Drivers/STM32WBxx_HAL_Driver/Src/stm32wbxx_hal_gpio.o
LOAD ./Drivers/STM32WBxx_HAL_Driver/Src/stm32wbxx_hal_hsem.o
LOAD ./Drivers/STM32WBxx_HAL_Driver/Src/stm32wbxx_hal_lptim.o
LOAD ./Drivers/STM32WBxx_HAL_Driver/Src/stm32wbxx_hal_pcd.o
LOAD ./Drivers/STM32WBxx_HAL_Driver/Src/stm32wbxx_hal_pcd_ex.o
LOAD ./Drivers/STM32WBxx_HAL_Driver/Src/stm32wbxx_hal_pwr.o
LOAD ./Drivers/STM32WBxx_HAL_Driver/Src/stm32wbxx_hal_pwr_ex.o
LOAD ./Drivers/STM32WBxx_HAL_Driver/Src/stm32wbxx_hal_rcc.o
LOAD ./Drivers/STM32WBxx_HAL_Driver/Src/stm32wbxx_hal_rcc_ex.o
LOAD ./Drivers/STM32WBxx_HAL_Driver/Src/stm32wbxx_ll_adc.o
LOAD ./Drivers/STM32WBxx_HAL_Driver/Src/stm32wbxx_ll_rcc.o
LOAD ./Drivers/STM32WBxx_HAL_Driver/Src/stm32wbxx_ll_usb.o
LOAD ./FATFS/App/app_fatfs.o
LOAD ./FATFS/Target/user_diskio.o
LOAD ./Middlewares/ST/STM32_USB_Device_Library/Class/MSC/Src/usbd_msc.o
LOAD ./Middlewares/ST/STM32_USB_Device_Library/Class/MSC/Src/usbd_msc_bot.o
LOAD ./Middlewares/ST/STM32_USB_Device_Library/Class/MSC/Src/usbd_msc_data.o
LOAD ./Middlewares/ST/STM32_USB_Device_Library/Class/MSC/Src/usbd_msc_scsi.o
LOAD ./Middlewares/ST/STM32_USB_Device_Library/Core/Src/usbd_core.o
LOAD ./Middlewares/ST/STM32_USB_Device_Library/Core/Src/usbd_ctlreq.o
LOAD ./Middlewares/ST/STM32_USB_Device_Library/Core/Src/usbd_ioreq.o
LOAD ./Middlewares/Third_Party/FatFs/src/diskio.o
LOAD ./Middlewares/Third_Party/FatFs/src/ff.o
LOAD ./Middlewares/Third_Party/FatFs/src/ff_gen_drv.o
LOAD ./Middlewares/Third_Party/FatFs/src/option/syscall.o
LOAD ./USB_Device/App/usb_device.o
LOAD ./USB_Device/App/usbd_desc.o
LOAD ./USB_Device/App/usbd_storage_if.o
LOAD ./USB_Device/Logger/logger.o
LOAD ./USB_Device/Target/usbd_conf.o
START GROUP
LOAD C:/ST/STM32CubeIDE_1.16.1/STM32CubeIDE/plugins/com.st.stm32cube.ide.mcu.externaltools.gnu-tools-for-stm32.13.3.rel1.win32_1.0.0.202411081344/tools/bin/../lib/gcc/arm-none-eabi/13.3.1/../../../../arm-none-eabi/lib/thumb/v7e-m+fp/hard\libc_nano.a
LOAD C:/ST/STM32CubeIDE_1.16.1/STM32CubeIDE/plugins/com.st.stm32cube.ide.mcu.externaltools.gnu-tools-for-stm32.13.3.rel1.win32_1.0.0.202411081344/tools/bin/../lib/gcc/arm-none-eabi/13.3.1/../../../../arm-none-eabi/lib/thumb/v7e-m+fp/hard\libm.a
END GROUP
START GROUP
LOAD C:/ST/STM32CubeIDE_1.16.1/STM32CubeIDE/plugins/com.st.stm32cube.ide.mcu.externaltools.gnu-tools-for-stm32.13.3.rel1.win32_1.0.0.202411081344/tools/bin/../lib/gcc/arm-none-eabi/13.3.1/thumb/v7e-m+fp/hard\libgcc.a
LOAD C:/ST/STM32CubeIDE_1.16.1/STM32CubeIDE/plugins/com.st.stm32cube.ide.mcu.externaltools.gnu-tools-for-stm32.13.3.rel1.win32_1.0.0.202411081344/tools/bin/../lib/gcc/arm-none-eabi/13.3.1/../../../../arm-none-eabi/lib/thumb/v7e-m+fp/hard\libc_nano.a
END GROUP
START GROUP
LOAD C:/ST/STM32CubeIDE_1.16.1/STM32CubeIDE/plugins/com.st.stm32cube.ide.mcu.externaltools.gnu-tools-for-stm32.13.3.rel1.win32_1.0.0.202411081344/tools/bin/../lib/gcc/arm-none-eabi/13.3.1/thumb/v7e-m+fp/hard\libgcc.a
LOAD C:/ST/STM32CubeIDE_1.16.1/STM32CubeIDE/plugins/com.st.stm32cube.ide.mcu.externaltools.gnu-tools-for-stm32.13.3.rel1.win32_1.0.0.202411081344/tools/bin/../lib/gcc/arm-none-eabi/13.3.1/../../../../arm-none-eabi/lib/thumb/v7e-m+fp/hard\libc_nano.a
LOAD C:/ST/STM32CubeIDE_1.16.1/STM32CubeIDE/plugins/com.st.stm32cube.ide.mcu.externaltools.gnu-tools-for-stm32.13.3.rel1.win32_1.0.0.202411081344/tools/bin/../lib/gcc/arm-none-eabi/13.3.1/../../../../arm-none-eabi/lib/thumb/v7e-m+fp/hard\libnosys.a
END GROUP
START GROUP
LOAD C:/ST/STM32CubeIDE_1.16.1/STM32CubeIDE/plugins/com.st.stm32cube.ide.mcu.externaltools.gnu-tools-for-stm32.13.3.rel1.win32_1.0.0.202411081344/tools/bin/../lib/gcc/arm-none-eabi/13.3.1/thumb/v7e-m+fp/hard\libgcc.a
LOAD C:/ST/STM32CubeIDE_1.16.1/STM32CubeIDE/plugins/com.st.stm32cube.ide.mcu.externaltools.gnu-tools-for-stm32.13.3.rel1.win32_1.0.0.202411081344/tools/bin/../lib/gcc/arm-none-eabi/13.3.1/../../../../arm-none-eabi/lib/thumb/v7e-m+fp/hard\libc_nano.a
LOAD C:/ST/STM32CubeIDE_1.16.1/STM32CubeIDE/plugins/com.st.stm32cube.ide.mcu.externaltools.gnu-tools-for-stm32.13.3.rel1.win32_1.0.0.202411081344/tools/bin/../lib/gcc/arm-none-eabi/13.3.1/../../../../arm-none-eabi/lib/thumb/v7e-m+fp/hard\libnosys.a
END GROUP
LOAD C:/ST/STM32CubeIDE_1.16.1/STM32CubeIDE/plugins/com.st.stm32cube.ide.mcu.externaltools.gnu-tools-for-stm32.13.3.rel1.win32_1.0.0.202411081344/tools/bin/../lib/gcc/arm-none-eabi/13.3.1/thumb/v7e-m+fp/hard/crtend.o
LOAD C:/ST/STM32CubeIDE_1.16.1/STM32CubeIDE/plugins/com.st.stm32cube.ide.mcu.externaltools.gnu-tools-for-stm32.13.3.rel1.win32_1.0.0.202411081344/tools/bin/../lib/gcc/arm-none-eabi/13.3.1/thumb/v7e-m+fp/hard/crtn.o
                0x20030000                        _estack = (ORIGIN (RAM) + LENGTH (RAM))
                0x00000200                        _Min_Heap_Size = 0x200
                0x00000400                        _Min_Stack_Size = 0x400

.isr_vector     0x08000000      0x13c
                0x08000000                        . = ALIGN (0x4)
 *(.isr_vector)
 .isr_vector    0x08000000      0x13c ./Core/Startup/startup_stm32wb55cgux.o
                0x08000000                g_pfnVectors
                0x0800013c                        . = ALIGN (0x4)

.text           0x08000140    0x10758
                0x08000140                        . = ALIGN (0x4)
 *(.text)
 .text          0x08000140       0x40 C:/ST/STM32CubeIDE_1.16.1/STM32CubeIDE/plugins/com.st.stm32cube.ide.mcu.externaltools.gnu-tools-for-stm32.13.3.rel1.win32_1.0.0.202411081344/tools/bin/../lib/gcc/arm-none-eabi/13.3.1/thumb/v7e-m+fp/hard/crtbegin.o
 .text          0x08000180       0x10 C:/ST/STM32CubeIDE_1.16.1/STM32CubeIDE/plugins/com.st.stm32cube.ide.mcu.externaltools.gnu-tools-for-stm32.13.3.rel1.win32_1.0.0.202411081344/tools/bin/../lib/gcc/arm-none-eabi/13.3.1/../../../../arm-none-eabi/lib/thumb/v7e-m+fp/hard\libc_nano.a(libc_a-strlen.o)
                0x08000180                strlen
 .text          0x08000190       0xa0 C:/ST/STM32CubeIDE_1.16.1/STM32CubeIDE/plugins/com.st.stm32cube.ide.mcu.externaltools.gnu-tools-for-stm32.13.3.rel1.win32_1.0.0.202411081344/tools/bin/../lib/gcc/arm-none-eabi/13.3.1/../../../../arm-none-eabi/lib/thumb/v7e-m+fp/hard\libc_nano.a(libc_a-memchr.o)
                0x08000190                memchr
 *(.text*)
 .text.HAL_Delay
                0x08000230       0x3c ./Core/Src/hal_delay_lowpower.o
                0x08000230                HAL_Delay
 .text.LL_RCC_LSE_SetDriveCapability
                0x0800026c       0x2c ./Core/Src/main.o
 .text.LL_AHB2_GRP1_EnableClock
                0x08000298       0x32 ./Core/Src/main.o
 *fill*         0x080002ca        0x2 
 .text.main     0x080002cc      0x134 ./Core/Src/main.o
                0x080002cc                main
 .text.SystemClock_Config
                0x08000400       0xe8 ./Core/Src/main.o
                0x08000400                SystemClock_Config
 .text.PeriphCommonClock_Config
                0x080004e8       0x3a ./Core/Src/main.o
                0x080004e8                PeriphCommonClock_Config
 *fill*         0x08000522        0x2 
 .text.MX_ADC1_Init
                0x08000524       0xc8 ./Core/Src/main.o
 .text.MX_LPTIM1_Init
                0x080005ec       0x5c ./Core/Src/main.o
 .text.MX_GPIO_Init
                0x08000648       0xa4 ./Core/Src/main.o
 .text.PlayBeep
                0x080006ec       0x34 ./Core/Src/main.o
                0x080006ec                PlayBeep
 .text.HAL_GPIO_EXTI_Callback
                0x08000720       0x7c ./Core/Src/main.o
                0x08000720                HAL_GPIO_EXTI_Callback
 .text.App_StateMachine_Tick
                0x0800079c       0x64 ./Core/Src/main.o
 .text.Buttons_Tick
                0x08000800       0x5c ./Core/Src/main.o
 .text.usb_enter
                0x0800085c       0x34 ./Core/Src/main.o
 .text.usb_leave
                0x08000890       0x2c ./Core/Src/main.o
 .text.rr_start
                0x080008bc        0xe ./Core/Src/main.o
 .text.rr_stop  0x080008ca        0xe ./Core/Src/main.o
 .text.power_set_usb_active
                0x080008d8       0x24 ./Core/Src/main.o
 .text.power_sleep_until_event
                0x080008fc       0x28 ./Core/Src/main.o
 .text.PVD_Init
                0x08000924       0x10 ./Core/Src/main.o
 .text.HAL_PWR_PVDCallback
                0x08000934       0x18 ./Core/Src/main.o
                0x08000934                HAL_PWR_PVDCallback
 .text.Error_Handler
                0x0800094c        0xc ./Core/Src/main.o
                0x0800094c                Error_Handler
 .text.LL_AHB2_GRP1_EnableClock
                0x08000958       0x32 ./Core/Src/stm32wbxx_hal_msp.o
 .text.LL_APB1_GRP1_EnableClock
                0x0800098a       0x32 ./Core/Src/stm32wbxx_hal_msp.o
 .text.HAL_MspInit
                0x080009bc        0xe ./Core/Src/stm32wbxx_hal_msp.o
                0x080009bc                HAL_MspInit
 *fill*         0x080009ca        0x2 
 .text.HAL_ADC_MspInit
                0x080009cc       0xa0 ./Core/Src/stm32wbxx_hal_msp.o
                0x080009cc                HAL_ADC_MspInit
 .text.HAL_LPTIM_MspInit
                0x08000a6c       0x8c ./Core/Src/stm32wbxx_hal_msp.o
                0x08000a6c                HAL_LPTIM_MspInit
 .text.NMI_Handler
                0x08000af8        0x8 ./Core/Src/stm32wbxx_it.o
                0x08000af8                NMI_Handler
 .text.HardFault_Handler
                0x08000b00        0x8 ./Core/Src/stm32wbxx_it.o
                0x08000b00                HardFault_Handler
 .text.MemManage_Handler
                0x08000b08        0x8 ./Core/Src/stm32wbxx_it.o
                0x08000b08                MemManage_Handler
 .text.BusFault_Handler
                0x08000b10        0x8 ./Core/Src/stm32wbxx_it.o
                0x08000b10                BusFault_Handler
 .text.UsageFault_Handler
                0x08000b18        0x8 ./Core/Src/stm32wbxx_it.o
                0x08000b18                UsageFault_Handler
 .text.SVC_Handler
                0x08000b20        0xe ./Core/Src/stm32wbxx_it.o
                0x08000b20                SVC_Handler
 .text.DebugMon_Handler
                0x08000b2e        0xe ./Core/Src/stm32wbxx_it.o
                0x08000b2e                DebugMon_Handler
 .text.PendSV_Handler
                0x08000b3c        0xe ./Core/Src/stm32wbxx_it.o
                0x08000b3c                PendSV_Handler
 .text.SysTick_Handler
                0x08000b4a        0xc ./Core/Src/stm32wbxx_it.o
                0x08000b4a                SysTick_Handler
 *fill*         0x08000b56        0x2 
 .text.USB_LP_IRQHandler
                0x08000b58       0x14 ./Core/Src/stm32wbxx_it.o
                0x08000b58                USB_LP_IRQHandler
 .text.EXTI4_IRQHandler
                0x08000b6c        0xe ./Core/Src/stm32wbxx_it.o
                0x08000b6c                EXTI4_IRQHandler
 .text.PVD_PVM_IRQHandler
                0x08000b7a        0xc ./Core/Src/stm32wbxx_it.o
                0x08000b7a                PVD_PVM_IRQHandler
 .text.EXTI2_IRQHandler
                0x08000b86        0xe ./Core/Src/stm32wbxx_it.o
                0x08000b86                EXTI2_IRQHandler
 .text._sbrk    0x08000b94       0x6c ./Core/Src/sysmem.o
                0x08000b94                _sbrk
 .text.SystemInit
                0x08000c00       0xa4 ./Core/Src/system_stm32wbxx.o
                0x08000c00                SystemInit
 .text.data_initializers
                0x08000ca4       0x18 ./Core/Startup/startup_stm32wb55cgux.o
 .text.Reset_Handler
                0x08000cbc       0x58 ./Core/Startup/startup_stm32wb55cgux.o
                0x08000cbc                Reset_Handler
 .text.Default_Handler
                0x08000d14        0x2 ./Core/Startup/startup_stm32wb55cgux.o
                0x08000d14                RTC_Alarm_IRQHandler
                0x08000d14                TIM1_CC_IRQHandler
                0x08000d14                TSC_IRQHandler
                0x08000d14                USB_HP_IRQHandler
                0x08000d14                EXTI3_IRQHandler
                0x08000d14                LPTIM2_IRQHandler
                0x08000d14                I2C3_ER_IRQHandler
                0x08000d14                EXTI0_IRQHandler
                0x08000d14                FPU_IRQHandler
                0x08000d14                TIM1_UP_TIM16_IRQHandler
                0x08000d14                AES1_IRQHandler
                0x08000d14                SPI1_IRQHandler
                0x08000d14                PWR_SOTF_BLEACT_802ACT_RFPHASE_IRQHandler
                0x08000d14                DMA2_Channel2_IRQHandler
                0x08000d14                DMA1_Channel4_IRQHandler
                0x08000d14                ADC1_IRQHandler
                0x08000d14                PKA_IRQHandler
                0x08000d14                DMA1_Channel7_IRQHandler
                0x08000d14                LCD_IRQHandler
                0x08000d14                IPCC_C1_TX_IRQHandler
                0x08000d14                DMA2_Channel1_IRQHandler
                0x08000d14                QUADSPI_IRQHandler
                0x08000d14                I2C1_EV_IRQHandler
                0x08000d14                DMAMUX1_OVR_IRQHandler
                0x08000d14                DMA1_Channel6_IRQHandler
                0x08000d14                DMA2_Channel4_IRQHandler
                0x08000d14                RCC_IRQHandler
                0x08000d14                DMA1_Channel1_IRQHandler
                0x08000d14                Default_Handler
                0x08000d14                DMA2_Channel7_IRQHandler
                0x08000d14                EXTI15_10_IRQHandler
                0x08000d14                IPCC_C1_RX_IRQHandler
                0x08000d14                C2SEV_PWR_C2H_IRQHandler
                0x08000d14                AES2_IRQHandler
                0x08000d14                I2C3_EV_IRQHandler
                0x08000d14                EXTI9_5_IRQHandler
                0x08000d14                RTC_WKUP_IRQHandler
                0x08000d14                SPI2_IRQHandler
                0x08000d14                DMA2_Channel5_IRQHandler
                0x08000d14                CRS_IRQHandler
                0x08000d14                DMA1_Channel5_IRQHandler
                0x08000d14                RNG_IRQHandler
                0x08000d14                TIM1_TRG_COM_TIM17_IRQHandler
                0x08000d14                TAMP_STAMP_LSECSS_IRQHandler
                0x08000d14                DMA1_Channel3_IRQHandler
                0x08000d14                COMP_IRQHandler
                0x08000d14                HSEM_IRQHandler
                0x08000d14                WWDG_IRQHandler
                0x08000d14                LPUART1_IRQHandler
                0x08000d14                DMA2_Channel6_IRQHandler
                0x08000d14                TIM2_IRQHandler
                0x08000d14                TIM1_BRK_IRQHandler
                0x08000d14                EXTI1_IRQHandler
                0x08000d14                DMA1_Channel2_IRQHandler
                0x08000d14                FLASH_IRQHandler
                0x08000d14                USART1_IRQHandler
                0x08000d14                I2C1_ER_IRQHandler
                0x08000d14                LPTIM1_IRQHandler
                0x08000d14                SAI1_IRQHandler
                0x08000d14                DMA2_Channel3_IRQHandler
 .text.LL_AHB2_GRP1_EnableClock
                0x08000d16       0x32 ./Drivers/Charger/charger.o
 .text.charger_gpio_init_once
                0x08000d48       0x8c ./Drivers/Charger/charger.o
 .text.charger_set_enabled
                0x08000dd4       0x2c ./Drivers/Charger/charger.o
                0x08000dd4                charger_set_enabled
 .text.charger_init
                0x08000e00       0x1e ./Drivers/Charger/charger.o
                0x08000e00                charger_init
 *fill*         0x08000e1e        0x2 
 .text.charger_read_bat
                0x08000e20      0x138 ./Drivers/Charger/charger.o
                0x08000e20                charger_read_bat
 .text.HAL_Init
                0x08000f58       0x40 ./Drivers/STM32WBxx_HAL_Driver/Src/stm32wbxx_hal.o
                0x08000f58                HAL_Init
 .text.HAL_InitTick
                0x08000f98       0x74 ./Drivers/STM32WBxx_HAL_Driver/Src/stm32wbxx_hal.o
                0x08000f98                HAL_InitTick
 .text.HAL_IncTick
                0x0800100c       0x28 ./Drivers/STM32WBxx_HAL_Driver/Src/stm32wbxx_hal.o
                0x0800100c                HAL_IncTick
 .text.HAL_GetTick
                0x08001034       0x18 ./Drivers/STM32WBxx_HAL_Driver/Src/stm32wbxx_hal.o
                0x08001034                HAL_GetTick
 .text.HAL_GetTickPrio
                0x0800104c       0x18 ./Drivers/STM32WBxx_HAL_Driver/Src/stm32wbxx_hal.o
                0x0800104c                HAL_GetTickPrio
 .text.HAL_SuspendTick
                0x08001064       0x20 ./Drivers/STM32WBxx_HAL_Driver/Src/stm32wbxx_hal.o
                0x08001064                HAL_SuspendTick
 .text.HAL_ResumeTick
                0x08001084       0x20 ./Drivers/STM32WBxx_HAL_Driver/Src/stm32wbxx_hal.o
                0x08001084                HAL_ResumeTick
 .text.LL_ADC_SetCommonClock
                0x080010a4       0x26 ./Drivers/STM32WBxx_HAL_Driver/Src/stm32wbxx_hal_adc.o
 .text.LL_ADC_SetCommonPathInternalCh
                0x080010ca       0x26 ./Drivers/STM32WBxx_HAL_Driver/Src/stm32wbxx_hal_adc.o
 .text.LL_ADC_GetCommonPathInternalCh
                0x080010f0       0x1c ./Drivers/STM32WBxx_HAL_Driver/Src/stm32wbxx_hal_adc.o
 .text.LL_ADC_SetOffset
                0x0800110c       0x48 ./Drivers/STM32WBxx_HAL_Driver/Src/stm32wbxx_hal_adc.o
 .text.LL_ADC_GetOffsetChannel
                0x08001154       0x2c ./Drivers/STM32WBxx_HAL_Driver/Src/stm32wbxx_hal_adc.o
 .text.LL_ADC_SetOffsetState
                0x08001180       0x36 ./Drivers/STM32WBxx_HAL_Driver/Src/stm32wbxx_hal_adc.o
 .text.LL_ADC_REG_IsTriggerSourceSWStart
                0x080011b6       0x26 ./Drivers/STM32WBxx_HAL_Driver/Src/stm32wbxx_hal_adc.o
 .text.LL_ADC_REG_SetSequencerRanks
                0x080011dc       0x58 ./Drivers/STM32WBxx_HAL_Driver/Src/stm32wbxx_hal_adc.o
 .text.LL_ADC_SetChannelSamplingTime
                0x08001234       0x56 ./Drivers/STM32WBxx_HAL_Driver/Src/stm32wbxx_hal_adc.o
 *fill*         0x0800128a        0x2 
 .text.LL_ADC_SetChannelSingleDiff
                0x0800128c       0x48 ./Drivers/STM32WBxx_HAL_Driver/Src/stm32wbxx_hal_adc.o
 .text.LL_ADC_DisableDeepPowerDown
                0x080012d4       0x24 ./Drivers/STM32WBxx_HAL_Driver/Src/stm32wbxx_hal_adc.o
 .text.LL_ADC_IsDeepPowerDownEnabled
                0x080012f8       0x28 ./Drivers/STM32WBxx_HAL_Driver/Src/stm32wbxx_hal_adc.o
 .text.LL_ADC_EnableInternalRegulator
                0x08001320       0x28 ./Drivers/STM32WBxx_HAL_Driver/Src/stm32wbxx_hal_adc.o
 .text.LL_ADC_IsInternalRegulatorEnabled
                0x08001348       0x28 ./Drivers/STM32WBxx_HAL_Driver/Src/stm32wbxx_hal_adc.o
 .text.LL_ADC_Enable
                0x08001370       0x28 ./Drivers/STM32WBxx_HAL_Driver/Src/stm32wbxx_hal_adc.o
 .text.LL_ADC_Disable
                0x08001398       0x28 ./Drivers/STM32WBxx_HAL_Driver/Src/stm32wbxx_hal_adc.o
 .text.LL_ADC_IsEnabled
                0x080013c0       0x26 ./Drivers/STM32WBxx_HAL_Driver/Src/stm32wbxx_hal_adc.o
 .text.LL_ADC_IsDisableOngoing
                0x080013e6       0x26 ./Drivers/STM32WBxx_HAL_Driver/Src/stm32wbxx_hal_adc.o
 .text.LL_ADC_REG_StartConversion
                0x0800140c       0x28 ./Drivers/STM32WBxx_HAL_Driver/Src/stm32wbxx_hal_adc.o
 .text.LL_ADC_REG_StopConversion
                0x08001434       0x28 ./Drivers/STM32WBxx_HAL_Driver/Src/stm32wbxx_hal_adc.o
 .text.LL_ADC_REG_IsConversionOngoing
                0x0800145c       0x26 ./Drivers/STM32WBxx_HAL_Driver/Src/stm32wbxx_hal_adc.o
 .text.LL_ADC_INJ_StopConversion
                0x08001482       0x28 ./Drivers/STM32WBxx_HAL_Driver/Src/stm32wbxx_hal_adc.o
 .text.LL_ADC_INJ_IsConversionOngoing
                0x080014aa       0x26 ./Drivers/STM32WBxx_HAL_Driver/Src/stm32wbxx_hal_adc.o
 .text.HAL_ADC_Init
                0x080014d0      0x298 ./Drivers/STM32WBxx_HAL_Driver/Src/stm32wbxx_hal_adc.o
                0x080014d0                HAL_ADC_Init
 .text.HAL_ADC_Start
                0x08001768       0xa8 ./Drivers/STM32WBxx_HAL_Driver/Src/stm32wbxx_hal_adc.o
                0x08001768                HAL_ADC_Start
 .text.HAL_ADC_Stop
                0x08001810       0x66 ./Drivers/STM32WBxx_HAL_Driver/Src/stm32wbxx_hal_adc.o
                0x08001810                HAL_ADC_Stop
 .text.HAL_ADC_PollForConversion
                0x08001876      0x11a ./Drivers/STM32WBxx_HAL_Driver/Src/stm32wbxx_hal_adc.o
                0x08001876                HAL_ADC_PollForConversion
 .text.HAL_ADC_GetValue
                0x08001990       0x1a ./Drivers/STM32WBxx_HAL_Driver/Src/stm32wbxx_hal_adc.o
                0x08001990                HAL_ADC_GetValue
 *fill*         0x080019aa        0x2 
 .text.HAL_ADC_ConfigChannel
                0x080019ac      0x78c ./Drivers/STM32WBxx_HAL_Driver/Src/stm32wbxx_hal_adc.o
                0x080019ac                HAL_ADC_ConfigChannel
 .text.ADC_ConversionStop
                0x08002138      0x178 ./Drivers/STM32WBxx_HAL_Driver/Src/stm32wbxx_hal_adc.o
                0x08002138                ADC_ConversionStop
 .text.ADC_Enable
                0x080022b0       0xf4 ./Drivers/STM32WBxx_HAL_Driver/Src/stm32wbxx_hal_adc.o
                0x080022b0                ADC_Enable
 .text.ADC_Disable
                0x080023a4       0xbe ./Drivers/STM32WBxx_HAL_Driver/Src/stm32wbxx_hal_adc.o
                0x080023a4                ADC_Disable
 *fill*         0x08002462        0x2 
 .text.__NVIC_SetPriorityGrouping
                0x08002464       0x48 ./Drivers/STM32WBxx_HAL_Driver/Src/stm32wbxx_hal_cortex.o
 .text.__NVIC_GetPriorityGrouping
                0x080024ac       0x1c ./Drivers/STM32WBxx_HAL_Driver/Src/stm32wbxx_hal_cortex.o
 .text.__NVIC_EnableIRQ
                0x080024c8       0x3c ./Drivers/STM32WBxx_HAL_Driver/Src/stm32wbxx_hal_cortex.o
 .text.__NVIC_SetPriority
                0x08002504       0x54 ./Drivers/STM32WBxx_HAL_Driver/Src/stm32wbxx_hal_cortex.o
 .text.NVIC_EncodePriority
                0x08002558       0x66 ./Drivers/STM32WBxx_HAL_Driver/Src/stm32wbxx_hal_cortex.o
 *fill*         0x080025be        0x2 
 .text.SysTick_Config
                0x080025c0       0x44 ./Drivers/STM32WBxx_HAL_Driver/Src/stm32wbxx_hal_cortex.o
 .text.HAL_NVIC_SetPriorityGrouping
                0x08002604       0x16 ./Drivers/STM32WBxx_HAL_Driver/Src/stm32wbxx_hal_cortex.o
                0x08002604                HAL_NVIC_SetPriorityGrouping
 .text.HAL_NVIC_SetPriority
                0x0800261a       0x34 ./Drivers/STM32WBxx_HAL_Driver/Src/stm32wbxx_hal_cortex.o
                0x0800261a                HAL_NVIC_SetPriority
 .text.HAL_NVIC_EnableIRQ
                0x0800264e       0x1c ./Drivers/STM32WBxx_HAL_Driver/Src/stm32wbxx_hal_cortex.o
                0x0800264e                HAL_NVIC_EnableIRQ
 .text.HAL_SYSTICK_Config
                0x0800266a       0x18 ./Drivers/STM32WBxx_HAL_Driver/Src/stm32wbxx_hal_cortex.o
                0x0800266a                HAL_SYSTICK_Config
 *fill*         0x08002682        0x2 
 .text.HAL_FLASH_Program
                0x08002684       0x88 ./Drivers/STM32WBxx_HAL_Driver/Src/stm32wbxx_hal_flash.o
                0x08002684                HAL_FLASH_Program
 .text.HAL_FLASH_Unlock
                0x0800270c       0x44 ./Drivers/STM32WBxx_HAL_Driver/Src/stm32wbxx_hal_flash.o
                0x0800270c                HAL_FLASH_Unlock
 .text.HAL_FLASH_Lock
                0x08002750       0x34 ./Drivers/STM32WBxx_HAL_Driver/Src/stm32wbxx_hal_flash.o
                0x08002750                HAL_FLASH_Lock
 .text.FLASH_WaitForLastOperation
                0x08002784       0xdc ./Drivers/STM32WBxx_HAL_Driver/Src/stm32wbxx_hal_flash.o
                0x08002784                FLASH_WaitForLastOperation
 .text.FLASH_Program_DoubleWord
                0x08002860       0x4c ./Drivers/STM32WBxx_HAL_Driver/Src/stm32wbxx_hal_flash.o
 .text.HAL_FLASHEx_Erase
                0x080028ac       0xa0 ./Drivers/STM32WBxx_HAL_Driver/Src/stm32wbxx_hal_flash_ex.o
                0x080028ac                HAL_FLASHEx_Erase
 .text.FLASH_PageErase
                0x0800294c       0x34 ./Drivers/STM32WBxx_HAL_Driver/Src/stm32wbxx_hal_flash_ex.o
                0x0800294c                FLASH_PageErase
 .text.FLASH_FlushCaches
                0x08002980       0x90 ./Drivers/STM32WBxx_HAL_Driver/Src/stm32wbxx_hal_flash_ex.o
 .text.FLASH_AcknowledgePageErase
                0x08002a10       0x24 ./Drivers/STM32WBxx_HAL_Driver/Src/stm32wbxx_hal_flash_ex.o
 .text.HAL_GPIO_Init
                0x08002a34      0x2e0 ./Drivers/STM32WBxx_HAL_Driver/Src/stm32wbxx_hal_gpio.o
                0x08002a34                HAL_GPIO_Init
 .text.HAL_GPIO_ReadPin
                0x08002d14       0x30 ./Drivers/STM32WBxx_HAL_Driver/Src/stm32wbxx_hal_gpio.o
                0x08002d14                HAL_GPIO_ReadPin
 .text.HAL_GPIO_WritePin
                0x08002d44       0x30 ./Drivers/STM32WBxx_HAL_Driver/Src/stm32wbxx_hal_gpio.o
                0x08002d44                HAL_GPIO_WritePin
 .text.HAL_GPIO_EXTI_IRQHandler
                0x08002d74       0x30 ./Drivers/STM32WBxx_HAL_Driver/Src/stm32wbxx_hal_gpio.o
                0x08002d74                HAL_GPIO_EXTI_IRQHandler
 .text.LL_APB1_GRP1_ForceReset
                0x08002da4       0x24 ./Drivers/STM32WBxx_HAL_Driver/Src/stm32wbxx_hal_lptim.o
 .text.LL_APB1_GRP2_ForceReset
                0x08002dc8       0x24 ./Drivers/STM32WBxx_HAL_Driver/Src/stm32wbxx_hal_lptim.o
 .text.LL_APB1_GRP1_ReleaseReset
                0x08002dec       0x26 ./Drivers/STM32WBxx_HAL_Driver/Src/stm32wbxx_hal_lptim.o
 .text.LL_APB1_GRP2_ReleaseReset
                0x08002e12       0x26 ./Drivers/STM32WBxx_HAL_Driver/Src/stm32wbxx_hal_lptim.o
 .text.HAL_LPTIM_Init
                0x08002e38      0x144 ./Drivers/STM32WBxx_HAL_Driver/Src/stm32wbxx_hal_lptim.o
                0x08002e38                HAL_LPTIM_Init
 .text.HAL_LPTIM_PWM_Start
                0x08002f7c       0x9a ./Drivers/STM32WBxx_HAL_Driver/Src/stm32wbxx_hal_lptim.o
                0x08002f7c                HAL_LPTIM_PWM_Start
 .text.HAL_LPTIM_PWM_Stop
                0x08003016       0x38 ./Drivers/STM32WBxx_HAL_Driver/Src/stm32wbxx_hal_lptim.o
                0x08003016                HAL_LPTIM_PWM_Stop
 .text.HAL_LPTIM_GetState
                0x0800304e       0x1c ./Drivers/STM32WBxx_HAL_Driver/Src/stm32wbxx_hal_lptim.o
                0x0800304e                HAL_LPTIM_GetState
 *fill*         0x0800306a        0x2 
 .text.LPTIM_WaitForFlag
                0x0800306c       0x60 ./Drivers/STM32WBxx_HAL_Driver/Src/stm32wbxx_hal_lptim.o
 .text.LPTIM_Disable
                0x080030cc      0x140 ./Drivers/STM32WBxx_HAL_Driver/Src/stm32wbxx_hal_lptim.o
                0x080030cc                LPTIM_Disable
 .text.HAL_PCD_Init
                0x0800320c      0x19c ./Drivers/STM32WBxx_HAL_Driver/Src/stm32wbxx_hal_pcd.o
                0x0800320c                HAL_PCD_Init
 .text.HAL_PCD_Start
                0x080033a8       0x44 ./Drivers/STM32WBxx_HAL_Driver/Src/stm32wbxx_hal_pcd.o
                0x080033a8                HAL_PCD_Start
 .text.HAL_PCD_Stop
                0x080033ec       0x44 ./Drivers/STM32WBxx_HAL_Driver/Src/stm32wbxx_hal_pcd.o
                0x080033ec                HAL_PCD_Stop
 .text.HAL_PCD_IRQHandler
                0x08003430      0x24e ./Drivers/STM32WBxx_HAL_Driver/Src/stm32wbxx_hal_pcd.o
                0x08003430                HAL_PCD_IRQHandler
 .text.HAL_PCD_SetAddress
                0x0800367e       0x48 ./Drivers/STM32WBxx_HAL_Driver/Src/stm32wbxx_hal_pcd.o
                0x0800367e                HAL_PCD_SetAddress
 .text.HAL_PCD_EP_Open
                0x080036c6       0xbe ./Drivers/STM32WBxx_HAL_Driver/Src/stm32wbxx_hal_pcd.o
                0x080036c6                HAL_PCD_EP_Open
 .text.HAL_PCD_EP_Close
                0x08003784       0x90 ./Drivers/STM32WBxx_HAL_Driver/Src/stm32wbxx_hal_pcd.o
                0x08003784                HAL_PCD_EP_Close
 .text.HAL_PCD_EP_Receive
                0x08003814       0x62 ./Drivers/STM32WBxx_HAL_Driver/Src/stm32wbxx_hal_pcd.o
                0x08003814                HAL_PCD_EP_Receive
 .text.HAL_PCD_EP_GetRxCount
                0x08003876       0x30 ./Drivers/STM32WBxx_HAL_Driver/Src/stm32wbxx_hal_pcd.o
                0x08003876                HAL_PCD_EP_GetRxCount
 .text.HAL_PCD_EP_Transmit
                0x080038a6       0x6e ./Drivers/STM32WBxx_HAL_Driver/Src/stm32wbxx_hal_pcd.o
                0x080038a6                HAL_PCD_EP_Transmit
 .text.HAL_PCD_EP_SetStall
                0x08003914       0xa4 ./Drivers/STM32WBxx_HAL_Driver/Src/stm32wbxx_hal_pcd.o
                0x08003914                HAL_PCD_EP_SetStall
 .text.HAL_PCD_EP_ClrStall
                0x080039b8       0xa8 ./Drivers/STM32WBxx_HAL_Driver/Src/stm32wbxx_hal_pcd.o
                0x080039b8                HAL_PCD_EP_ClrStall
 .text.HAL_PCD_EP_Flush
                0x08003a60       0x5a ./Drivers/STM32WBxx_HAL_Driver/Src/stm32wbxx_hal_pcd.o
                0x08003a60                HAL_PCD_EP_Flush
 .text.PCD_EP_ISR_Handler
                0x08003aba      0x68e ./Drivers/STM32WBxx_HAL_Driver/Src/stm32wbxx_hal_pcd.o
 .text.HAL_PCD_EP_DB_Receive
                0x08004148      0x212 ./Drivers/STM32WBxx_HAL_Driver/Src/stm32wbxx_hal_pcd.o
 .text.HAL_PCD_EP_DB_Transmit
                0x0800435a      0x878 ./Drivers/STM32WBxx_HAL_Driver/Src/stm32wbxx_hal_pcd.o
 .text.HAL_PCDEx_PMAConfig
                0x08004bd2       0x86 ./Drivers/STM32WBxx_HAL_Driver/Src/stm32wbxx_hal_pcd_ex.o
                0x08004bd2                HAL_PCDEx_PMAConfig
 .text.HAL_PCDEx_ActivateLPM
                0x08004c58       0x54 ./Drivers/STM32WBxx_HAL_Driver/Src/stm32wbxx_hal_pcd_ex.o
                0x08004c58                HAL_PCDEx_ActivateLPM
 .text.HAL_PWR_EnableBkUpAccess
                0x08004cac       0x20 ./Drivers/STM32WBxx_HAL_Driver/Src/stm32wbxx_hal_pwr.o
                0x08004cac                HAL_PWR_EnableBkUpAccess
 .text.LL_EXTI_ReadFlag_0_31
                0x08004ccc       0x20 ./Drivers/STM32WBxx_HAL_Driver/Src/stm32wbxx_hal_pwr_ex.o
 .text.LL_EXTI_ReadFlag_32_63
                0x08004cec       0x20 ./Drivers/STM32WBxx_HAL_Driver/Src/stm32wbxx_hal_pwr_ex.o
 .text.LL_EXTI_ClearFlag_0_31
                0x08004d0c       0x20 ./Drivers/STM32WBxx_HAL_Driver/Src/stm32wbxx_hal_pwr_ex.o
 .text.LL_EXTI_ClearFlag_32_63
                0x08004d2c       0x20 ./Drivers/STM32WBxx_HAL_Driver/Src/stm32wbxx_hal_pwr_ex.o
 .text.HAL_PWREx_GetVoltageRange
                0x08004d4c       0x1c ./Drivers/STM32WBxx_HAL_Driver/Src/stm32wbxx_hal_pwr_ex.o
                0x08004d4c                HAL_PWREx_GetVoltageRange
 .text.HAL_PWREx_EnableVddUSB
                0x08004d68       0x20 ./Drivers/STM32WBxx_HAL_Driver/Src/stm32wbxx_hal_pwr_ex.o
                0x08004d68                HAL_PWREx_EnableVddUSB
 .text.HAL_PWREx_EnterSTOP2Mode
                0x08004d88       0x58 ./Drivers/STM32WBxx_HAL_Driver/Src/stm32wbxx_hal_pwr_ex.o
                0x08004d88                HAL_PWREx_EnterSTOP2Mode
 .text.HAL_PWREx_PVD_PVM_IRQHandler
                0x08004de0       0x52 ./Drivers/STM32WBxx_HAL_Driver/Src/stm32wbxx_hal_pwr_ex.o
                0x08004de0                HAL_PWREx_PVD_PVM_IRQHandler
 .text.HAL_PWREx_PVM1Callback
                0x08004e32        0xe ./Drivers/STM32WBxx_HAL_Driver/Src/stm32wbxx_hal_pwr_ex.o
                0x08004e32                HAL_PWREx_PVM1Callback
 .text.HAL_PWREx_PVM3Callback
                0x08004e40        0xe ./Drivers/STM32WBxx_HAL_Driver/Src/stm32wbxx_hal_pwr_ex.o
                0x08004e40                HAL_PWREx_PVM3Callback
 .text.LL_RCC_HSE_IsEnabledDiv2
                0x08004e4e       0x24 ./Drivers/STM32WBxx_HAL_Driver/Src/stm32wbxx_hal_rcc.o
 .text.LL_RCC_HSE_Enable
                0x08004e72       0x1e ./Drivers/STM32WBxx_HAL_Driver/Src/stm32wbxx_hal_rcc.o
 .text.LL_RCC_HSE_Disable
                0x08004e90       0x1e ./Drivers/STM32WBxx_HAL_Driver/Src/stm32wbxx_hal_rcc.o
 .text.LL_RCC_HSE_IsReady
                0x08004eae       0x24 ./Drivers/STM32WBxx_HAL_Driver/Src/stm32wbxx_hal_rcc.o
 .text.LL_RCC_HSI_Enable
                0x08004ed2       0x1e ./Drivers/STM32WBxx_HAL_Driver/Src/stm32wbxx_hal_rcc.o
 .text.LL_RCC_HSI_Disable
                0x08004ef0       0x1e ./Drivers/STM32WBxx_HAL_Driver/Src/stm32wbxx_hal_rcc.o
 .text.LL_RCC_HSI_IsReady
                0x08004f0e       0x24 ./Drivers/STM32WBxx_HAL_Driver/Src/stm32wbxx_hal_rcc.o
 .text.LL_RCC_HSI_SetCalibTrimming
                0x08004f32       0x2a ./Drivers/STM32WBxx_HAL_Driver/Src/stm32wbxx_hal_rcc.o
 .text.LL_RCC_HSI48_Enable
                0x08004f5c       0x22 ./Drivers/STM32WBxx_HAL_Driver/Src/stm32wbxx_hal_rcc.o
 .text.LL_RCC_HSI48_Disable
                0x08004f7e       0x22 ./Drivers/STM32WBxx_HAL_Driver/Src/stm32wbxx_hal_rcc.o
 .text.LL_RCC_HSI48_IsReady
                0x08004fa0       0x24 ./Drivers/STM32WBxx_HAL_Driver/Src/stm32wbxx_hal_rcc.o
 .text.LL_RCC_LSE_Enable
                0x08004fc4       0x22 ./Drivers/STM32WBxx_HAL_Driver/Src/stm32wbxx_hal_rcc.o
 .text.LL_RCC_LSE_Disable
                0x08004fe6       0x22 ./Drivers/STM32WBxx_HAL_Driver/Src/stm32wbxx_hal_rcc.o
 .text.LL_RCC_LSE_EnableBypass
                0x08005008       0x22 ./Drivers/STM32WBxx_HAL_Driver/Src/stm32wbxx_hal_rcc.o
 .text.LL_RCC_LSE_DisableBypass
                0x0800502a       0x22 ./Drivers/STM32WBxx_HAL_Driver/Src/stm32wbxx_hal_rcc.o
 .text.LL_RCC_LSE_IsReady
                0x0800504c       0x24 ./Drivers/STM32WBxx_HAL_Driver/Src/stm32wbxx_hal_rcc.o
 .text.LL_RCC_LSI1_Enable
                0x08005070       0x22 ./Drivers/STM32WBxx_HAL_Driver/Src/stm32wbxx_hal_rcc.o
 .text.LL_RCC_LSI1_Disable
                0x08005092       0x22 ./Drivers/STM32WBxx_HAL_Driver/Src/stm32wbxx_hal_rcc.o
 .text.LL_RCC_LSI1_IsReady
                0x080050b4       0x24 ./Drivers/STM32WBxx_HAL_Driver/Src/stm32wbxx_hal_rcc.o
 .text.LL_RCC_LSI2_Enable
                0x080050d8       0x22 ./Drivers/STM32WBxx_HAL_Driver/Src/stm32wbxx_hal_rcc.o
 .text.LL_RCC_LSI2_Disable
                0x080050fa       0x22 ./Drivers/STM32WBxx_HAL_Driver/Src/stm32wbxx_hal_rcc.o
 .text.LL_RCC_LSI2_IsReady
                0x0800511c       0x24 ./Drivers/STM32WBxx_HAL_Driver/Src/stm32wbxx_hal_rcc.o
 .text.LL_RCC_LSI2_SetTrimming
                0x08005140       0x2e ./Drivers/STM32WBxx_HAL_Driver/Src/stm32wbxx_hal_rcc.o
 .text.LL_RCC_MSI_Enable
                0x0800516e       0x1e ./Drivers/STM32WBxx_HAL_Driver/Src/stm32wbxx_hal_rcc.o
 .text.LL_RCC_MSI_Disable
                0x0800518c       0x1e ./Drivers/STM32WBxx_HAL_Driver/Src/stm32wbxx_hal_rcc.o
 .text.LL_RCC_MSI_IsReady
                0x080051aa       0x22 ./Drivers/STM32WBxx_HAL_Driver/Src/stm32wbxx_hal_rcc.o
 .text.LL_RCC_MSI_SetRange
                0x080051cc       0x28 ./Drivers/STM32WBxx_HAL_Driver/Src/stm32wbxx_hal_rcc.o
 .text.LL_RCC_MSI_GetRange
                0x080051f4       0x2a ./Drivers/STM32WBxx_HAL_Driver/Src/stm32wbxx_hal_rcc.o
 .text.LL_RCC_MSI_SetCalibTrimming
                0x0800521e       0x2a ./Drivers/STM32WBxx_HAL_Driver/Src/stm32wbxx_hal_rcc.o
 .text.LL_RCC_SetSysClkSource
                0x08005248       0x28 ./Drivers/STM32WBxx_HAL_Driver/Src/stm32wbxx_hal_rcc.o
 .text.LL_RCC_GetSysClkSource
                0x08005270       0x18 ./Drivers/STM32WBxx_HAL_Driver/Src/stm32wbxx_hal_rcc.o
 .text.LL_RCC_SetAHBPrescaler
                0x08005288       0x28 ./Drivers/STM32WBxx_HAL_Driver/Src/stm32wbxx_hal_rcc.o
 .text.LL_C2_RCC_SetAHBPrescaler
                0x080052b0       0x2c ./Drivers/STM32WBxx_HAL_Driver/Src/stm32wbxx_hal_rcc.o
 .text.LL_RCC_SetAHB4Prescaler
                0x080052dc       0x2e ./Drivers/STM32WBxx_HAL_Driver/Src/stm32wbxx_hal_rcc.o
 .text.LL_RCC_SetAPB1Prescaler
                0x0800530a       0x28 ./Drivers/STM32WBxx_HAL_Driver/Src/stm32wbxx_hal_rcc.o
 .text.LL_RCC_SetAPB2Prescaler
                0x08005332       0x28 ./Drivers/STM32WBxx_HAL_Driver/Src/stm32wbxx_hal_rcc.o
 .text.LL_RCC_GetAHBPrescaler
                0x0800535a       0x18 ./Drivers/STM32WBxx_HAL_Driver/Src/stm32wbxx_hal_rcc.o
 .text.LL_RCC_GetAHB4Prescaler
                0x08005372       0x1c ./Drivers/STM32WBxx_HAL_Driver/Src/stm32wbxx_hal_rcc.o
 .text.LL_RCC_PLL_Enable
                0x0800538e       0x1e ./Drivers/STM32WBxx_HAL_Driver/Src/stm32wbxx_hal_rcc.o
 .text.LL_RCC_PLL_Disable
                0x080053ac       0x1e ./Drivers/STM32WBxx_HAL_Driver/Src/stm32wbxx_hal_rcc.o
 .text.LL_RCC_PLL_IsReady
                0x080053ca       0x24 ./Drivers/STM32WBxx_HAL_Driver/Src/stm32wbxx_hal_rcc.o
 .text.LL_RCC_PLL_GetN
                0x080053ee       0x1a ./Drivers/STM32WBxx_HAL_Driver/Src/stm32wbxx_hal_rcc.o
 .text.LL_RCC_PLL_GetR
                0x08005408       0x18 ./Drivers/STM32WBxx_HAL_Driver/Src/stm32wbxx_hal_rcc.o
 .text.LL_RCC_PLL_GetDivider
                0x08005420       0x18 ./Drivers/STM32WBxx_HAL_Driver/Src/stm32wbxx_hal_rcc.o
 .text.LL_RCC_PLL_GetMainSource
                0x08005438       0x18 ./Drivers/STM32WBxx_HAL_Driver/Src/stm32wbxx_hal_rcc.o
 .text.LL_RCC_IsActiveFlag_HPRE
                0x08005450       0x24 ./Drivers/STM32WBxx_HAL_Driver/Src/stm32wbxx_hal_rcc.o
 .text.LL_RCC_IsActiveFlag_C2HPRE
                0x08005474       0x26 ./Drivers/STM32WBxx_HAL_Driver/Src/stm32wbxx_hal_rcc.o
 .text.LL_RCC_IsActiveFlag_SHDHPRE
                0x0800549a       0x26 ./Drivers/STM32WBxx_HAL_Driver/Src/stm32wbxx_hal_rcc.o
 .text.LL_RCC_IsActiveFlag_PPRE1
                0x080054c0       0x24 ./Drivers/STM32WBxx_HAL_Driver/Src/stm32wbxx_hal_rcc.o
 .text.LL_RCC_IsActiveFlag_PPRE2
                0x080054e4       0x24 ./Drivers/STM32WBxx_HAL_Driver/Src/stm32wbxx_hal_rcc.o
 .text.HAL_RCC_OscConfig
                0x08005508      0x6e8 ./Drivers/STM32WBxx_HAL_Driver/Src/stm32wbxx_hal_rcc.o
                0x08005508                HAL_RCC_OscConfig
 .text.HAL_RCC_ClockConfig
                0x08005bf0      0x280 ./Drivers/STM32WBxx_HAL_Driver/Src/stm32wbxx_hal_rcc.o
                0x08005bf0                HAL_RCC_ClockConfig
 .text.HAL_RCC_GetSysClockFreq
                0x08005e70       0xd8 ./Drivers/STM32WBxx_HAL_Driver/Src/stm32wbxx_hal_rcc.o
                0x08005e70                HAL_RCC_GetSysClockFreq
 .text.HAL_RCC_GetHCLKFreq
                0x08005f48       0x28 ./Drivers/STM32WBxx_HAL_Driver/Src/stm32wbxx_hal_rcc.o
                0x08005f48                HAL_RCC_GetHCLKFreq
 .text.RCC_SetFlashLatencyFromMSIRange
                0x08005f70       0x70 ./Drivers/STM32WBxx_HAL_Driver/Src/stm32wbxx_hal_rcc.o
 .text.RCC_SetFlashLatency
                0x08005fe0       0xf8 ./Drivers/STM32WBxx_HAL_Driver/Src/stm32wbxx_hal_rcc.o
 .text.LL_RCC_LSE_IsEnabled
                0x080060d8       0x24 ./Drivers/STM32WBxx_HAL_Driver/Src/stm32wbxx_hal_rcc_ex.o
 .text.LL_RCC_LSE_IsReady
                0x080060fc       0x24 ./Drivers/STM32WBxx_HAL_Driver/Src/stm32wbxx_hal_rcc_ex.o
 .text.LL_RCC_MSI_EnablePLLMode
                0x08006120       0x1e ./Drivers/STM32WBxx_HAL_Driver/Src/stm32wbxx_hal_rcc_ex.o
 .text.LL_RCC_SetRFWKPClockSource
                0x0800613e       0x2c ./Drivers/STM32WBxx_HAL_Driver/Src/stm32wbxx_hal_rcc_ex.o
 .text.LL_RCC_SetSMPSClockSource
                0x0800616a       0x28 ./Drivers/STM32WBxx_HAL_Driver/Src/stm32wbxx_hal_rcc_ex.o
 .text.LL_RCC_SetSMPSPrescaler
                0x08006192       0x28 ./Drivers/STM32WBxx_HAL_Driver/Src/stm32wbxx_hal_rcc_ex.o
 .text.LL_RCC_SetUSARTClockSource
                0x080061ba       0x2c ./Drivers/STM32WBxx_HAL_Driver/Src/stm32wbxx_hal_rcc_ex.o
 .text.LL_RCC_SetLPUARTClockSource
                0x080061e6       0x2c ./Drivers/STM32WBxx_HAL_Driver/Src/stm32wbxx_hal_rcc_ex.o
 .text.LL_RCC_SetI2CClockSource
                0x08006212       0x3a ./Drivers/STM32WBxx_HAL_Driver/Src/stm32wbxx_hal_rcc_ex.o
 .text.LL_RCC_SetLPTIMClockSource
                0x0800624c       0x34 ./Drivers/STM32WBxx_HAL_Driver/Src/stm32wbxx_hal_rcc_ex.o
 .text.LL_RCC_SetSAIClockSource
                0x08006280       0x2c ./Drivers/STM32WBxx_HAL_Driver/Src/stm32wbxx_hal_rcc_ex.o
 .text.LL_RCC_SetRNGClockSource
                0x080062ac       0x2c ./Drivers/STM32WBxx_HAL_Driver/Src/stm32wbxx_hal_rcc_ex.o
 .text.LL_RCC_SetCLK48ClockSource
                0x080062d8       0x2c ./Drivers/STM32WBxx_HAL_Driver/Src/stm32wbxx_hal_rcc_ex.o
 .text.LL_RCC_SetUSBClockSource
                0x08006304       0x16 ./Drivers/STM32WBxx_HAL_Driver/Src/stm32wbxx_hal_rcc_ex.o
 .text.LL_RCC_SetADCClockSource
                0x0800631a       0x2c ./Drivers/STM32WBxx_HAL_Driver/Src/stm32wbxx_hal_rcc_ex.o
 .text.LL_RCC_SetRTCClockSource
                0x08006346       0x2c ./Drivers/STM32WBxx_HAL_Driver/Src/stm32wbxx_hal_rcc_ex.o
 .text.LL_RCC_GetRTCClockSource
                0x08006372       0x1a ./Drivers/STM32WBxx_HAL_Driver/Src/stm32wbxx_hal_rcc_ex.o
 .text.LL_RCC_ForceBackupDomainReset
                0x0800638c       0x22 ./Drivers/STM32WBxx_HAL_Driver/Src/stm32wbxx_hal_rcc_ex.o
 .text.LL_RCC_ReleaseBackupDomainReset
                0x080063ae       0x22 ./Drivers/STM32WBxx_HAL_Driver/Src/stm32wbxx_hal_rcc_ex.o
 .text.LL_RCC_PLLSAI1_Enable
                0x080063d0       0x1e ./Drivers/STM32WBxx_HAL_Driver/Src/stm32wbxx_hal_rcc_ex.o
 .text.LL_RCC_PLLSAI1_Disable
                0x080063ee       0x1e ./Drivers/STM32WBxx_HAL_Driver/Src/stm32wbxx_hal_rcc_ex.o
 .text.LL_RCC_PLLSAI1_IsReady
                0x0800640c       0x24 ./Drivers/STM32WBxx_HAL_Driver/Src/stm32wbxx_hal_rcc_ex.o
 .text.HAL_RCCEx_PeriphCLKConfig
                0x08006430      0x2ec ./Drivers/STM32WBxx_HAL_Driver/Src/stm32wbxx_hal_rcc_ex.o
                0x08006430                HAL_RCCEx_PeriphCLKConfig
 .text.HAL_RCCEx_EnableMSIPLLMode
                0x0800671c        0xc ./Drivers/STM32WBxx_HAL_Driver/Src/stm32wbxx_hal_rcc_ex.o
                0x0800671c                HAL_RCCEx_EnableMSIPLLMode
 .text.RCCEx_PLLSAI1_ConfigNP
                0x08006728       0xb6 ./Drivers/STM32WBxx_HAL_Driver/Src/stm32wbxx_hal_rcc_ex.o
 .text.RCCEx_PLLSAI1_ConfigNQ
                0x080067de       0xb6 ./Drivers/STM32WBxx_HAL_Driver/Src/stm32wbxx_hal_rcc_ex.o
 .text.RCCEx_PLLSAI1_ConfigNR
                0x08006894       0xb6 ./Drivers/STM32WBxx_HAL_Driver/Src/stm32wbxx_hal_rcc_ex.o
 .text.USB_EnableGlobalInt
                0x0800694a       0x2e ./Drivers/STM32WBxx_HAL_Driver/Src/stm32wbxx_ll_usb.o
                0x0800694a                USB_EnableGlobalInt
 .text.USB_DisableGlobalInt
                0x08006978       0x36 ./Drivers/STM32WBxx_HAL_Driver/Src/stm32wbxx_ll_usb.o
                0x08006978                USB_DisableGlobalInt
 .text.USB_DevInit
                0x080069ae       0x3c ./Drivers/STM32WBxx_HAL_Driver/Src/stm32wbxx_ll_usb.o
                0x080069ae                USB_DevInit
 .text.USB_FlushTxFifo
                0x080069ea       0x18 ./Drivers/STM32WBxx_HAL_Driver/Src/stm32wbxx_ll_usb.o
                0x080069ea                USB_FlushTxFifo
 .text.USB_FlushRxFifo
                0x08006a02       0x16 ./Drivers/STM32WBxx_HAL_Driver/Src/stm32wbxx_ll_usb.o
                0x08006a02                USB_FlushRxFifo
 .text.USB_ActivateEndpoint
                0x08006a18      0x9d0 ./Drivers/STM32WBxx_HAL_Driver/Src/stm32wbxx_ll_usb.o
                0x08006a18                USB_ActivateEndpoint
 .text.USB_DeactivateEndpoint
                0x080073e8      0x3da ./Drivers/STM32WBxx_HAL_Driver/Src/stm32wbxx_ll_usb.o
                0x080073e8                USB_DeactivateEndpoint
 .text.USB_EPStartXfer
                0x080077c2      0xb5e ./Drivers/STM32WBxx_HAL_Driver/Src/stm32wbxx_ll_usb.o
                0x080077c2                USB_EPStartXfer
 .text.USB_EPSetStall
                0x08008320       0xa2 ./Drivers/STM32WBxx_HAL_Driver/Src/stm32wbxx_ll_usb.o
                0x08008320                USB_EPSetStall
 .text.USB_EPClearStall
                0x080083c2      0x152 ./Drivers/STM32WBxx_HAL_Driver/Src/stm32wbxx_ll_usb.o
                0x080083c2                USB_EPClearStall
 .text.USB_SetDevAddress
                0x08008514       0x28 ./Drivers/STM32WBxx_HAL_Driver/Src/stm32wbxx_ll_usb.o
                0x08008514                USB_SetDevAddress
 .text.USB_DevConnect
                0x0800853c       0x2e ./Drivers/STM32WBxx_HAL_Driver/Src/stm32wbxx_ll_usb.o
                0x0800853c                USB_DevConnect
 .text.USB_DevDisconnect
                0x0800856a       0x2a ./Drivers/STM32WBxx_HAL_Driver/Src/stm32wbxx_ll_usb.o
                0x0800856a                USB_DevDisconnect
 .text.USB_ReadInterrupts
                0x08008594       0x20 ./Drivers/STM32WBxx_HAL_Driver/Src/stm32wbxx_ll_usb.o
                0x08008594                USB_ReadInterrupts
 .text.USB_WritePMA
                0x080085b4       0x86 ./Drivers/STM32WBxx_HAL_Driver/Src/stm32wbxx_ll_usb.o
                0x080085b4                USB_WritePMA
 .text.USB_ReadPMA
                0x0800863a       0x98 ./Drivers/STM32WBxx_HAL_Driver/Src/stm32wbxx_ll_usb.o
                0x0800863a                USB_ReadPMA
 *fill*         0x080086d2        0x2 
 .text.MX_FATFS_Init
                0x080086d4       0x30 ./FATFS/App/app_fatfs.o
                0x080086d4                MX_FATFS_Init
 .text.get_fattime
                0x08008704       0x10 ./FATFS/App/app_fatfs.o
                0x08008704                get_fattime
 .text.USER_initialize
                0x08008714       0x28 ./FATFS/Target/user_diskio.o
                0x08008714                USER_initialize
 .text.USER_status
                0x0800873c       0x20 ./FATFS/Target/user_diskio.o
                0x0800873c                USER_status
 .text.USER_read
                0x0800875c       0x40 ./FATFS/Target/user_diskio.o
                0x0800875c                USER_read
 .text.USER_write
                0x0800879c       0x40 ./FATFS/Target/user_diskio.o
                0x0800879c                USER_write
 .text.USER_ioctl
                0x080087dc       0x60 ./FATFS/Target/user_diskio.o
                0x080087dc                USER_ioctl
 .text.USBD_MSC_Init
                0x0800883c      0x120 ./Middlewares/ST/STM32_USB_Device_Library/Class/MSC/Src/usbd_msc.o
                0x0800883c                USBD_MSC_Init
 .text.USBD_MSC_DeInit
                0x0800895c       0xb0 ./Middlewares/ST/STM32_USB_Device_Library/Class/MSC/Src/usbd_msc.o
                0x0800895c                USBD_MSC_DeInit
 .text.USBD_MSC_Setup
                0x08008a0c      0x1f8 ./Middlewares/ST/STM32_USB_Device_Library/Class/MSC/Src/usbd_msc.o
                0x08008a0c                USBD_MSC_Setup
 .text.USBD_MSC_DataIn
                0x08008c04       0x20 ./Middlewares/ST/STM32_USB_Device_Library/Class/MSC/Src/usbd_msc.o
                0x08008c04                USBD_MSC_DataIn
 .text.USBD_MSC_DataOut
                0x08008c24       0x20 ./Middlewares/ST/STM32_USB_Device_Library/Class/MSC/Src/usbd_msc.o
                0x08008c24                USBD_MSC_DataOut
 .text.USBD_MSC_GetHSCfgDesc
                0x08008c44       0x58 ./Middlewares/ST/STM32_USB_Device_Library/Class/MSC/Src/usbd_msc.o
                0x08008c44                USBD_MSC_GetHSCfgDesc
 .text.USBD_MSC_GetFSCfgDesc
                0x08008c9c       0x58 ./Middlewares/ST/STM32_USB_Device_Library/Class/MSC/Src/usbd_msc.o
                0x08008c9c                USBD_MSC_GetFSCfgDesc
 .text.USBD_MSC_GetOtherSpeedCfgDesc
                0x08008cf4       0x58 ./Middlewares/ST/STM32_USB_Device_Library/Class/MSC/Src/usbd_msc.o
                0x08008cf4                USBD_MSC_GetOtherSpeedCfgDesc
 .text.USBD_MSC_GetDeviceQualifierDescriptor
                0x08008d4c       0x20 ./Middlewares/ST/STM32_USB_Device_Library/Class/MSC/Src/usbd_msc.o
                0x08008d4c                USBD_MSC_GetDeviceQualifierDescriptor
 .text.USBD_MSC_RegisterStorage
                0x08008d6c       0x34 ./Middlewares/ST/STM32_USB_Device_Library/Class/MSC/Src/usbd_msc.o
                0x08008d6c                USBD_MSC_RegisterStorage
 .text.MSC_BOT_Init
                0x08008da0       0x94 ./Middlewares/ST/STM32_USB_Device_Library/Class/MSC/Src/usbd_msc_bot.o
                0x08008da0                MSC_BOT_Init
 .text.MSC_BOT_Reset
                0x08008e34       0x68 ./Middlewares/ST/STM32_USB_Device_Library/Class/MSC/Src/usbd_msc_bot.o
                0x08008e34                MSC_BOT_Reset
 .text.MSC_BOT_DeInit
                0x08008e9c       0x30 ./Middlewares/ST/STM32_USB_Device_Library/Class/MSC/Src/usbd_msc_bot.o
                0x08008e9c                MSC_BOT_DeInit
 .text.MSC_BOT_DataIn
                0x08008ecc       0x74 ./Middlewares/ST/STM32_USB_Device_Library/Class/MSC/Src/usbd_msc_bot.o
                0x08008ecc                MSC_BOT_DataIn
 .text.MSC_BOT_DataOut
                0x08008f40       0x68 ./Middlewares/ST/STM32_USB_Device_Library/Class/MSC/Src/usbd_msc_bot.o
                0x08008f40                MSC_BOT_DataOut
 .text.MSC_BOT_CBW_Decode
                0x08008fa8      0x128 ./Middlewares/ST/STM32_USB_Device_Library/Class/MSC/Src/usbd_msc_bot.o
 .text.MSC_BOT_SendData
                0x080090d0       0x6c ./Middlewares/ST/STM32_USB_Device_Library/Class/MSC/Src/usbd_msc_bot.o
 .text.MSC_BOT_SendCSW
                0x0800913c       0x74 ./Middlewares/ST/STM32_USB_Device_Library/Class/MSC/Src/usbd_msc_bot.o
                0x0800913c                MSC_BOT_SendCSW
 .text.MSC_BOT_Abort
                0x080091b0       0x84 ./Middlewares/ST/STM32_USB_Device_Library/Class/MSC/Src/usbd_msc_bot.o
 .text.MSC_BOT_CplClrFeature
                0x08009234       0x74 ./Middlewares/ST/STM32_USB_Device_Library/Class/MSC/Src/usbd_msc_bot.o
                0x08009234                MSC_BOT_CplClrFeature
 .text.SCSI_ProcessCmd
                0x080092a8      0x304 ./Middlewares/ST/STM32_USB_Device_Library/Class/MSC/Src/usbd_msc_scsi.o
                0x080092a8                SCSI_ProcessCmd
 .text.SCSI_TestUnitReady
                0x080095ac       0xb2 ./Middlewares/ST/STM32_USB_Device_Library/Class/MSC/Src/usbd_msc_scsi.o
 *fill*         0x0800965e        0x2 
 .text.SCSI_Inquiry
                0x08009660       0xf8 ./Middlewares/ST/STM32_USB_Device_Library/Class/MSC/Src/usbd_msc_scsi.o
 .text.SCSI_ReadCapacity10
                0x08009758       0xfc ./Middlewares/ST/STM32_USB_Device_Library/Class/MSC/Src/usbd_msc_scsi.o
 .text.SCSI_ReadCapacity16
                0x08009854      0x168 ./Middlewares/ST/STM32_USB_Device_Library/Class/MSC/Src/usbd_msc_scsi.o
 .text.SCSI_ReadFormatCapacity
                0x080099bc       0xf6 ./Middlewares/ST/STM32_USB_Device_Library/Class/MSC/Src/usbd_msc_scsi.o
 *fill*         0x08009ab2        0x2 
 .text.SCSI_ModeSense6
                0x08009ab4       0x8c ./Middlewares/ST/STM32_USB_Device_Library/Class/MSC/Src/usbd_msc_scsi.o
 .text.SCSI_ModeSense10
                0x08009b40       0x8c ./Middlewares/ST/STM32_USB_Device_Library/Class/MSC/Src/usbd_msc_scsi.o
 .text.SCSI_RequestSense
                0x08009bcc      0x106 ./Middlewares/ST/STM32_USB_Device_Library/Class/MSC/Src/usbd_msc_scsi.o
 .text.SCSI_SenseCode
                0x08009cd2       0x96 ./Middlewares/ST/STM32_USB_Device_Library/Class/MSC/Src/usbd_msc_scsi.o
                0x08009cd2                SCSI_SenseCode
 .text.SCSI_StartStopUnit
                0x08009d68       0xaa ./Middlewares/ST/STM32_USB_Device_Library/Class/MSC/Src/usbd_msc_scsi.o
 .text.SCSI_AllowPreventRemovable
                0x08009e12       0x5a ./Middlewares/ST/STM32_USB_Device_Library/Class/MSC/Src/usbd_msc_scsi.o
 .text.SCSI_Read10
                0x08009e6c      0x154 ./Middlewares/ST/STM32_USB_Device_Library/Class/MSC/Src/usbd_msc_scsi.o
 .text.SCSI_Read12
                0x08009fc0      0x168 ./Middlewares/ST/STM32_USB_Device_Library/Class/MSC/Src/usbd_msc_scsi.o
 .text.SCSI_Write10
                0x0800a128      0x1ac ./Middlewares/ST/STM32_USB_Device_Library/Class/MSC/Src/usbd_msc_scsi.o
 .text.SCSI_Write12
                0x0800a2d4      0x1cc ./Middlewares/ST/STM32_USB_Device_Library/Class/MSC/Src/usbd_msc_scsi.o
 .text.SCSI_Verify10
                0x0800a4a0       0x7a ./Middlewares/ST/STM32_USB_Device_Library/Class/MSC/Src/usbd_msc_scsi.o
 .text.SCSI_CheckAddressRange
                0x0800a51a       0x58 ./Middlewares/ST/STM32_USB_Device_Library/Class/MSC/Src/usbd_msc_scsi.o
 *fill*         0x0800a572        0x2 
 .text.SCSI_ProcessRead
                0x0800a574      0x10c ./Middlewares/ST/STM32_USB_Device_Library/Class/MSC/Src/usbd_msc_scsi.o
 .text.SCSI_ProcessWrite
                0x0800a680      0x12c ./Middlewares/ST/STM32_USB_Device_Library/Class/MSC/Src/usbd_msc_scsi.o
 .text.SCSI_UpdateBotData
                0x0800a7ac       0x52 ./Middlewares/ST/STM32_USB_Device_Library/Class/MSC/Src/usbd_msc_scsi.o
 .text.USBD_Init
                0x0800a7fe       0x60 ./Middlewares/ST/STM32_USB_Device_Library/Core/Src/usbd_core.o
                0x0800a7fe                USBD_Init
 .text.USBD_RegisterClass
                0x0800a85e       0x6c ./Middlewares/ST/STM32_USB_Device_Library/Core/Src/usbd_core.o
                0x0800a85e                USBD_RegisterClass
 .text.USBD_Start
                0x0800a8ca       0x18 ./Middlewares/ST/STM32_USB_Device_Library/Core/Src/usbd_core.o
                0x0800a8ca                USBD_Start
 .text.USBD_Stop
                0x0800a8e2       0x36 ./Middlewares/ST/STM32_USB_Device_Library/Core/Src/usbd_core.o
                0x0800a8e2                USBD_Stop
 .text.USBD_RunTestMode
                0x0800a918       0x16 ./Middlewares/ST/STM32_USB_Device_Library/Core/Src/usbd_core.o
                0x0800a918                USBD_RunTestMode
 .text.USBD_SetClassConfig
                0x0800a92e       0x38 ./Middlewares/ST/STM32_USB_Device_Library/Core/Src/usbd_core.o
                0x0800a92e                USBD_SetClassConfig
 .text.USBD_ClrClassConfig
                0x0800a966       0x34 ./Middlewares/ST/STM32_USB_Device_Library/Core/Src/usbd_core.o
                0x0800a966                USBD_ClrClassConfig
 .text.USBD_LL_SetupStage
                0x0800a99a       0xaa ./Middlewares/ST/STM32_USB_Device_Library/Core/Src/usbd_core.o
                0x0800a99a                USBD_LL_SetupStage
 .text.USBD_LL_DataOutStage
                0x0800aa44      0x166 ./Middlewares/ST/STM32_USB_Device_Library/Core/Src/usbd_core.o
                0x0800aa44                USBD_LL_DataOutStage
 .text.USBD_LL_DataInStage
                0x0800abaa      0x164 ./Middlewares/ST/STM32_USB_Device_Library/Core/Src/usbd_core.o
                0x0800abaa                USBD_LL_DataInStage
 .text.USBD_LL_Reset
                0x0800ad0e       0xa4 ./Middlewares/ST/STM32_USB_Device_Library/Core/Src/usbd_core.o
                0x0800ad0e                USBD_LL_Reset
 .text.USBD_LL_SetSpeed
                0x0800adb2       0x20 ./Middlewares/ST/STM32_USB_Device_Library/Core/Src/usbd_core.o
                0x0800adb2                USBD_LL_SetSpeed
 .text.USBD_LL_Suspend
                0x0800add2       0x38 ./Middlewares/ST/STM32_USB_Device_Library/Core/Src/usbd_core.o
                0x0800add2                USBD_LL_Suspend
 .text.USBD_LL_Resume
                0x0800ae0a       0x30 ./Middlewares/ST/STM32_USB_Device_Library/Core/Src/usbd_core.o
                0x0800ae0a                USBD_LL_Resume
 .text.USBD_LL_SOF
                0x0800ae3a       0x40 ./Middlewares/ST/STM32_USB_Device_Library/Core/Src/usbd_core.o
                0x0800ae3a                USBD_LL_SOF
 .text.USBD_CoreFindIF
                0x0800ae7a       0x1a ./Middlewares/ST/STM32_USB_Device_Library/Core/Src/usbd_core.o
                0x0800ae7a                USBD_CoreFindIF
 .text.USBD_CoreFindEP
                0x0800ae94       0x1a ./Middlewares/ST/STM32_USB_Device_Library/Core/Src/usbd_core.o
                0x0800ae94                USBD_CoreFindEP
 .text.USBD_GetEpDesc
                0x0800aeae       0x70 ./Middlewares/ST/STM32_USB_Device_Library/Core/Src/usbd_core.o
                0x0800aeae                USBD_GetEpDesc
 .text.USBD_GetNextDesc
                0x0800af1e       0x38 ./Middlewares/ST/STM32_USB_Device_Library/Core/Src/usbd_core.o
                0x0800af1e                USBD_GetNextDesc
 .text.SWAPBYTE
                0x0800af56       0x3e ./Middlewares/ST/STM32_USB_Device_Library/Core/Src/usbd_ctlreq.o
 .text.USBD_StdDevReq
                0x0800af94       0xe4 ./Middlewares/ST/STM32_USB_Device_Library/Core/Src/usbd_ctlreq.o
                0x0800af94                USBD_StdDevReq
 .text.USBD_StdItfReq
                0x0800b078       0xd8 ./Middlewares/ST/STM32_USB_Device_Library/Core/Src/usbd_ctlreq.o
                0x0800b078                USBD_StdItfReq
 .text.USBD_StdEPReq
                0x0800b150      0x33a ./Middlewares/ST/STM32_USB_Device_Library/Core/Src/usbd_ctlreq.o
                0x0800b150                USBD_StdEPReq
 *fill*         0x0800b48a        0x2 
 .text.USBD_GetDescriptor
                0x0800b48c      0x328 ./Middlewares/ST/STM32_USB_Device_Library/Core/Src/usbd_ctlreq.o
 .text.USBD_SetAddress
                0x0800b7b4       0x88 ./Middlewares/ST/STM32_USB_Device_Library/Core/Src/usbd_ctlreq.o
 .text.USBD_SetConfig
                0x0800b83c      0x154 ./Middlewares/ST/STM32_USB_Device_Library/Core/Src/usbd_ctlreq.o
 .text.USBD_GetConfig
                0x0800b990       0x6c ./Middlewares/ST/STM32_USB_Device_Library/Core/Src/usbd_ctlreq.o
 .text.USBD_GetStatus
                0x0800b9fc       0x68 ./Middlewares/ST/STM32_USB_Device_Library/Core/Src/usbd_ctlreq.o
 .text.USBD_SetFeature
                0x0800ba64       0x52 ./Middlewares/ST/STM32_USB_Device_Library/Core/Src/usbd_ctlreq.o
 .text.USBD_ClrFeature
                0x0800bab6       0x44 ./Middlewares/ST/STM32_USB_Device_Library/Core/Src/usbd_ctlreq.o
 .text.USBD_ParseSetupRequest
                0x0800bafa       0x74 ./Middlewares/ST/STM32_USB_Device_Library/Core/Src/usbd_ctlreq.o
                0x0800bafa                USBD_ParseSetupRequest
 .text.USBD_CtlError
                0x0800bb6e       0x22 ./Middlewares/ST/STM32_USB_Device_Library/Core/Src/usbd_ctlreq.o
                0x0800bb6e                USBD_CtlError
 .text.USBD_GetString
                0x0800bb90       0xa4 ./Middlewares/ST/STM32_USB_Device_Library/Core/Src/usbd_ctlreq.o
                0x0800bb90                USBD_GetString
 .text.USBD_GetLen
                0x0800bc34       0x34 ./Middlewares/ST/STM32_USB_Device_Library/Core/Src/usbd_ctlreq.o
 .text.USBD_CtlSendData
                0x0800bc68       0x36 ./Middlewares/ST/STM32_USB_Device_Library/Core/Src/usbd_ioreq.o
                0x0800bc68                USBD_CtlSendData
 .text.USBD_CtlContinueSendData
                0x0800bc9e       0x22 ./Middlewares/ST/STM32_USB_Device_Library/Core/Src/usbd_ioreq.o
                0x0800bc9e                USBD_CtlContinueSendData
 .text.USBD_CtlContinueRx
                0x0800bcc0       0x22 ./Middlewares/ST/STM32_USB_Device_Library/Core/Src/usbd_ioreq.o
                0x0800bcc0                USBD_CtlContinueRx
 .text.USBD_CtlSendStatus
                0x0800bce2       0x26 ./Middlewares/ST/STM32_USB_Device_Library/Core/Src/usbd_ioreq.o
                0x0800bce2                USBD_CtlSendStatus
 .text.USBD_CtlReceiveStatus
                0x0800bd08       0x26 ./Middlewares/ST/STM32_USB_Device_Library/Core/Src/usbd_ioreq.o
                0x0800bd08                USBD_CtlReceiveStatus
 *fill*         0x0800bd2e        0x2 
 .text.disk_status
                0x0800bd30       0x34 ./Middlewares/Third_Party/FatFs/src/diskio.o
                0x0800bd30                disk_status
 .text.disk_initialize
                0x0800bd64       0x50 ./Middlewares/Third_Party/FatFs/src/diskio.o
                0x0800bd64                disk_initialize
 .text.disk_read
                0x0800bdb4       0x40 ./Middlewares/Third_Party/FatFs/src/diskio.o
                0x0800bdb4                disk_read
 .text.disk_write
                0x0800bdf4       0x40 ./Middlewares/Third_Party/FatFs/src/diskio.o
                0x0800bdf4                disk_write
 .text.disk_ioctl
                0x0800be34       0x3c ./Middlewares/Third_Party/FatFs/src/diskio.o
                0x0800be34                disk_ioctl
 .text.ld_word  0x0800be70       0x32 ./Middlewares/Third_Party/FatFs/src/ff.o
 .text.ld_dword
                0x0800bea2       0x46 ./Middlewares/Third_Party/FatFs/src/ff.o
 .text.st_word  0x0800bee8       0x36 ./Middlewares/Third_Party/FatFs/src/ff.o
 .text.st_dword
                0x0800bf1e       0x58 ./Middlewares/Third_Party/FatFs/src/ff.o
 .text.mem_cpy  0x0800bf76       0x42 ./Middlewares/Third_Party/FatFs/src/ff.o
 .text.mem_set  0x0800bfb8       0x36 ./Middlewares/Third_Party/FatFs/src/ff.o
 .text.mem_cmp  0x0800bfee       0x4e ./Middlewares/Third_Party/FatFs/src/ff.o
 .text.chk_chr  0x0800c03c       0x36 ./Middlewares/Third_Party/FatFs/src/ff.o
 *fill*         0x0800c072        0x2 
 .text.chk_lock
                0x0800c074       0xb8 ./Middlewares/Third_Party/FatFs/src/ff.o
 .text.enq_lock
                0x0800c12c       0x44 ./Middlewares/Third_Party/FatFs/src/ff.o
 .text.inc_lock
                0x0800c170      0x11c ./Middlewares/Third_Party/FatFs/src/ff.o
 .text.dec_lock
                0x0800c28c       0x78 ./Middlewares/Third_Party/FatFs/src/ff.o
 .text.clear_lock
                0x0800c304       0x48 ./Middlewares/Third_Party/FatFs/src/ff.o
 .text.sync_window
                0x0800c34c       0x88 ./Middlewares/Third_Party/FatFs/src/ff.o
 .text.move_window
                0x0800c3d4       0x5a ./Middlewares/Third_Party/FatFs/src/ff.o
 *fill*         0x0800c42e        0x2 
 .text.sync_fs  0x0800c430       0xdc ./Middlewares/Third_Party/FatFs/src/ff.o
 .text.clust2sect
                0x0800c50c       0x3e ./Middlewares/Third_Party/FatFs/src/ff.o
 .text.get_fat  0x0800c54a      0x14e ./Middlewares/Third_Party/FatFs/src/ff.o
 .text.put_fat  0x0800c698      0x1d4 ./Middlewares/Third_Party/FatFs/src/ff.o
 .text.remove_chain
                0x0800c86c       0xca ./Middlewares/Third_Party/FatFs/src/ff.o
 .text.create_chain
                0x0800c936      0x130 ./Middlewares/Third_Party/FatFs/src/ff.o
 .text.clmt_clust
                0x0800ca66       0x68 ./Middlewares/Third_Party/FatFs/src/ff.o
 .text.dir_sdi  0x0800cace       0xf6 ./Middlewares/Third_Party/FatFs/src/ff.o
 .text.dir_next
                0x0800cbc4      0x18a ./Middlewares/Third_Party/FatFs/src/ff.o
 .text.dir_alloc
                0x0800cd4e       0x8e ./Middlewares/Third_Party/FatFs/src/ff.o
 .text.ld_clust
                0x0800cddc       0x3e ./Middlewares/Third_Party/FatFs/src/ff.o
 .text.st_clust
                0x0800ce1a       0x40 ./Middlewares/Third_Party/FatFs/src/ff.o
 .text.dir_find
                0x0800ce5a       0xaa ./Middlewares/Third_Party/FatFs/src/ff.o
 .text.dir_register
                0x0800cf04       0x64 ./Middlewares/Third_Party/FatFs/src/ff.o
 .text.create_name
                0x0800cf68      0x128 ./Middlewares/Third_Party/FatFs/src/ff.o
 .text.follow_path
                0x0800d090       0xe2 ./Middlewares/Third_Party/FatFs/src/ff.o
 .text.get_ldnumber
                0x0800d172       0x88 ./Middlewares/Third_Party/FatFs/src/ff.o
 *fill*         0x0800d1fa        0x2 
 .text.check_fs
                0x0800d1fc       0xac ./Middlewares/Third_Party/FatFs/src/ff.o
 .text.find_volume
                0x0800d2a8      0x498 ./Middlewares/Third_Party/FatFs/src/ff.o
 .text.validate
                0x0800d740       0x6a ./Middlewares/Third_Party/FatFs/src/ff.o
 *fill*         0x0800d7aa        0x2 
 .text.f_mount  0x0800d7ac       0x8c ./Middlewares/Third_Party/FatFs/src/ff.o
                0x0800d7ac                f_mount
 .text.f_open   0x0800d838      0x374 ./Middlewares/Third_Party/FatFs/src/ff.o
                0x0800d838                f_open
 .text.f_write  0x0800dbac      0x2ea ./Middlewares/Third_Party/FatFs/src/ff.o
                0x0800dbac                f_write
 .text.f_sync   0x0800de96       0xfc ./Middlewares/Third_Party/FatFs/src/ff.o
                0x0800de96                f_sync
 .text.f_close  0x0800df92       0x54 ./Middlewares/Third_Party/FatFs/src/ff.o
                0x0800df92                f_close
 .text.f_lseek  0x0800dfe6      0x412 ./Middlewares/Third_Party/FatFs/src/ff.o
                0x0800dfe6                f_lseek
 .text.f_mkfs   0x0800e3f8      0x858 ./Middlewares/Third_Party/FatFs/src/ff.o
                0x0800e3f8                f_mkfs
 .text.FATFS_LinkDriverEx
                0x0800ec50       0x98 ./Middlewares/Third_Party/FatFs/src/ff_gen_drv.o
                0x0800ec50                FATFS_LinkDriverEx
 .text.FATFS_LinkDriver
                0x0800ece8       0x1e ./Middlewares/Third_Party/FatFs/src/ff_gen_drv.o
                0x0800ece8                FATFS_LinkDriver
 *fill*         0x0800ed06        0x2 
 .text.MX_USB_Device_Init
                0x0800ed08       0x60 ./USB_Device/App/usb_device.o
                0x0800ed08                MX_USB_Device_Init
 .text.USBD_MSC_DeviceDescriptor
                0x0800ed68       0x24 ./USB_Device/App/usbd_desc.o
                0x0800ed68                USBD_MSC_DeviceDescriptor
 .text.USBD_MSC_LangIDStrDescriptor
                0x0800ed8c       0x24 ./USB_Device/App/usbd_desc.o
                0x0800ed8c                USBD_MSC_LangIDStrDescriptor
 .text.USBD_MSC_ProductStrDescriptor
                0x0800edb0       0x3c ./USB_Device/App/usbd_desc.o
                0x0800edb0                USBD_MSC_ProductStrDescriptor
 .text.USBD_MSC_ManufacturerStrDescriptor
                0x0800edec       0x28 ./USB_Device/App/usbd_desc.o
                0x0800edec                USBD_MSC_ManufacturerStrDescriptor
 .text.USBD_MSC_SerialStrDescriptor
                0x0800ee14       0x24 ./USB_Device/App/usbd_desc.o
                0x0800ee14                USBD_MSC_SerialStrDescriptor
 .text.USBD_MSC_ConfigStrDescriptor
                0x0800ee38       0x3c ./USB_Device/App/usbd_desc.o
                0x0800ee38                USBD_MSC_ConfigStrDescriptor
 .text.USBD_MSC_InterfaceStrDescriptor
                0x0800ee74       0x3c ./USB_Device/App/usbd_desc.o
                0x0800ee74                USBD_MSC_InterfaceStrDescriptor
 .text.Get_SerialNum
                0x0800eeb0       0x58 ./USB_Device/App/usbd_desc.o
 .text.IntToUnicode
                0x0800ef08       0x7e ./USB_Device/App/usbd_desc.o
 .text.STORAGE_Init_FS
                0x0800ef86       0x18 ./USB_Device/App/usbd_storage_if.o
 .text.STORAGE_GetCapacity_FS
                0x0800ef9e       0x2a ./USB_Device/App/usbd_storage_if.o
 .text.STORAGE_IsReady_FS
                0x0800efc8       0x18 ./USB_Device/App/usbd_storage_if.o
 .text.STORAGE_IsWriteProtected_FS
                0x0800efe0       0x18 ./USB_Device/App/usbd_storage_if.o
 .text.STORAGE_Read_FS
                0x0800eff8       0x38 ./USB_Device/App/usbd_storage_if.o
 .text.STORAGE_Write_FS
                0x0800f030       0x38 ./USB_Device/App/usbd_storage_if.o
 .text.STORAGE_GetMaxLun_FS
                0x0800f068       0x10 ./USB_Device/App/usbd_storage_if.o
 .text.logger_set_usb_active
                0x0800f078       0x20 ./USB_Device/Logger/logger.o
                0x0800f078                logger_set_usb_active
 .text.init_ramdisk
                0x0800f098       0x6c ./USB_Device/Logger/logger.o
                0x0800f098                init_ramdisk
 .text.append_log_rotating
                0x0800f104      0x344 ./USB_Device/Logger/logger.o
                0x0800f104                append_log_rotating
 .text.crc32_update
                0x0800f448       0x78 ./USB_Device/Logger/logger.o
 .text.find_erase_block_start
                0x0800f4c0       0x7c ./USB_Device/Logger/logger.o
 .text.flash_erase_pages
                0x0800f53c       0x5c ./USB_Device/Logger/logger.o
 .text.flash_program_bytes
                0x0800f598       0x7e ./USB_Device/Logger/logger.o
 *fill*         0x0800f616        0x2 
 .text.logger_persist_ramdisk_to_flash
                0x0800f618       0xa8 ./USB_Device/Logger/logger.o
                0x0800f618                logger_persist_ramdisk_to_flash
 .text.logger_restore_ramdisk_from_flash
                0x0800f6c0       0xc0 ./USB_Device/Logger/logger.o
                0x0800f6c0                logger_restore_ramdisk_from_flash
 .text.logger_ramdisk_is_empty
                0x0800f780       0x70 ./USB_Device/Logger/logger.o
                0x0800f780                logger_ramdisk_is_empty
 .text.logger_invalidate_ramdisk
                0x0800f7f0       0x24 ./USB_Device/Logger/logger.o
                0x0800f7f0                logger_invalidate_ramdisk
 .text.LL_AHB2_GRP1_EnableClock
                0x0800f814       0x32 ./USB_Device/Target/usbd_conf.o
 .text.LL_APB1_GRP1_EnableClock
                0x0800f846       0x32 ./USB_Device/Target/usbd_conf.o
 .text.HAL_PCD_MspInit
                0x0800f878       0xa0 ./USB_Device/Target/usbd_conf.o
                0x0800f878                HAL_PCD_MspInit
 .text.HAL_PCD_SetupStageCallback
                0x0800f918       0x24 ./USB_Device/Target/usbd_conf.o
                0x0800f918                HAL_PCD_SetupStageCallback
 .text.HAL_PCD_DataOutStageCallback
                0x0800f93c       0x36 ./USB_Device/Target/usbd_conf.o
                0x0800f93c                HAL_PCD_DataOutStageCallback
 .text.HAL_PCD_DataInStageCallback
                0x0800f972       0x34 ./USB_Device/Target/usbd_conf.o
                0x0800f972                HAL_PCD_DataInStageCallback
 .text.HAL_PCD_SOFCallback
                0x0800f9a6       0x1c ./USB_Device/Target/usbd_conf.o
                0x0800f9a6                HAL_PCD_SOFCallback
 .text.HAL_PCD_ResetCallback
                0x0800f9c2       0x3c ./USB_Device/Target/usbd_conf.o
                0x0800f9c2                HAL_PCD_ResetCallback
 *fill*         0x0800f9fe        0x2 
 .text.HAL_PCD_SuspendCallback
                0x0800fa00       0x34 ./USB_Device/Target/usbd_conf.o
                0x0800fa00                HAL_PCD_SuspendCallback
 .text.HAL_PCD_ResumeCallback
                0x0800fa34       0x38 ./USB_Device/Target/usbd_conf.o
                0x0800fa34                HAL_PCD_ResumeCallback
 .text.USBD_LL_Init
                0x0800fa6c       0xb0 ./USB_Device/Target/usbd_conf.o
                0x0800fa6c                USBD_LL_Init
 .text.USBD_LL_Start
                0x0800fb1c       0x36 ./USB_Device/Target/usbd_conf.o
                0x0800fb1c                USBD_LL_Start
 .text.USBD_LL_Stop
                0x0800fb52       0x36 ./USB_Device/Target/usbd_conf.o
                0x0800fb52                USBD_LL_Stop
 .text.USBD_LL_OpenEP
                0x0800fb88       0x4c ./USB_Device/Target/usbd_conf.o
                0x0800fb88                USBD_LL_OpenEP
 .text.USBD_LL_CloseEP
                0x0800fbd4       0x3e ./USB_Device/Target/usbd_conf.o
                0x0800fbd4                USBD_LL_CloseEP
 .text.USBD_LL_FlushEP
                0x0800fc12       0x3e ./USB_Device/Target/usbd_conf.o
                0x0800fc12                USBD_LL_FlushEP
 .text.USBD_LL_StallEP
                0x0800fc50       0x3e ./USB_Device/Target/usbd_conf.o
                0x0800fc50                USBD_LL_StallEP
 .text.USBD_LL_ClearStallEP
                0x0800fc8e       0x3e ./USB_Device/Target/usbd_conf.o
                0x0800fc8e                USBD_LL_ClearStallEP
 .text.USBD_LL_IsStallEP
                0x0800fccc       0x58 ./USB_Device/Target/usbd_conf.o
                0x0800fccc                USBD_LL_IsStallEP
 .text.USBD_LL_SetUSBAddress
                0x0800fd24       0x3e ./USB_Device/Target/usbd_conf.o
                0x0800fd24                USBD_LL_SetUSBAddress
 .text.USBD_LL_Transmit
                0x0800fd62       0x42 ./USB_Device/Target/usbd_conf.o
                0x0800fd62                USBD_LL_Transmit
 .text.USBD_LL_PrepareReceive
                0x0800fda4       0x42 ./USB_Device/Target/usbd_conf.o
                0x0800fda4                USBD_LL_PrepareReceive
 .text.USBD_LL_GetRxDataSize
                0x0800fde6       0x26 ./USB_Device/Target/usbd_conf.o
                0x0800fde6                USBD_LL_GetRxDataSize
 .text.HAL_PCDEx_LPM_Callback
                0x0800fe0c       0x6c ./USB_Device/Target/usbd_conf.o
                0x0800fe0c                HAL_PCDEx_LPM_Callback
 .text.USBD_static_malloc
                0x0800fe78       0x1c ./USB_Device/Target/usbd_conf.o
                0x0800fe78                USBD_static_malloc
 .text.USBD_static_free
                0x0800fe94       0x14 ./USB_Device/Target/usbd_conf.o
                0x0800fe94                USBD_static_free
 .text.SystemClockConfig_Resume
                0x0800fea8        0xc ./USB_Device/Target/usbd_conf.o
 .text.USBD_Get_USB_Status
                0x0800feb4       0x58 ./USB_Device/Target/usbd_conf.o
 .text.snprintf
                0x0800ff0c       0x6c C:/ST/STM32CubeIDE_1.16.1/STM32CubeIDE/plugins/com.st.stm32cube.ide.mcu.externaltools.gnu-tools-for-stm32.13.3.rel1.win32_1.0.0.202411081344/tools/bin/../lib/gcc/arm-none-eabi/13.3.1/../../../../arm-none-eabi/lib/thumb/v7e-m+fp/hard\libc_nano.a(libc_a-snprintf.o)
                0x0800ff0c                sniprintf
                0x0800ff0c                snprintf
 .text.memset   0x0800ff78       0x10 C:/ST/STM32CubeIDE_1.16.1/STM32CubeIDE/plugins/com.st.stm32cube.ide.mcu.externaltools.gnu-tools-for-stm32.13.3.rel1.win32_1.0.0.202411081344/tools/bin/../lib/gcc/arm-none-eabi/13.3.1/../../../../arm-none-eabi/lib/thumb/v7e-m+fp/hard\libc_nano.a(libc_a-memset.o)
                0x0800ff78                memset
 .text.__errno  0x0800ff88        0xc C:/ST/STM32CubeIDE_1.16.1/STM32CubeIDE/plugins/com.st.stm32cube.ide.mcu.externaltools.gnu-tools-for-stm32.13.3.rel1.win32_1.0.0.202411081344/tools/bin/../lib/gcc/arm-none-eabi/13.3.1/../../../../arm-none-eabi/lib/thumb/v7e-m+fp/hard\libc_nano.a(libc_a-errno.o)
                0x0800ff88                __errno
 .text.__libc_init_array
                0x0800ff94       0x48 C:/ST/STM32CubeIDE_1.16.1/STM32CubeIDE/plugins/com.st.stm32cube.ide.mcu.externaltools.gnu-tools-for-stm32.13.3.rel1.win32_1.0.0.202411081344/tools/bin/../lib/gcc/arm-none-eabi/13.3.1/../../../../arm-none-eabi/lib/thumb/v7e-m+fp/hard\libc_nano.a(libc_a-init.o)
                0x0800ff94                __libc_init_array
 .text.__retarget_lock_acquire_recursive
                0x0800ffdc        0x2 C:/ST/STM32CubeIDE_1.16.1/STM32CubeIDE/plugins/com.st.stm32cube.ide.mcu.externaltools.gnu-tools-for-stm32.13.3.rel1.win32_1.0.0.202411081344/tools/bin/../lib/gcc/arm-none-eabi/13.3.1/../../../../arm-none-eabi/lib/thumb/v7e-m+fp/hard\libc_nano.a(libc_a-lock.o)
                0x0800ffdc                __retarget_lock_acquire_recursive
 .text.__retarget_lock_release_recursive
                0x0800ffde        0x2 C:/ST/STM32CubeIDE_1.16.1/STM32CubeIDE/plugins/com.st.stm32cube.ide.mcu.externaltools.gnu-tools-for-stm32.13.3.rel1.win32_1.0.0.202411081344/tools/bin/../lib/gcc/arm-none-eabi/13.3.1/../../../../arm-none-eabi/lib/thumb/v7e-m+fp/hard\libc_nano.a(libc_a-lock.o)
                0x0800ffde                __retarget_lock_release_recursive
 .text.memcpy   0x0800ffe0       0x1c C:/ST/STM32CubeIDE_1.16.1/STM32CubeIDE/plugins/com.st.stm32cube.ide.mcu.externaltools.gnu-tools-for-stm32.13.3.rel1.win32_1.0.0.202411081344/tools/bin/../lib/gcc/arm-none-eabi/13.3.1/../../../../arm-none-eabi/lib/thumb/v7e-m+fp/hard\libc_nano.a(libc_a-memcpy-stub.o)
                0x0800ffe0                memcpy
 .text._free_r  0x0800fffc       0x94 C:/ST/STM32CubeIDE_1.16.1/STM32CubeIDE/plugins/com.st.stm32cube.ide.mcu.externaltools.gnu-tools-for-stm32.13.3.rel1.win32_1.0.0.202411081344/tools/bin/../lib/gcc/arm-none-eabi/13.3.1/../../../../arm-none-eabi/lib/thumb/v7e-m+fp/hard\libc_nano.a(libc_a-freer.o)
                0x0800fffc                _free_r
 .text.sbrk_aligned
                0x08010090       0x44 C:/ST/STM32CubeIDE_1.16.1/STM32CubeIDE/plugins/com.st.stm32cube.ide.mcu.externaltools.gnu-tools-for-stm32.13.3.rel1.win32_1.0.0.202411081344/tools/bin/../lib/gcc/arm-none-eabi/13.3.1/../../../../arm-none-eabi/lib/thumb/v7e-m+fp/hard\libc_nano.a(libc_a-mallocr.o)
 .text._malloc_r
                0x080100d4      0x100 C:/ST/STM32CubeIDE_1.16.1/STM32CubeIDE/plugins/com.st.stm32cube.ide.mcu.externaltools.gnu-tools-for-stm32.13.3.rel1.win32_1.0.0.202411081344/tools/bin/../lib/gcc/arm-none-eabi/13.3.1/../../../../arm-none-eabi/lib/thumb/v7e-m+fp/hard\libc_nano.a(libc_a-mallocr.o)
                0x080100d4                _malloc_r
 .text.__malloc_lock
                0x080101d4        0xc C:/ST/STM32CubeIDE_1.16.1/STM32CubeIDE/plugins/com.st.stm32cube.ide.mcu.externaltools.gnu-tools-for-stm32.13.3.rel1.win32_1.0.0.202411081344/tools/bin/../lib/gcc/arm-none-eabi/13.3.1/../../../../arm-none-eabi/lib/thumb/v7e-m+fp/hard\libc_nano.a(libc_a-mlock.o)
                0x080101d4                __malloc_lock
 .text.__malloc_unlock
                0x080101e0        0xc C:/ST/STM32CubeIDE_1.16.1/STM32CubeIDE/plugins/com.st.stm32cube.ide.mcu.externaltools.gnu-tools-for-stm32.13.3.rel1.win32_1.0.0.202411081344/tools/bin/../lib/gcc/arm-none-eabi/13.3.1/../../../../arm-none-eabi/lib/thumb/v7e-m+fp/hard\libc_nano.a(libc_a-mlock.o)
                0x080101e0                __malloc_unlock
 .text.__ssputs_r
                0x080101ec       0xb6 C:/ST/STM32CubeIDE_1.16.1/STM32CubeIDE/plugins/com.st.stm32cube.ide.mcu.externaltools.gnu-tools-for-stm32.13.3.rel1.win32_1.0.0.202411081344/tools/bin/../lib/gcc/arm-none-eabi/13.3.1/../../../../arm-none-eabi/lib/thumb/v7e-m+fp/hard\libc_nano.a(libc_a-nano-svfprintf.o)
                0x080101ec                __ssputs_r
 *fill*         0x080102a2        0x2 
 .text._svfprintf_r
                0x080102a4      0x1f8 C:/ST/STM32CubeIDE_1.16.1/STM32CubeIDE/plugins/com.st.stm32cube.ide.mcu.externaltools.gnu-tools-for-stm32.13.3.rel1.win32_1.0.0.202411081344/tools/bin/../lib/gcc/arm-none-eabi/13.3.1/../../../../arm-none-eabi/lib/thumb/v7e-m+fp/hard\libc_nano.a(libc_a-nano-svfprintf.o)
                0x080102a4                _svfiprintf_r
                0x080102a4                _svfprintf_r
 .text._printf_common
                0x0801049c       0xda C:/ST/STM32CubeIDE_1.16.1/STM32CubeIDE/plugins/com.st.stm32cube.ide.mcu.externaltools.gnu-tools-for-stm32.13.3.rel1.win32_1.0.0.202411081344/tools/bin/../lib/gcc/arm-none-eabi/13.3.1/../../../../arm-none-eabi/lib/thumb/v7e-m+fp/hard\libc_nano.a(libc_a-nano-vfprintf_i.o)
                0x0801049c                _printf_common
 *fill*         0x08010576        0x2 
 .text._printf_i
                0x08010578      0x23c C:/ST/STM32CubeIDE_1.16.1/STM32CubeIDE/plugins/com.st.stm32cube.ide.mcu.externaltools.gnu-tools-for-stm32.13.3.rel1.win32_1.0.0.202411081344/tools/bin/../lib/gcc/arm-none-eabi/13.3.1/../../../../arm-none-eabi/lib/thumb/v7e-m+fp/hard\libc_nano.a(libc_a-nano-vfprintf_i.o)
                0x08010578                _printf_i
 .text.memmove  0x080107b4       0x34 C:/ST/STM32CubeIDE_1.16.1/STM32CubeIDE/plugins/com.st.stm32cube.ide.mcu.externaltools.gnu-tools-for-stm32.13.3.rel1.win32_1.0.0.202411081344/tools/bin/../lib/gcc/arm-none-eabi/13.3.1/../../../../arm-none-eabi/lib/thumb/v7e-m+fp/hard\libc_nano.a(libc_a-memmove.o)
                0x080107b4                memmove
 .text._sbrk_r  0x080107e8       0x20 C:/ST/STM32CubeIDE_1.16.1/STM32CubeIDE/plugins/com.st.stm32cube.ide.mcu.externaltools.gnu-tools-for-stm32.13.3.rel1.win32_1.0.0.202411081344/tools/bin/../lib/gcc/arm-none-eabi/13.3.1/../../../../arm-none-eabi/lib/thumb/v7e-m+fp/hard\libc_nano.a(libc_a-sbrkr.o)
                0x080107e8                _sbrk_r
 .text._realloc_r
                0x08010808       0x5c C:/ST/STM32CubeIDE_1.16.1/STM32CubeIDE/plugins/com.st.stm32cube.ide.mcu.externaltools.gnu-tools-for-stm32.13.3.rel1.win32_1.0.0.202411081344/tools/bin/../lib/gcc/arm-none-eabi/13.3.1/../../../../arm-none-eabi/lib/thumb/v7e-m+fp/hard\libc_nano.a(libc_a-reallocr.o)
                0x08010808                _realloc_r
 .text._malloc_usable_size_r
                0x08010864       0x10 C:/ST/STM32CubeIDE_1.16.1/STM32CubeIDE/plugins/com.st.stm32cube.ide.mcu.externaltools.gnu-tools-for-stm32.13.3.rel1.win32_1.0.0.202411081344/tools/bin/../lib/gcc/arm-none-eabi/13.3.1/../../../../arm-none-eabi/lib/thumb/v7e-m+fp/hard\libc_nano.a(libc_a-msizer.o)
                0x08010864                _malloc_usable_size_r
 *(.glue_7)
 .glue_7        0x08010874        0x0 linker stubs
 *(.glue_7t)
 .glue_7t       0x08010874        0x0 linker stubs
 *(.eh_frame)
 .eh_frame      0x08010874        0x0 C:/ST/STM32CubeIDE_1.16.1/STM32CubeIDE/plugins/com.st.stm32cube.ide.mcu.externaltools.gnu-tools-for-stm32.13.3.rel1.win32_1.0.0.202411081344/tools/bin/../lib/gcc/arm-none-eabi/13.3.1/thumb/v7e-m+fp/hard/crtbegin.o
 *(.init)
 .init          0x08010874        0x4 C:/ST/STM32CubeIDE_1.16.1/STM32CubeIDE/plugins/com.st.stm32cube.ide.mcu.externaltools.gnu-tools-for-stm32.13.3.rel1.win32_1.0.0.202411081344/tools/bin/../lib/gcc/arm-none-eabi/13.3.1/thumb/v7e-m+fp/hard/crti.o
                0x08010874                _init
 .init          0x08010878        0x8 C:/ST/STM32CubeIDE_1.16.1/STM32CubeIDE/plugins/com.st.stm32cube.ide.mcu.externaltools.gnu-tools-for-stm32.13.3.rel1.win32_1.0.0.202411081344/tools/bin/../lib/gcc/arm-none-eabi/13.3.1/thumb/v7e-m+fp/hard/crtn.o
 *(.fini)
 .fini          0x08010880        0x4 C:/ST/STM32CubeIDE_1.16.1/STM32CubeIDE/plugins/com.st.stm32cube.ide.mcu.externaltools.gnu-tools-for-stm32.13.3.rel1.win32_1.0.0.202411081344/tools/bin/../lib/gcc/arm-none-eabi/13.3.1/thumb/v7e-m+fp/hard/crti.o
                0x08010880                _fini
 .fini          0x08010884        0x8 C:/ST/STM32CubeIDE_1.16.1/STM32CubeIDE/plugins/com.st.stm32cube.ide.mcu.externaltools.gnu-tools-for-stm32.13.3.rel1.win32_1.0.0.202411081344/tools/bin/../lib/gcc/arm-none-eabi/13.3.1/thumb/v7e-m+fp/hard/crtn.o
 *fill*         0x0801088c        0x4 
 .fini.__stub   0x08010890        0x8 linker stubs
                0x08010898                        . = ALIGN (0x4)
                0x08010898                        _etext = .

.vfp11_veneer   0x08010898        0x0
 .vfp11_veneer  0x08010898        0x0 linker stubs

.v4_bx          0x08010898        0x0
 .v4_bx         0x08010898        0x0 linker stubs

.iplt           0x08010898        0x0
 .iplt          0x08010898        0x0 C:/ST/STM32CubeIDE_1.16.1/STM32CubeIDE/plugins/com.st.stm32cube.ide.mcu.externaltools.gnu-tools-for-stm32.13.3.rel1.win32_1.0.0.202411081344/tools/bin/../lib/gcc/arm-none-eabi/13.3.1/thumb/v7e-m+fp/hard/crtbegin.o

.rodata         0x08010898      0x268
                0x08010898                        . = ALIGN (0x4)
 *(.rodata)
 .rodata        0x08010898        0x3 ./Core/Src/main.o
 *fill*         0x0801089b        0x1 
 .rodata        0x0801089c       0x2c ./Drivers/STM32WBxx_HAL_Driver/Src/stm32wbxx_hal_rcc.o
 .rodata        0x080108c8       0x44 ./Middlewares/Third_Party/FatFs/src/ff.o
 .rodata        0x0801090c       0x42 ./USB_Device/App/usbd_desc.o
 *fill*         0x0801094e        0x2 
 .rodata        0x08010950       0x38 ./USB_Device/Logger/logger.o
 *(.rodata*)
 .rodata.AHBPrescTable
                0x08010988       0x40 ./Core/Src/system_stm32wbxx.o
                0x08010988                AHBPrescTable
 .rodata.MSIRangeTable
                0x080109c8       0x40 ./Core/Src/system_stm32wbxx.o
                0x080109c8                MSIRangeTable
 .rodata.ExCvt  0x08010a08       0x80 ./Middlewares/Third_Party/FatFs/src/ff.o
 .rodata.cst32.1
                0x08010a88        0xe ./Middlewares/Third_Party/FatFs/src/ff.o
 *fill*         0x08010a96        0x2 
 .rodata.cst.0  0x08010a98        0xe ./Middlewares/Third_Party/FatFs/src/ff.o
 *fill*         0x08010aa6        0x2 
 .rodata.STORAGE_Inquirydata_FS
                0x08010aa8       0x24 ./USB_Device/App/usbd_storage_if.o
                0x08010aa8                STORAGE_Inquirydata_FS
 .rodata._svfprintf_r.str1.1
                0x08010acc       0x33 C:/ST/STM32CubeIDE_1.16.1/STM32CubeIDE/plugins/com.st.stm32cube.ide.mcu.externaltools.gnu-tools-for-stm32.13.3.rel1.win32_1.0.0.202411081344/tools/bin/../lib/gcc/arm-none-eabi/13.3.1/../../../../arm-none-eabi/lib/thumb/v7e-m+fp/hard\libc_nano.a(libc_a-nano-svfprintf.o)
                                 0x11 (size before relaxing)
 .rodata._printf_i.str1.1
                0x08010aff       0x22 C:/ST/STM32CubeIDE_1.16.1/STM32CubeIDE/plugins/com.st.stm32cube.ide.mcu.externaltools.gnu-tools-for-stm32.13.3.rel1.win32_1.0.0.202411081344/tools/bin/../lib/gcc/arm-none-eabi/13.3.1/../../../../arm-none-eabi/lib/thumb/v7e-m+fp/hard\libc_nano.a(libc_a-nano-vfprintf_i.o)
                0x08010b24                        . = ALIGN (0x4)
 *fill*         0x08010aff        0x1 

.ARM.extab
 *(.ARM.extab* .gnu.linkonce.armextab.*)

.ARM            0x08010b00        0x8
                0x08010b00                        __exidx_start = .
 *(.ARM.exidx*)
 .ARM.exidx     0x08010b00        0x8 C:/ST/STM32CubeIDE_1.16.1/STM32CubeIDE/plugins/com.st.stm32cube.ide.mcu.externaltools.gnu-tools-for-stm32.13.3.rel1.win32_1.0.0.202411081344/tools/bin/../lib/gcc/arm-none-eabi/13.3.1/../../../../arm-none-eabi/lib/thumb/v7e-m+fp/hard\libc_nano.a(libc_a-strlen.o)
 .ARM.exidx     0x08010b08        0x0 C:/ST/STM32CubeIDE_1.16.1/STM32CubeIDE/plugins/com.st.stm32cube.ide.mcu.externaltools.gnu-tools-for-stm32.13.3.rel1.win32_1.0.0.202411081344/tools/bin/../lib/gcc/arm-none-eabi/13.3.1/../../../../arm-none-eabi/lib/thumb/v7e-m+fp/hard\libc_nano.a(libc_a-memchr.o)
                                  0x8 (size before relaxing)
                0x08010b08                        __exidx_end = .

.preinit_array  0x08010b08        0x0
                0x08010b08                        PROVIDE (__preinit_array_start = .)
 *(.preinit_array*)
                0x08010b08                        PROVIDE (__preinit_array_end = .)

.init_array     0x08010b08        0x4
                0x08010b08                        PROVIDE (__init_array_start = .)
 *(SORT_BY_NAME(.init_array.*))
 *(.init_array*)
 .init_array    0x08010b08        0x4 C:/ST/STM32CubeIDE_1.16.1/STM32CubeIDE/plugins/com.st.stm32cube.ide.mcu.externaltools.gnu-tools-for-stm32.13.3.rel1.win32_1.0.0.202411081344/tools/bin/../lib/gcc/arm-none-eabi/13.3.1/thumb/v7e-m+fp/hard/crtbegin.o
                0x08010b0c                        PROVIDE (__init_array_end = .)

.fini_array     0x08010b0c        0x4
                [!provide]                        PROVIDE (__fini_array_start = .)
 *(SORT_BY_NAME(.fini_array.*))
 *(.fini_array*)
 .fini_array    0x08010b0c        0x4 C:/ST/STM32CubeIDE_1.16.1/STM32CubeIDE/plugins/com.st.stm32cube.ide.mcu.externaltools.gnu-tools-for-stm32.13.3.rel1.win32_1.0.0.202411081344/tools/bin/../lib/gcc/arm-none-eabi/13.3.1/thumb/v7e-m+fp/hard/crtbegin.o
                [!provide]                        PROVIDE (__fini_array_end = .)
                0x08010b10                        _sidata = LOADADDR (.data)

.rel.dyn        0x08010b10        0x0
 .rel.iplt      0x08010b10        0x0 C:/ST/STM32CubeIDE_1.16.1/STM32CubeIDE/plugins/com.st.stm32cube.ide.mcu.externaltools.gnu-tools-for-stm32.13.3.rel1.win32_1.0.0.202411081344/tools/bin/../lib/gcc/arm-none-eabi/13.3.1/thumb/v7e-m+fp/hard/crtbegin.o

.data           0x20000008      0x1e0 load address 0x08010b10
                0x20000008                        . = ALIGN (0x4)
                0x20000008                        _sdata = .
 *(.data)
 *(.data*)
 .data.SystemCoreClock
                0x20000008        0x4 ./Core/Src/system_stm32wbxx.o
                0x20000008                SystemCoreClock
 .data.uwTickPrio
                0x2000000c        0x4 ./Drivers/STM32WBxx_HAL_Driver/Src/stm32wbxx_hal.o
                0x2000000c                uwTickPrio
 .data.uwTickFreq
                0x20000010        0x1 ./Drivers/STM32WBxx_HAL_Driver/Src/stm32wbxx_hal.o
                0x20000010                uwTickFreq
 .data.Stat     0x20000011        0x1 ./FATFS/Target/user_diskio.o
 *fill*         0x20000012        0x2 
 .data.USER_Driver
                0x20000014       0x14 ./FATFS/Target/user_diskio.o
                0x20000014                USER_Driver
 .data.USBD_MSC
                0x20000028       0x38 ./Middlewares/ST/STM32_USB_Device_Library/Class/MSC/Src/usbd_msc.o
                0x20000028                USBD_MSC
 .data.USBD_MSC_CfgDesc
                0x20000060       0x20 ./Middlewares/ST/STM32_USB_Device_Library/Class/MSC/Src/usbd_msc.o
 .data.USBD_MSC_DeviceQualifierDesc
                0x20000080        0xa ./Middlewares/ST/STM32_USB_Device_Library/Class/MSC/Src/usbd_msc.o
 .data.MSCInEpAdd
                0x2000008a        0x1 ./Middlewares/ST/STM32_USB_Device_Library/Class/MSC/Src/usbd_msc.o
                0x2000008a                MSCInEpAdd
 .data.MSCOutEpAdd
                0x2000008b        0x1 ./Middlewares/ST/STM32_USB_Device_Library/Class/MSC/Src/usbd_msc.o
                0x2000008b                MSCOutEpAdd
 .data.MSC_Page00_Inquiry_Data
                0x2000008c        0x6 ./Middlewares/ST/STM32_USB_Device_Library/Class/MSC/Src/usbd_msc_data.o
                0x2000008c                MSC_Page00_Inquiry_Data
 *fill*         0x20000092        0x2 
 .data.MSC_Page80_Inquiry_Data
                0x20000094        0x8 ./Middlewares/ST/STM32_USB_Device_Library/Class/MSC/Src/usbd_msc_data.o
                0x20000094                MSC_Page80_Inquiry_Data
 .data.MSC_Mode_Sense6_data
                0x2000009c        0x4 ./Middlewares/ST/STM32_USB_Device_Library/Class/MSC/Src/usbd_msc_data.o
                0x2000009c                MSC_Mode_Sense6_data
 .data.MSC_Mode_Sense10_data
                0x200000a0        0x8 ./Middlewares/ST/STM32_USB_Device_Library/Class/MSC/Src/usbd_msc_data.o
                0x200000a0                MSC_Mode_Sense10_data
 .data.MSC_Desc
                0x200000a8       0x20 ./USB_Device/App/usbd_desc.o
                0x200000a8                MSC_Desc
 .data.USBD_MSC_DeviceDesc
                0x200000c8       0x12 ./USB_Device/App/usbd_desc.o
                0x200000c8                USBD_MSC_DeviceDesc
 *fill*         0x200000da        0x2 
 .data.USBD_LangIDDesc
                0x200000dc        0x4 ./USB_Device/App/usbd_desc.o
                0x200000dc                USBD_LangIDDesc
 .data.USBD_StringSerial
                0x200000e0       0x1a ./USB_Device/App/usbd_desc.o
                0x200000e0                USBD_StringSerial
 *fill*         0x200000fa        0x2 
 .data.USBD_Storage_Interface_fops_FS
                0x200000fc       0x20 ./USB_Device/App/usbd_storage_if.o
                0x200000fc                USBD_Storage_Interface_fops_FS
 .data._impure_ptr
                0x2000011c        0x4 C:/ST/STM32CubeIDE_1.16.1/STM32CubeIDE/plugins/com.st.stm32cube.ide.mcu.externaltools.gnu-tools-for-stm32.13.3.rel1.win32_1.0.0.202411081344/tools/bin/../lib/gcc/arm-none-eabi/13.3.1/../../../../arm-none-eabi/lib/thumb/v7e-m+fp/hard\libc_nano.a(libc_a-impure.o)
                0x2000011c                _impure_ptr
 .data._impure_data
                0x20000120       0x4c C:/ST/STM32CubeIDE_1.16.1/STM32CubeIDE/plugins/com.st.stm32cube.ide.mcu.externaltools.gnu-tools-for-stm32.13.3.rel1.win32_1.0.0.202411081344/tools/bin/../lib/gcc/arm-none-eabi/13.3.1/../../../../arm-none-eabi/lib/thumb/v7e-m+fp/hard\libc_nano.a(libc_a-impure.o)
                0x20000120                _impure_data
 *(.RamFunc)
 .RamFunc       0x2000016c       0x7c ./Drivers/STM32WBxx_HAL_Driver/Src/stm32wbxx_hal_flash.o
 *(.RamFunc*)
                0x200001e8                        . = ALIGN (0x4)
                0x200001e8                        _edata = .

.igot.plt       0x200001e8        0x0 load address 0x08010cf0
 .igot.plt      0x200001e8        0x0 C:/ST/STM32CubeIDE_1.16.1/STM32CubeIDE/plugins/com.st.stm32cube.ide.mcu.externaltools.gnu-tools-for-stm32.13.3.rel1.win32_1.0.0.202411081344/tools/bin/../lib/gcc/arm-none-eabi/13.3.1/thumb/v7e-m+fp/hard/crtbegin.o
                0x200001e8                        . = ALIGN (0x4)

.bss            0x200001e8    0x110cc load address 0x08010cf0
                0x200001e8                        _sbss = .
                0x200001e8                        __bss_start__ = _sbss
 *(.bss)