../Drivers/STM32WBxx_HAL_Driver/Inc/stm32wbxx_ll_bus.h:539:22:LL_AHB2_GRP1_EnableClock	24	static
../Drivers/STM32WBxx_HAL_Driver/Inc/stm32wbxx_ll_bus.h:939:22:LL_APB1_GRP1_EnableClock	24	static
../Drivers/STM32WBxx_HAL_Driver/Inc/stm32wbxx_ll_bus.h:1038:22:LL_APB1_GRP1_DisableClock	16	static
../USB_Device/Target/usbd_conf.c:75:6:HAL_PCD_MspInit	144	static
../USB_Device/Target/usbd_conf.c:137:6:HAL_PCD_MspDeInit	16	static
../USB_Device/Target/usbd_conf.c:171:6:HAL_PCD_SetupStageCallback	16	static
../USB_Device/Target/usbd_conf.c:192:6:HAL_PCD_DataOutStageCallback	16	static
../USB_Device/Target/usbd_conf.c:213:6:HAL_PCD_DataInStageCallback	16	static
../USB_Device/Target/usbd_conf.c:233:6:HAL_PCD_SOFCallback	16	static
../USB_Device/Target/usbd_conf.c:253:6:HAL_PCD_ResetCallback	24	static
../USB_Device/Target/usbd_conf.c:284:6:HAL_PCD_SuspendCallback	16	static
../USB_Device/Target/usbd_conf.c:314:6:HAL_PCD_ResumeCallback	16	static
../USB_Device/Target/usbd_conf.c:345:6:HAL_PCD_ISOOUTIncompleteCallback	16	static
../USB_Device/Target/usbd_conf.c:366:6:HAL_PCD_ISOINIncompleteCallback	16	static
../USB_Device/Target/usbd_conf.c:386:6:HAL_PCD_ConnectCallback	16	static
../USB_Device/Target/usbd_conf.c:407:6:HAL_PCD_DisconnectCallback	16	static
../USB_Device/Target/usbd_conf.c:433:20:USBD_LL_Init	16	static
../USB_Device/Target/usbd_conf.c:499:20:USBD_LL_DeInit	24	static
../USB_Device/Target/usbd_conf.c:516:20:USBD_LL_Start	24	static
../USB_Device/Target/usbd_conf.c:533:20:USBD_LL_Stop	24	static
../USB_Device/Target/usbd_conf.c:553:20:USBD_LL_OpenEP	24	static
../USB_Device/Target/usbd_conf.c:571:20:USBD_LL_CloseEP	24	static
../USB_Device/Target/usbd_conf.c:589:20:USBD_LL_FlushEP	24	static
../USB_Device/Target/usbd_conf.c:607:20:USBD_LL_StallEP	24	static
../USB_Device/Target/usbd_conf.c:625:20:USBD_LL_ClearStallEP	24	static
../USB_Device/Target/usbd_conf.c:643:9:USBD_LL_IsStallEP	24	static
../USB_Device/Target/usbd_conf.c:663:20:USBD_LL_SetUSBAddress	24	static
../USB_Device/Target/usbd_conf.c:683:20:USBD_LL_Transmit	32	static
../USB_Device/Target/usbd_conf.c:703:20:USBD_LL_PrepareReceive	32	static
../USB_Device/Target/usbd_conf.c:721:10:USBD_LL_GetRxDataSize	16	static
../USB_Device/Target/usbd_conf.c:735:6:HAL_PCDEx_LPM_Callback	16	static
../USB_Device/Target/usbd_conf.c:771:6:USBD_LL_Delay	16	static
../USB_Device/Target/usbd_conf.c:781:7:USBD_static_malloc	16	static
../USB_Device/Target/usbd_conf.c:793:6:USBD_static_free	16	static
../USB_Device/Target/usbd_conf.c:804:13:SystemClockConfig_Resume	8	static
../USB_Device/Target/usbd_conf.c:815:20:USBD_Get_USB_Status	24	static
