../Drivers/RTC/rtc_driver.c:26:13:rtc_driver_validate_time	16	static
../Drivers/RTC/rtc_driver.c:45:13:rtc_driver_validate_date	16	static
../Drivers/RTC/rtc_driver.c:67:13:rtc_driver_fill_default_datetime	16	static
../Drivers/RTC/rtc_driver.c:79:17:rtc_driver_build_signature	16	static
../Drivers/RTC/rtc_driver.c:93:16:rtc_driver_month_from_string	24	static
../Drivers/RTC/rtc_driver.c:116:16:rtc_driver_weekday_from_date	24	static
../Drivers/RTC/rtc_driver.c:132:13:rtc_driver_parse_build_datetime	48	static
../Drivers/RTC/rtc_driver.c:167:6:rtc_driver_init	4	static
../Drivers/RTC/rtc_driver.c:172:6:rtc_driver_set_datetime	40	static
../Drivers/RTC/rtc_driver.c:207:6:rtc_driver_set_time	32	static
../Drivers/RTC/rtc_driver.c:223:6:rtc_driver_set_date	32	static
../Drivers/RTC/rtc_driver.c:239:6:rtc_driver_get_datetime	40	static
../Drivers/RTC/rtc_driver.c:265:6:rtc_driver_get_time	32	static
../Drivers/RTC/rtc_driver.c:277:6:rtc_driver_get_date	32	static
../Drivers/RTC/rtc_driver.c:289:6:rtc_driver_has_valid_datetime	8	static
../Drivers/RTC/rtc_driver.c:299:6:rtc_driver_sync_build_datetime	24	static
../Drivers/RTC/rtc_driver.c:321:10:rtc_driver_get_fattime	24	static
../Drivers/RTC/rtc_driver.c:341:6:rtc_driver_start_wakeup	16	static
../Drivers/RTC/rtc_driver.c:359:6:rtc_driver_stop_wakeup	8	static
../Drivers/RTC/rtc_driver.c:368:6:rtc_driver_wakeup_irq_handler	4	static
