../Drivers/RTC/rtc_driver.c:19:13:rtc_driver_validate_time	16	static
../Drivers/RTC/rtc_driver.c:38:13:rtc_driver_validate_date	16	static
../Drivers/RTC/rtc_driver.c:60:13:rtc_driver_fill_default_datetime	16	static
../Drivers/RTC/rtc_driver.c:71:17:rtc_driver_build_signature	16	static
../Drivers/RTC/rtc_driver.c:85:16:rtc_driver_month_from_string	24	static
../Drivers/RTC/rtc_driver.c:108:16:rtc_driver_weekday_from_date	24	static
../Drivers/RTC/rtc_driver.c:124:13:rtc_driver_parse_build_datetime	48	static
../Drivers/RTC/rtc_driver.c:159:6:rtc_driver_init	4	static
../Drivers/RTC/rtc_driver.c:164:6:rtc_driver_set_datetime	40	static
../Drivers/RTC/rtc_driver.c:199:6:rtc_driver_set_time	32	static
../Drivers/RTC/rtc_driver.c:215:6:rtc_driver_set_date	32	static
../Drivers/RTC/rtc_driver.c:231:6:rtc_driver_get_datetime	40	static
../Drivers/RTC/rtc_driver.c:257:6:rtc_driver_get_time	32	static
../Drivers/RTC/rtc_driver.c:269:6:rtc_driver_get_date	32	static
../Drivers/RTC/rtc_driver.c:281:6:rtc_driver_has_valid_datetime	8	static
../Drivers/RTC/rtc_driver.c:290:6:rtc_driver_sync_build_datetime	24	static
../Drivers/RTC/rtc_driver.c:312:10:rtc_driver_get_fattime	24	static
../Drivers/RTC/rtc_driver.c:331:6:rtc_driver_start_wakeup	16	static
../Drivers/RTC/rtc_driver.c:349:6:rtc_driver_stop_wakeup	8	static
../Drivers/RTC/rtc_driver.c:358:6:rtc_driver_wakeup_irq_handler	4	static
