../Drivers/EPD/Display_EPD_W21.c:7:6:delay_xms	16	static
../Drivers/EPD/Display_EPD_W21.c:14:6:Epaper_READBUSY	16	static
../Drivers/EPD/Display_EPD_W21.c:26:6:EPD_HW_Init	8	static
../Drivers/EPD/Display_EPD_W21.c:74:6:EPD_HW_Init_Fast	8	static
../Drivers/EPD/Display_EPD_W21.c:102:6:EPD_HW_Init_4Gray	8	static
../Drivers/EPD/Display_EPD_W21.c:138:6:EPD_Update	8	static
../Drivers/EPD/Display_EPD_W21.c:147:6:EPD_Update_Fast	8	static
../Drivers/EPD/Display_EPD_W21.c:156:6:EPD_Part_Update	8	static
../Drivers/EPD/Display_EPD_W21.c:165:6:EPD_WhiteScreen_ALL	24	static
../Drivers/EPD/Display_EPD_W21.c:176:6:EPD_WhiteScreen_ALL_Fast	24	static
../Drivers/EPD/Display_EPD_W21.c:189:6:EPD_WhiteScreen_White	16	static
../Drivers/EPD/Display_EPD_W21.c:200:6:EPD_WhiteScreen_Black	16	static
../Drivers/EPD/Display_EPD_W21.c:211:6:EPD_SetRAMValue_BaseMap	24	static
../Drivers/EPD/Display_EPD_W21.c:228:6:EPD_Dis_Part	40	static
../Drivers/EPD/Display_EPD_W21.c:270:6:EPD_Dis_PartAll	32	static
../Drivers/EPD/Display_EPD_W21.c:293:6:EPD_DeepSleep	8	static
../Drivers/EPD/Display_EPD_W21.c:301:6:EPD_Dis_Part_RAM	40	static
../Drivers/EPD/Display_EPD_W21.c:341:6:EPD_Dis_Part_Time	32	static
../Drivers/EPD/Display_EPD_W21.c:362:6:EPD_HW_Init_180	8	static
../Drivers/EPD/Display_EPD_W21.c:409:6:EPD_HW_Init_GUI	8	static
../Drivers/EPD/Display_EPD_W21.c:457:6:EPD_Display	32	static
../Drivers/EPD/Display_EPD_W21.c:475:15:In2bytes_Out1byte_RAM1	24	static
../Drivers/EPD/Display_EPD_W21.c:504:15:In2bytes_Out1byte_RAM2	24	static
../Drivers/EPD/Display_EPD_W21.c:534:6:EPD_WhiteScreen_ALL_4Gray	24	static
