../Drivers/EPD/Display_EPD_W21.c:5:6:delay_xms	16	static
../Drivers/EPD/Display_EPD_W21.c:12:6:Epaper_READBUSY	8	static
../Drivers/EPD/Display_EPD_W21.c:20:6:EPD_HW_Init	8	static
../Drivers/EPD/Display_EPD_W21.c:68:6:EPD_HW_Init_Fast	8	static
../Drivers/EPD/Display_EPD_W21.c:96:6:EPD_HW_Init_4Gray	8	static
../Drivers/EPD/Display_EPD_W21.c:132:6:EPD_Update	8	static
../Drivers/EPD/Display_EPD_W21.c:141:6:EPD_Update_Fast	8	static
../Drivers/EPD/Display_EPD_W21.c:150:6:EPD_Part_Update	8	static
../Drivers/EPD/Display_EPD_W21.c:159:6:EPD_WhiteScreen_ALL	24	static
../Drivers/EPD/Display_EPD_W21.c:170:6:EPD_WhiteScreen_ALL_Fast	24	static
../Drivers/EPD/Display_EPD_W21.c:183:6:EPD_WhiteScreen_White	16	static
../Drivers/EPD/Display_EPD_W21.c:194:6:EPD_WhiteScreen_Black	16	static
../Drivers/EPD/Display_EPD_W21.c:205:6:EPD_SetRAMValue_BaseMap	24	static
../Drivers/EPD/Display_EPD_W21.c:222:6:EPD_Dis_Part	40	static
../Drivers/EPD/Display_EPD_W21.c:264:6:EPD_Dis_PartAll	32	static
../Drivers/EPD/Display_EPD_W21.c:287:6:EPD_DeepSleep	8	static
../Drivers/EPD/Display_EPD_W21.c:295:6:EPD_Dis_Part_RAM	40	static
../Drivers/EPD/Display_EPD_W21.c:335:6:EPD_Dis_Part_Time	32	static
../Drivers/EPD/Display_EPD_W21.c:356:6:EPD_HW_Init_180	8	static
../Drivers/EPD/Display_EPD_W21.c:403:6:EPD_HW_Init_GUI	8	static
../Drivers/EPD/Display_EPD_W21.c:451:6:EPD_Display	32	static
../Drivers/EPD/Display_EPD_W21.c:469:15:In2bytes_Out1byte_RAM1	24	static
../Drivers/EPD/Display_EPD_W21.c:498:15:In2bytes_Out1byte_RAM2	24	static
../Drivers/EPD/Display_EPD_W21.c:528:6:EPD_WhiteScreen_ALL_4Gray	24	static
