../Drivers/STM32WBxx_HAL_Driver/Inc/stm32wbxx_ll_bus.h:539:22:LL_AHB2_GRP1_EnableClock	24	static
../Drivers/STM32WBxx_HAL_Driver/Inc/stm32wbxx_ll_bus.h:939:22:LL_APB1_GRP1_EnableClock	24	static
../Drivers/STM32WBxx_HAL_Driver/Inc/stm32wbxx_ll_bus.h:1038:22:LL_APB1_GRP1_DisableClock	16	static
../USB_Device/Target/usbd_conf.c:50:13:usbd_link_note_activity	8	static
../USB_Device/Target/usbd_conf.c:57:6:usbd_link_state_reset	4	static
../USB_Device/Target/usbd_conf.c:64:6:usbd_link_force_disconnect	8	static
../USB_Device/Target/usbd_conf.c:69:6:usbd_link_is_connected	4	static
../USB_Device/Target/usbd_conf.c:74:6:usbd_link_is_suspended	4	static
../USB_Device/Target/usbd_conf.c:79:6:usbd_link_has_recent_activity	16	static
../USB_Device/Target/usbd_conf.c:113:6:HAL_PCD_MspInit	120	static
../USB_Device/Target/usbd_conf.c:162:6:HAL_PCD_MspDeInit	16	static
../USB_Device/Target/usbd_conf.c:198:6:HAL_PCD_SetupStageCallback	16	static
../USB_Device/Target/usbd_conf.c:220:6:HAL_PCD_DataOutStageCallback	16	static
../USB_Device/Target/usbd_conf.c:242:6:HAL_PCD_DataInStageCallback	16	static
../USB_Device/Target/usbd_conf.c:263:6:HAL_PCD_SOFCallback	16	static
../USB_Device/Target/usbd_conf.c:284:6:HAL_PCD_ResetCallback	24	static
../USB_Device/Target/usbd_conf.c:316:6:HAL_PCD_SuspendCallback	16	static
../USB_Device/Target/usbd_conf.c:348:6:HAL_PCD_ResumeCallback	16	static
../USB_Device/Target/usbd_conf.c:380:6:HAL_PCD_ISOOUTIncompleteCallback	16	static
../USB_Device/Target/usbd_conf.c:401:6:HAL_PCD_ISOINIncompleteCallback	16	static
../USB_Device/Target/usbd_conf.c:421:6:HAL_PCD_ConnectCallback	16	static
../USB_Device/Target/usbd_conf.c:442:6:HAL_PCD_DisconnectCallback	16	static
../USB_Device/Target/usbd_conf.c:468:20:USBD_LL_Init	16	static
../USB_Device/Target/usbd_conf.c:534:20:USBD_LL_DeInit	24	static
../USB_Device/Target/usbd_conf.c:551:20:USBD_LL_Start	24	static
../USB_Device/Target/usbd_conf.c:568:20:USBD_LL_Stop	24	static
../USB_Device/Target/usbd_conf.c:588:20:USBD_LL_OpenEP	24	static
../USB_Device/Target/usbd_conf.c:606:20:USBD_LL_CloseEP	24	static
../USB_Device/Target/usbd_conf.c:624:20:USBD_LL_FlushEP	24	static
../USB_Device/Target/usbd_conf.c:642:20:USBD_LL_StallEP	24	static
../USB_Device/Target/usbd_conf.c:660:20:USBD_LL_ClearStallEP	24	static
../USB_Device/Target/usbd_conf.c:678:9:USBD_LL_IsStallEP	24	static
../USB_Device/Target/usbd_conf.c:698:20:USBD_LL_SetUSBAddress	24	static
../USB_Device/Target/usbd_conf.c:718:20:USBD_LL_Transmit	32	static
../USB_Device/Target/usbd_conf.c:738:20:USBD_LL_PrepareReceive	32	static
../USB_Device/Target/usbd_conf.c:756:10:USBD_LL_GetRxDataSize	16	static
../USB_Device/Target/usbd_conf.c:770:6:HAL_PCDEx_LPM_Callback	16	static
../USB_Device/Target/usbd_conf.c:806:6:USBD_LL_Delay	16	static
../USB_Device/Target/usbd_conf.c:816:7:USBD_static_malloc	16	static
../USB_Device/Target/usbd_conf.c:828:6:USBD_static_free	16	static
../USB_Device/Target/usbd_conf.c:839:13:SystemClockConfig_Resume	8	static
../USB_Device/Target/usbd_conf.c:850:20:USBD_Get_USB_Status	24	static
