../Drivers/STM32WBxx_HAL_Driver/Inc/stm32wbxx_ll_bus.h:539:22:LL_AHB2_GRP1_EnableClock	24	static
../Drivers/STM32WBxx_HAL_Driver/Inc/stm32wbxx_ll_bus.h:939:22:LL_APB1_GRP1_EnableClock	24	static
../Drivers/STM32WBxx_HAL_Driver/Inc/stm32wbxx_ll_bus.h:1038:22:LL_APB1_GRP1_DisableClock	16	static
../USB_Device/Target/usbd_conf.c:60:13:usbd_link_note_activity	8	static
../USB_Device/Target/usbd_conf.c:67:6:usbd_link_state_reset	4	static
../USB_Device/Target/usbd_conf.c:74:6:usbd_link_force_disconnect	8	static
../USB_Device/Target/usbd_conf.c:79:6:usbd_link_is_connected	4	static
../USB_Device/Target/usbd_conf.c:84:6:usbd_link_is_suspended	4	static
../USB_Device/Target/usbd_conf.c:89:6:usbd_link_has_recent_activity	16	static
../USB_Device/Target/usbd_conf.c:129:6:HAL_PCD_MspInit	120	static
../USB_Device/Target/usbd_conf.c:178:6:HAL_PCD_MspDeInit	16	static
../USB_Device/Target/usbd_conf.c:214:6:HAL_PCD_SetupStageCallback	16	static
../USB_Device/Target/usbd_conf.c:236:6:HAL_PCD_DataOutStageCallback	16	static
../USB_Device/Target/usbd_conf.c:258:6:HAL_PCD_DataInStageCallback	16	static
../USB_Device/Target/usbd_conf.c:279:6:HAL_PCD_SOFCallback	16	static
../USB_Device/Target/usbd_conf.c:300:6:HAL_PCD_ResetCallback	24	static
../USB_Device/Target/usbd_conf.c:332:6:HAL_PCD_SuspendCallback	16	static
../USB_Device/Target/usbd_conf.c:364:6:HAL_PCD_ResumeCallback	16	static
../USB_Device/Target/usbd_conf.c:396:6:HAL_PCD_ISOOUTIncompleteCallback	16	static
../USB_Device/Target/usbd_conf.c:417:6:HAL_PCD_ISOINIncompleteCallback	16	static
../USB_Device/Target/usbd_conf.c:437:6:HAL_PCD_ConnectCallback	16	static
../USB_Device/Target/usbd_conf.c:458:6:HAL_PCD_DisconnectCallback	16	static
../USB_Device/Target/usbd_conf.c:484:20:USBD_LL_Init	16	static
../USB_Device/Target/usbd_conf.c:560:20:USBD_LL_DeInit	24	static
../USB_Device/Target/usbd_conf.c:577:20:USBD_LL_Start	24	static
../USB_Device/Target/usbd_conf.c:594:20:USBD_LL_Stop	24	static
../USB_Device/Target/usbd_conf.c:614:20:USBD_LL_OpenEP	24	static
../USB_Device/Target/usbd_conf.c:632:20:USBD_LL_CloseEP	24	static
../USB_Device/Target/usbd_conf.c:650:20:USBD_LL_FlushEP	24	static
../USB_Device/Target/usbd_conf.c:668:20:USBD_LL_StallEP	24	static
../USB_Device/Target/usbd_conf.c:686:20:USBD_LL_ClearStallEP	24	static
../USB_Device/Target/usbd_conf.c:704:9:USBD_LL_IsStallEP	24	static
../USB_Device/Target/usbd_conf.c:724:20:USBD_LL_SetUSBAddress	24	static
../USB_Device/Target/usbd_conf.c:744:20:USBD_LL_Transmit	32	static
../USB_Device/Target/usbd_conf.c:764:20:USBD_LL_PrepareReceive	32	static
../USB_Device/Target/usbd_conf.c:782:10:USBD_LL_GetRxDataSize	16	static
../USB_Device/Target/usbd_conf.c:796:6:HAL_PCDEx_LPM_Callback	16	static
../USB_Device/Target/usbd_conf.c:832:6:USBD_LL_Delay	16	static
../USB_Device/Target/usbd_conf.c:842:7:USBD_static_malloc	16	static
../USB_Device/Target/usbd_conf.c:854:6:USBD_static_free	16	static
../USB_Device/Target/usbd_conf.c:865:13:SystemClockConfig_Resume	8	static
../USB_Device/Target/usbd_conf.c:876:20:USBD_Get_USB_Status	24	static
