../Drivers/STM32WBxx_HAL_Driver/Inc/stm32wbxx_ll_bus.h:539:22:LL_AHB2_GRP1_EnableClock	24	static
../Drivers/STM32WBxx_HAL_Driver/Inc/stm32wbxx_ll_bus.h:939:22:LL_APB1_GRP1_EnableClock	24	static
../Drivers/STM32WBxx_HAL_Driver/Inc/stm32wbxx_ll_bus.h:958:22:LL_APB1_GRP2_EnableClock	24	static
../Drivers/STM32WBxx_HAL_Driver/Inc/stm32wbxx_ll_bus.h:1038:22:LL_APB1_GRP1_DisableClock	16	static
../Drivers/STM32WBxx_HAL_Driver/Inc/stm32wbxx_ll_bus.h:1053:22:LL_APB1_GRP2_DisableClock	16	static
../Core/Src/lptim.c:31:6:MX_LPTIM1_Init	8	static
../Core/Src/lptim.c:60:6:MX_LPTIM2_Init	8	static
../Core/Src/lptim.c:89:6:HAL_LPTIM_MspInit	120	static
../Core/Src/lptim.c:154:6:HAL_LPTIM_MspDeInit	16	static
