../Drivers/STM32WBxx_HAL_Driver/Inc/stm32wbxx_ll_rcc.h:1679:22:LL_RCC_LSE_SetDriveCapability	1
../Drivers/STM32WBxx_HAL_Driver/Inc/stm32wbxx_ll_bus.h:597:22:LL_AHB2_GRP1_DisableClock	1
../Core/Src/main.c:92:16:debounce_update	6
../Core/Src/main.c:137:5:main	17
../Core/Src/main.c:316:6:SystemClock_Config	3
../Core/Src/main.c:378:6:PeriphCommonClock_Config	2
../Core/Src/main.c:408:6:PlayBeep	1
../Core/Src/main.c:422:6:JumpToBootloader	2
../Core/Src/main.c:472:6:RTC_SetBuildTime	3
../Core/Src/main.c:547:6:HAL_GPIO_EXTI_Callback	3
../Core/Src/main.c:560:6:Error_Handler	1
