Archive member included to satisfy reference by file (symbol)

C:/ST/STM32CubeIDE_1.16.1/STM32CubeIDE/plugins/com.st.stm32cube.ide.mcu.externaltools.gnu-tools-for-stm32.13.3.rel1.win32_1.0.0.202411081344/tools/bin/../lib/gcc/arm-none-eabi/13.3.1/../../../../arm-none-eabi/lib/thumb/v7e-m+fp/hard\libc_nano.a(libc_a-exit.o)
                              C:/ST/STM32CubeIDE_1.16.1/STM32CubeIDE/plugins/com.st.stm32cube.ide.mcu.externaltools.gnu-tools-for-stm32.13.3.rel1.win32_1.0.0.202411081344/tools/bin/../lib/gcc/arm-none-eabi/13.3.1/../../../../arm-none-eabi/lib/thumb/v7e-m+fp/hard/crt0.o (exit)
C:/ST/STM32CubeIDE_1.16.1/STM32CubeIDE/plugins/com.st.stm32cube.ide.mcu.externaltools.gnu-tools-for-stm32.13.3.rel1.win32_1.0.0.202411081344/tools/bin/../lib/gcc/arm-none-eabi/13.3.1/../../../../arm-none-eabi/lib/thumb/v7e-m+fp/hard\libc_nano.a(libc_a-findfp.o)
                              C:/ST/STM32CubeIDE_1.16.1/STM32CubeIDE/plugins/com.st.stm32cube.ide.mcu.externaltools.gnu-tools-for-stm32.13.3.rel1.win32_1.0.0.202411081344/tools/bin/../lib/gcc/arm-none-eabi/13.3.1/../../../../arm-none-eabi/lib/thumb/v7e-m+fp/hard\libc_nano.a(libc_a-exit.o) (__stdio_exit_handler)
C:/ST/STM32CubeIDE_1.16.1/STM32CubeIDE/plugins/com.st.stm32cube.ide.mcu.externaltools.gnu-tools-for-stm32.13.3.rel1.win32_1.0.0.202411081344/tools/bin/../lib/gcc/arm-none-eabi/13.3.1/../../../../arm-none-eabi/lib/thumb/v7e-m+fp/hard\libc_nano.a(libc_a-fwalk.o)
                              C:/ST/STM32CubeIDE_1.16.1/STM32CubeIDE/plugins/com.st.stm32cube.ide.mcu.externaltools.gnu-tools-for-stm32.13.3.rel1.win32_1.0.0.202411081344/tools/bin/../lib/gcc/arm-none-eabi/13.3.1/../../../../arm-none-eabi/lib/thumb/v7e-m+fp/hard\libc_nano.a(libc_a-findfp.o) (_fwalk_sglue)
C:/ST/STM32CubeIDE_1.16.1/STM32CubeIDE/plugins/com.st.stm32cube.ide.mcu.externaltools.gnu-tools-for-stm32.13.3.rel1.win32_1.0.0.202411081344/tools/bin/../lib/gcc/arm-none-eabi/13.3.1/../../../../arm-none-eabi/lib/thumb/v7e-m+fp/hard\libc_nano.a(libc_a-printf.o)
                              ./Middlewares/ST/STM32_WPAN/utilities/dbg_trace.o (printf)
C:/ST/STM32CubeIDE_1.16.1/STM32CubeIDE/plugins/com.st.stm32cube.ide.mcu.externaltools.gnu-tools-for-stm32.13.3.rel1.win32_1.0.0.202411081344/tools/bin/../lib/gcc/arm-none-eabi/13.3.1/../../../../arm-none-eabi/lib/thumb/v7e-m+fp/hard\libc_nano.a(libc_a-stdio.o)
                              C:/ST/STM32CubeIDE_1.16.1/STM32CubeIDE/plugins/com.st.stm32cube.ide.mcu.externaltools.gnu-tools-for-stm32.13.3.rel1.win32_1.0.0.202411081344/tools/bin/../lib/gcc/arm-none-eabi/13.3.1/../../../../arm-none-eabi/lib/thumb/v7e-m+fp/hard\libc_nano.a(libc_a-findfp.o) (__sread)
C:/ST/STM32CubeIDE_1.16.1/STM32CubeIDE/plugins/com.st.stm32cube.ide.mcu.externaltools.gnu-tools-for-stm32.13.3.rel1.win32_1.0.0.202411081344/tools/bin/../lib/gcc/arm-none-eabi/13.3.1/../../../../arm-none-eabi/lib/thumb/v7e-m+fp/hard\libc_nano.a(libc_a-vprintf.o)
                              ./Middlewares/ST/STM32_WPAN/utilities/dbg_trace.o (vprintf)
C:/ST/STM32CubeIDE_1.16.1/STM32CubeIDE/plugins/com.st.stm32cube.ide.mcu.externaltools.gnu-tools-for-stm32.13.3.rel1.win32_1.0.0.202411081344/tools/bin/../lib/gcc/arm-none-eabi/13.3.1/../../../../arm-none-eabi/lib/thumb/v7e-m+fp/hard\libc_nano.a(libc_a-memcmp.o)
                              ./Middlewares/ST/STM32_WPAN/ble/core/template/osal.o (memcmp)
C:/ST/STM32CubeIDE_1.16.1/STM32CubeIDE/plugins/com.st.stm32cube.ide.mcu.externaltools.gnu-tools-for-stm32.13.3.rel1.win32_1.0.0.202411081344/tools/bin/../lib/gcc/arm-none-eabi/13.3.1/../../../../arm-none-eabi/lib/thumb/v7e-m+fp/hard\libc_nano.a(libc_a-memset.o)
                              C:/ST/STM32CubeIDE_1.16.1/STM32CubeIDE/plugins/com.st.stm32cube.ide.mcu.externaltools.gnu-tools-for-stm32.13.3.rel1.win32_1.0.0.202411081344/tools/bin/../lib/gcc/arm-none-eabi/13.3.1/../../../../arm-none-eabi/lib/thumb/v7e-m+fp/hard/crt0.o (memset)
C:/ST/STM32CubeIDE_1.16.1/STM32CubeIDE/plugins/com.st.stm32cube.ide.mcu.externaltools.gnu-tools-for-stm32.13.3.rel1.win32_1.0.0.202411081344/tools/bin/../lib/gcc/arm-none-eabi/13.3.1/../../../../arm-none-eabi/lib/thumb/v7e-m+fp/hard\libc_nano.a(libc_a-strrchr.o)
                              ./Middlewares/ST/STM32_WPAN/utilities/dbg_trace.o (strrchr)
C:/ST/STM32CubeIDE_1.16.1/STM32CubeIDE/plugins/com.st.stm32cube.ide.mcu.externaltools.gnu-tools-for-stm32.13.3.rel1.win32_1.0.0.202411081344/tools/bin/../lib/gcc/arm-none-eabi/13.3.1/../../../../arm-none-eabi/lib/thumb/v7e-m+fp/hard\libc_nano.a(libc_a-closer.o)
                              C:/ST/STM32CubeIDE_1.16.1/STM32CubeIDE/plugins/com.st.stm32cube.ide.mcu.externaltools.gnu-tools-for-stm32.13.3.rel1.win32_1.0.0.202411081344/tools/bin/../lib/gcc/arm-none-eabi/13.3.1/../../../../arm-none-eabi/lib/thumb/v7e-m+fp/hard\libc_nano.a(libc_a-stdio.o) (_close_r)
[...]
Memory Configuration

Name             Origin             Length             Attributes
FLASH            0x08000000         0x00080000         xr
RAM              0x20000008         0x0002fff8         xrw
RAM_SHARED       0x20030000         0x00002800         xrw
*default*        0x00000000         0xffffffff

Linker script and memory map

LOAD C:/ST/STM32CubeIDE_1.16.1/STM32CubeIDE/plugins/com.st.stm32cube.ide.mcu.externaltools.gnu-tools-for-stm32.13.3.rel1.win32_1.0.0.202411081344/tools/bin/../lib/gcc/arm-none-eabi/13.3.1/thumb/v7e-m+fp/hard/crti.o
LOAD C:/ST/STM32CubeIDE_1.16.1/STM32CubeIDE/plugins/com.st.stm32cube.ide.mcu.externaltools.gnu-tools-for-stm32.13.3.rel1.win32_1.0.0.202411081344/tools/bin/../lib/gcc/arm-none-eabi/13.3.1/thumb/v7e-m+fp/hard/crtbegin.o
LOAD C:/ST/STM32CubeIDE_1.16.1/STM32CubeIDE/plugins/com.st.stm32cube.ide.mcu.externaltools.gnu-tools-for-stm32.13.3.rel1.win32_1.0.0.202411081344/tools/bin/../lib/gcc/arm-none-eabi/13.3.1/../../../../arm-none-eabi/lib/thumb/v7e-m+fp/hard/crt0.o
LOAD ./Core/Src/app_debug.o
LOAD ./Core/Src/app_entry.o
LOAD ./Core/Src/hw_timerserver.o
LOAD ./Core/Src/main.o
LOAD ./Core/Src/stm32_lpm_if.o
LOAD ./Core/Src/stm32wbxx_hal_msp.o
LOAD ./Core/Src/stm32wbxx_it.o
LOAD ./Core/Src/syscalls.o
LOAD ./Core/Src/sysmem.o
LOAD ./Core/Src/system_stm32wbxx.o
LOAD ./Core/Startup/startup_stm32wb55cgux.o
LOAD ./Drivers/BSP/P-NUCLEO-WB55.USBDongle/stm32wbxx_usb_dongle.o
LOAD ./Drivers/STM32WBxx_HAL_Driver/Src/stm32wbxx_hal.o
LOAD ./Drivers/STM32WBxx_HAL_Driver/Src/stm32wbxx_hal_cortex.o
LOAD ./Drivers/STM32WBxx_HAL_Driver/Src/stm32wbxx_hal_dma.o
LOAD ./Drivers/STM32WBxx_HAL_Driver/Src/stm32wbxx_hal_dma_ex.o
LOAD ./Drivers/STM32WBxx_HAL_Driver/Src/stm32wbxx_hal_exti.o
LOAD ./Drivers/STM32WBxx_HAL_Driver/Src/stm32wbxx_hal_flash.o
LOAD ./Drivers/STM32WBxx_HAL_Driver/Src/stm32wbxx_hal_flash_ex.o
LOAD ./Drivers/STM32WBxx_HAL_Driver/Src/stm32wbxx_hal_gpio.o
LOAD ./Drivers/STM32WBxx_HAL_Driver/Src/stm32wbxx_hal_hsem.o
LOAD ./Drivers/STM32WBxx_HAL_Driver/Src/stm32wbxx_hal_ipcc.o
LOAD ./Drivers/STM32WBxx_HAL_Driver/Src/stm32wbxx_hal_pwr.o
LOAD ./Drivers/STM32WBxx_HAL_Driver/Src/stm32wbxx_hal_pwr_ex.o
LOAD ./Drivers/STM32WBxx_HAL_Driver/Src/stm32wbxx_hal_rcc.o
LOAD ./Drivers/STM32WBxx_HAL_Driver/Src/stm32wbxx_hal_rcc_ex.o
LOAD ./Drivers/STM32WBxx_HAL_Driver/Src/stm32wbxx_hal_rtc.o
LOAD ./Drivers/STM32WBxx_HAL_Driver/Src/stm32wbxx_hal_rtc_ex.o
LOAD ./Drivers/STM32WBxx_HAL_Driver/Src/stm32wbxx_hal_uart.o
LOAD ./Drivers/STM32WBxx_HAL_Driver/Src/stm32wbxx_hal_uart_ex.o
LOAD ./Drivers/STM32WBxx_HAL_Driver/Src/stm32wbxx_hal_usart.o
LOAD ./Drivers/STM32WBxx_HAL_Driver/Src/stm32wbxx_hal_usart_ex.o
LOAD ./Drivers/STM32WBxx_HAL_Driver/Src/stm32wbxx_ll_rcc.o
LOAD ./Middlewares/ST/STM32_WPAN/ble/core/auto/ble_events.o
LOAD ./Middlewares/ST/STM32_WPAN/ble/core/auto/ble_gap_aci.o
LOAD ./Middlewares/ST/STM32_WPAN/ble/core/auto/ble_gatt_aci.o
LOAD ./Middlewares/ST/STM32_WPAN/ble/core/auto/ble_hal_aci.o
LOAD ./Middlewares/ST/STM32_WPAN/ble/core/auto/ble_hci_le.o
LOAD ./Middlewares/ST/STM32_WPAN/ble/core/auto/ble_l2cap_aci.o
LOAD ./Middlewares/ST/STM32_WPAN/ble/core/template/osal.o
LOAD ./Middlewares/ST/STM32_WPAN/ble/svc/Src/svc_ctl.o
LOAD ./Middlewares/ST/STM32_WPAN/interface/patterns/ble_thread/shci/shci.o
LOAD ./Middlewares/ST/STM32_WPAN/interface/patterns/ble_thread/tl/hci_tl.o
LOAD ./Middlewares/ST/STM32_WPAN/interface/patterns/ble_thread/tl/hci_tl_if.o
LOAD ./Middlewares/ST/STM32_WPAN/interface/patterns/ble_thread/tl/shci_tl.o
LOAD ./Middlewares/ST/STM32_WPAN/interface/patterns/ble_thread/tl/shci_tl_if.o
LOAD ./Middlewares/ST/STM32_WPAN/interface/patterns/ble_thread/tl/tl_mbox.o
LOAD ./Middlewares/ST/STM32_WPAN/utilities/dbg_trace.o
LOAD ./Middlewares/ST/STM32_WPAN/utilities/otp.o
LOAD ./Middlewares/ST/STM32_WPAN/utilities/stm_list.o
LOAD ./Middlewares/ST/STM32_WPAN/utilities/stm_queue.o
LOAD ./STM32_WPAN/App/app_ble.o
LOAD ./STM32_WPAN/App/custom_app.o
LOAD ./STM32_WPAN/App/custom_stm.o
LOAD ./STM32_WPAN/Target/hw_ipcc.o
LOAD ./Utilities/lpm/tiny_lpm/stm32_lpm.o
LOAD ./Utilities/sequencer/stm32_seq.o
START GROUP
LOAD C:/ST/STM32CubeIDE_1.16.1/STM32CubeIDE/plugins/com.st.stm32cube.ide.mcu.externaltools.gnu-tools-for-stm32.13.3.rel1.win32_1.0.0.202411081344/tools/bin/../lib/gcc/arm-none-eabi/13.3.1/../../../../arm-none-eabi/lib/thumb/v7e-m+fp/hard\libc_nano.a
LOAD C:/ST/STM32CubeIDE_1.16.1/STM32CubeIDE/plugins/com.st.stm32cube.ide.mcu.externaltools.gnu-tools-for-stm32.13.3.rel1.win32_1.0.0.202411081344/tools/bin/../lib/gcc/arm-none-eabi/13.3.1/../../../../arm-none-eabi/lib/thumb/v7e-m+fp/hard\libm.a
END GROUP
START GROUP
LOAD C:/ST/STM32CubeIDE_1.16.1/STM32CubeIDE/plugins/com.st.stm32cube.ide.mcu.externaltools.gnu-tools-for-stm32.13.3.rel1.win32_1.0.0.202411081344/tools/bin/../lib/gcc/arm-none-eabi/13.3.1/thumb/v7e-m+fp/hard\libgcc.a
LOAD C:/ST/STM32CubeIDE_1.16.1/STM32CubeIDE/plugins/com.st.stm32cube.ide.mcu.externaltools.gnu-tools-for-stm32.13.3.rel1.win32_1.0.0.202411081344/tools/bin/../lib/gcc/arm-none-eabi/13.3.1/../../../../arm-none-eabi/lib/thumb/v7e-m+fp/hard\libc_nano.a
END GROUP
START GROUP
LOAD C:/ST/STM32CubeIDE_1.16.1/STM32CubeIDE/plugins/com.st.stm32cube.ide.mcu.externaltools.gnu-tools-for-stm32.13.3.rel1.win32_1.0.0.202411081344/tools/bin/../lib/gcc/arm-none-eabi/13.3.1/thumb/v7e-m+fp/hard\libgcc.a
LOAD C:/ST/STM32CubeIDE_1.16.1/STM32CubeIDE/plugins/com.st.stm32cube.ide.mcu.externaltools.gnu-tools-for-stm32.13.3.rel1.win32_1.0.0.202411081344/tools/bin/../lib/gcc/arm-none-eabi/13.3.1/../../../../arm-none-eabi/lib/thumb/v7e-m+fp/hard\libc_nano.a
LOAD C:/ST/STM32CubeIDE_1.16.1/STM32CubeIDE/plugins/com.st.stm32cube.ide.mcu.externaltools.gnu-tools-for-stm32.13.3.rel1.win32_1.0.0.202411081344/tools/bin/../lib/gcc/arm-none-eabi/13.3.1/../../../../arm-none-eabi/lib/thumb/v7e-m+fp/hard\libnosys.a
END GROUP
START GROUP
LOAD C:/ST/STM32CubeIDE_1.16.1/STM32CubeIDE/plugins/com.st.stm32cube.ide.mcu.externaltools.gnu-tools-for-stm32.13.3.rel1.win32_1.0.0.202411081344/tools/bin/../lib/gcc/arm-none-eabi/13.3.1/thumb/v7e-m+fp/hard\libgcc.a
LOAD C:/ST/STM32CubeIDE_1.16.1/STM32CubeIDE/plugins/com.st.stm32cube.ide.mcu.externaltools.gnu-tools-for-stm32.13.3.rel1.win32_1.0.0.202411081344/tools/bin/../lib/gcc/arm-none-eabi/13.3.1/../../../../arm-none-eabi/lib/thumb/v7e-m+fp/hard\libc_nano.a
LOAD C:/ST/STM32CubeIDE_1.16.1/STM32CubeIDE/plugins/com.st.stm32cube.ide.mcu.externaltools.gnu-tools-for-stm32.13.3.rel1.win32_1.0.0.202411081344/tools/bin/../lib/gcc/arm-none-eabi/13.3.1/../../../../arm-none-eabi/lib/thumb/v7e-m+fp/hard\libnosys.a
END GROUP
LOAD C:/ST/STM32CubeIDE_1.16.1/STM32CubeIDE/plugins/com.st.stm32cube.ide.mcu.externaltools.gnu-tools-for-stm32.13.3.rel1.win32_1.0.0.202411081344/tools/bin/../lib/gcc/arm-none-eabi/13.3.1/thumb/v7e-m+fp/hard/crtend.o
LOAD C:/ST/STM32CubeIDE_1.16.1/STM32CubeIDE/plugins/com.st.stm32cube.ide.mcu.externaltools.gnu-tools-for-stm32.13.3.rel1.win32_1.0.0.202411081344/tools/bin/../lib/gcc/arm-none-eabi/13.3.1/thumb/v7e-m+fp/hard/crtn.o
                0x20030000                        _estack = (ORIGIN (RAM) + LENGTH (RAM))
                0x00000200                        _Min_Heap_Size = 0x200
                0x00000400                        _Min_Stack_Size = 0x400

.isr_vector     0x08000000      0x13c
                0x08000000                        . = ALIGN (0x4)
 *(.isr_vector)
 .isr_vector    0x08000000      0x13c ./Core/Startup/startup_stm32wb55cgux.o
                0x08000000                g_pfnVectors
                0x0800013c                        . = ALIGN (0x4)

.text           0x0800013c     0x7494
                0x0800013c                        . = ALIGN (0x4)
 *(.text)
 .text          0x0800013c       0x40 C:/ST/STM32CubeIDE_1.16.1/STM32CubeIDE/plugins/com.st.stm32cube.ide.mcu.externaltools.gnu-tools-for-stm32.13.3.rel1.win32_1.0.0.202411081344/tools/bin/../lib/gcc/arm-none-eabi/13.3.1/thumb/v7e-m+fp/hard/crtbegin.o
 .text          0x0800017c       0x10 C:/ST/STM32CubeIDE_1.16.1/STM32CubeIDE/plugins/com.st.stm32cube.ide.mcu.externaltools.gnu-tools-for-stm32.13.3.rel1.win32_1.0.0.202411081344/tools/bin/../lib/gcc/arm-none-eabi/13.3.1/../../../../arm-none-eabi/lib/thumb/v7e-m+fp/hard\libc_nano.a(libc_a-strlen.o)
                0x0800017c                strlen
 *(.text*)
 .text.APPD_EnableCPU2
                0x0800018c       0x38 ./Core/Src/app_debug.o
                0x0800018c                APPD_EnableCPU2
 .text.LL_PWR_SMPS_Enable
                0x080001c4       0x20 ./Core/Src/app_entry.o
 .text.LL_PWR_SMPS_SetStartupCurrent
                0x080001e4       0x28 ./Core/Src/app_entry.o
 .text.LL_PWR_SMPS_SetOutputVoltageLevel
                0x0800020c       0x74 ./Core/Src/app_entry.o
 .text.LL_C2_PWR_SetPowerMode
                0x08000280       0x2c ./Core/Src/app_entry.o
 .text.LL_EXTI_EnableIT_32_63
                0x080002ac       0x28 ./Core/Src/app_entry.o
 .text.LL_RCC_HSE_SetCapacitorTuning
                0x080002d4       0x3c ./Core/Src/app_entry.o
 .text.LL_RCC_SetClkAfterWakeFromStop
                0x08000310       0x28 ./Core/Src/app_entry.o
 .text.LL_DBGMCU_GetDeviceID
                0x08000338       0x1c ./Core/Src/app_entry.o
 .text.LL_DBGMCU_GetRevisionID
                0x08000354       0x1c ./Core/Src/app_entry.o
 .text.LL_RTC_EnableWriteProtection
                0x08000370       0x1a ./Core/Src/app_entry.o
 .text.LL_RTC_DisableWriteProtection
                0x0800038a       0x20 ./Core/Src/app_entry.o
 .text.LL_RTC_WAKEUP_SetClock
                0x080003aa       0x26 ./Core/Src/app_entry.o
 .text.MX_APPE_Config
                0x080003d0       0x1c ./Core/Src/app_entry.o
                0x080003d0                MX_APPE_Config
 .text.MX_APPE_Init
                0x080003ec       0x20 ./Core/Src/app_entry.o
                0x080003ec                MX_APPE_Init
 .text.Init_Smps
                0x0800040c       0x18 ./Core/Src/app_entry.o
                0x0800040c                Init_Smps
 .text.Init_Exti
                0x08000424        0xe ./Core/Src/app_entry.o
                0x08000424                Init_Exti
 .text.Reset_Device
                0x08000432        0xe ./Core/Src/app_entry.o
 .text.Config_HSE
                0x08000440       0x28 ./Core/Src/app_entry.o
 .text.System_Init
                0x08000468       0x14 ./Core/Src/app_entry.o
 .text.Init_Rtc
                0x0800047c       0x20 ./Core/Src/app_entry.o
 .text.SystemPower_Config
                0x0800049c       0x1a ./Core/Src/app_entry.o
 *fill*         0x080004b6        0x2 
 .text.appe_Tl_Init
                0x080004b8       0x6c ./Core/Src/app_entry.o
 .text.APPE_SysStatusNot
                0x08000524       0x16 ./Core/Src/app_entry.o
 *fill*         0x0800053a        0x2 
 .text.APPE_SysUserEvtRx
                0x0800053c       0x68 ./Core/Src/app_entry.o
 .text.APPE_SysEvtError
                0x080005a4       0x22 ./Core/Src/app_entry.o
 .text.APPE_SysEvtReadyProcessing
                0x080005c6       0x88 ./Core/Src/app_entry.o
 .text.MX_APPE_Process
                0x0800064e       0x10 ./Core/Src/app_entry.o
                0x0800064e                MX_APPE_Process
 .text.UTIL_SEQ_Idle
                0x0800065e        0xe ./Core/Src/app_entry.o
                0x0800065e                UTIL_SEQ_Idle
 .text.shci_notify_asynch_evt
                0x0800066c       0x18 ./Core/Src/app_entry.o
                0x0800066c                shci_notify_asynch_evt
 .text.shci_cmd_resp_release
                0x08000684       0x16 ./Core/Src/app_entry.o
                0x08000684                shci_cmd_resp_release
 .text.shci_cmd_resp_wait
                0x0800069a       0x16 ./Core/Src/app_entry.o
                0x0800069a                shci_cmd_resp_wait
 .text.LL_EXTI_EnableIT_0_31
                0x080006b0       0x28 ./Core/Src/hw_timerserver.o
 .text.LL_EXTI_EnableRisingTrig_0_31
                0x080006d8       0x24 ./Core/Src/hw_timerserver.o
 .text.ReadRtcSsrValue
                0x080006fc       0x40 ./Core/Src/hw_timerserver.o
 .text.LinkTimerAfter
                0x0800073c       0x8c ./Core/Src/hw_timerserver.o
 .text.LinkTimerBefore
                0x080007c8       0xc0 ./Core/Src/hw_timerserver.o
 .text.linkTimer
                0x08000888      0x154 ./Core/Src/hw_timerserver.o
 .text.UnlinkTimer
                0x080009dc      0x108 ./Core/Src/hw_timerserver.o
 .text.ReturnTimeElapsed
                0x08000ae4       0x80 ./Core/Src/hw_timerserver.o
 .text.RestartWakeupCounter
                0x08000b64       0xb0 ./Core/Src/hw_timerserver.o
 .text.RescheduleTimerList
                0x08000c14      0x134 ./Core/Src/hw_timerserver.o
 .text.HW_TS_RTC_Wakeup_Handler
                0x08000d48      0x190 ./Core/Src/hw_timerserver.o
                0x08000d48                HW_TS_RTC_Wakeup_Handler
 .text.HW_TS_Init
                0x08000ed8      0x1b4 ./Core/Src/hw_timerserver.o
                0x08000ed8                HW_TS_Init
 .text.HW_TS_Stop
                0x0800108c      0x108 ./Core/Src/hw_timerserver.o
                0x0800108c                HW_TS_Stop
 .text.HW_TS_Start
                0x08001194      0x10c ./Core/Src/hw_timerserver.o
                0x08001194                HW_TS_Start
 .text.HW_TS_RTC_Int_AppNot
                0x080012a0       0x1a ./Core/Src/hw_timerserver.o
                0x080012a0                HW_TS_RTC_Int_AppNot
 .text.LL_RCC_LSE_SetDriveCapability
                0x080012ba       0x2c ./Core/Src/main.o
 .text.LL_AHB2_GRP1_EnableClock
                0x080012e6       0x32 ./Core/Src/main.o
 .text.main     0x08001318       0x2e ./Core/Src/main.o
                0x08001318                main
 *fill*         0x08001346        0x2 
 .text.SystemClock_Config
                0x08001348       0xb8 ./Core/Src/main.o
                0x08001348                SystemClock_Config
 .text.PeriphCommonClock_Config
                0x08001400       0x40 ./Core/Src/main.o
                0x08001400                PeriphCommonClock_Config
 .text.MX_IPCC_Init
                0x08001440       0x28 ./Core/Src/main.o
 .text.MX_RF_Init
                0x08001468        0xe ./Core/Src/main.o
 *fill*         0x08001476        0x2 
 .text.MX_RTC_Init
                0x08001478       0x68 ./Core/Src/main.o
 .text.MX_GPIO_Init
                0x080014e0       0xbc ./Core/Src/main.o
 .text.Error_Handler
                0x0800159c        0xc ./Core/Src/main.o
                0x0800159c                Error_Handler
 .text.LL_RCC_EnableRTC
                0x080015a8       0x22 ./Core/Src/stm32wbxx_hal_msp.o
 .text.LL_AHB3_GRP1_EnableClock
                0x080015ca       0x32 ./Core/Src/stm32wbxx_hal_msp.o
 .text.LL_APB1_GRP1_EnableClock
                0x080015fc       0x32 ./Core/Src/stm32wbxx_hal_msp.o
 .text.HAL_MspInit
                0x0800162e       0x20 ./Core/Src/stm32wbxx_hal_msp.o
                0x0800162e                HAL_MspInit
 *fill*         0x0800164e        0x2 
 .text.HAL_IPCC_MspInit
                0x08001650       0x48 ./Core/Src/stm32wbxx_hal_msp.o
                0x08001650                HAL_IPCC_MspInit
 .text.HAL_RTC_MspInit
                0x08001698       0x68 ./Core/Src/stm32wbxx_hal_msp.o
                0x08001698                HAL_RTC_MspInit
 .text.NMI_Handler
                0x08001700        0x8 ./Core/Src/stm32wbxx_it.o
                0x08001700                NMI_Handler
 .text.HardFault_Handler
                0x08001708        0x8 ./Core/Src/stm32wbxx_it.o
                0x08001708                HardFault_Handler
 .text.MemManage_Handler
                0x08001710        0x8 ./Core/Src/stm32wbxx_it.o
                0x08001710                MemManage_Handler
 .text.BusFault_Handler
                0x08001718        0x8 ./Core/Src/stm32wbxx_it.o
                0x08001718                BusFault_Handler
 .text.UsageFault_Handler
                0x08001720        0x8 ./Core/Src/stm32wbxx_it.o
                0x08001720                UsageFault_Handler
 .text.SVC_Handler
                0x08001728        0xe ./Core/Src/stm32wbxx_it.o
                0x08001728                SVC_Handler
 .text.DebugMon_Handler
                0x08001736        0xe ./Core/Src/stm32wbxx_it.o
                0x08001736                DebugMon_Handler
 .text.PendSV_Handler
                0x08001744        0xe ./Core/Src/stm32wbxx_it.o
                0x08001744                PendSV_Handler
 .text.SysTick_Handler
                0x08001752        0xc ./Core/Src/stm32wbxx_it.o
                0x08001752                SysTick_Handler
 .text.RTC_WKUP_IRQHandler
                0x0800175e        0xc ./Core/Src/stm32wbxx_it.o
                0x0800175e                RTC_WKUP_IRQHandler
 .text.IPCC_C1_RX_IRQHandler
                0x0800176a        0xc ./Core/Src/stm32wbxx_it.o
                0x0800176a                IPCC_C1_RX_IRQHandler
 .text.IPCC_C1_TX_IRQHandler
                0x08001776        0xc ./Core/Src/stm32wbxx_it.o
                0x08001776                IPCC_C1_TX_IRQHandler
 .text.HSEM_IRQHandler
                0x08001782        0xc ./Core/Src/stm32wbxx_it.o
                0x08001782                HSEM_IRQHandler
 *fill*         0x0800178e        0x2 
 .text.SystemInit
                0x08001790       0xa4 ./Core/Src/system_stm32wbxx.o
                0x08001790                SystemInit
 .text.data_initializers
                0x08001834       0x18 ./Core/Startup/startup_stm32wb55cgux.o
 .text.Reset_Handler
                0x0800184c       0x58 ./Core/Startup/startup_stm32wb55cgux.o
                0x0800184c                Reset_Handler
 .text.Default_Handler
                0x080018a4        0x2 ./Core/Startup/startup_stm32wb55cgux.o
                0x080018a4                RTC_Alarm_IRQHandler
                0x080018a4                EXTI2_IRQHandler
                0x080018a4                TIM1_CC_IRQHandler
                0x080018a4                TSC_IRQHandler
                0x080018a4                USB_HP_IRQHandler
                0x080018a4                EXTI3_IRQHandler
                0x080018a4                LPTIM2_IRQHandler
                0x080018a4                I2C3_ER_IRQHandler
                0x080018a4                EXTI0_IRQHandler
                0x080018a4                FPU_IRQHandler
                0x080018a4                TIM1_UP_TIM16_IRQHandler
                0x080018a4                AES1_IRQHandler
                0x080018a4                SPI1_IRQHandler
                0x080018a4                PWR_SOTF_BLEACT_802ACT_RFPHASE_IRQHandler
                0x080018a4                DMA2_Channel2_IRQHandler
                0x080018a4                DMA1_Channel4_IRQHandler
                0x080018a4                ADC1_IRQHandler
                0x080018a4                PKA_IRQHandler
                0x080018a4                DMA1_Channel7_IRQHandler
                0x080018a4                LCD_IRQHandler
                0x080018a4                DMA2_Channel1_IRQHandler
                0x080018a4                QUADSPI_IRQHandler
                0x080018a4                I2C1_EV_IRQHandler
                0x080018a4                DMAMUX1_OVR_IRQHandler
                0x080018a4                DMA1_Channel6_IRQHandler
                0x080018a4                DMA2_Channel4_IRQHandler
                0x080018a4                RCC_IRQHandler
                0x080018a4                DMA1_Channel1_IRQHandler
                0x080018a4                Default_Handler
                0x080018a4                DMA2_Channel7_IRQHandler
                0x080018a4                EXTI15_10_IRQHandler
                0x080018a4                C2SEV_PWR_C2H_IRQHandler
                0x080018a4                AES2_IRQHandler
                0x080018a4                I2C3_EV_IRQHandler
                0x080018a4                EXTI9_5_IRQHandler
                0x080018a4                PVD_PVM_IRQHandler
                0x080018a4                SPI2_IRQHandler
                0x080018a4                DMA2_Channel5_IRQHandler
                0x080018a4                CRS_IRQHandler
                0x080018a4                DMA1_Channel5_IRQHandler
                0x080018a4                USB_LP_IRQHandler
                0x080018a4                EXTI4_IRQHandler
                0x080018a4                RNG_IRQHandler
                0x080018a4                TIM1_TRG_COM_TIM17_IRQHandler
                0x080018a4                TAMP_STAMP_LSECSS_IRQHandler
                0x080018a4                DMA1_Channel3_IRQHandler
                0x080018a4                COMP_IRQHandler
                0x080018a4                WWDG_IRQHandler
                0x080018a4                LPUART1_IRQHandler
                0x080018a4                DMA2_Channel6_IRQHandler
                0x080018a4                TIM2_IRQHandler
                0x080018a4                TIM1_BRK_IRQHandler
                0x080018a4                EXTI1_IRQHandler
                0x080018a4                DMA1_Channel2_IRQHandler
                0x080018a4                FLASH_IRQHandler
                0x080018a4                USART1_IRQHandler
                0x080018a4                I2C1_ER_IRQHandler
                0x080018a4                LPTIM1_IRQHandler
                0x080018a4                SAI1_IRQHandler
                0x080018a4                DMA2_Channel3_IRQHandler
 *fill*         0x080018a6        0x2 
 .text.HAL_Init
                0x080018a8       0x40 ./Drivers/STM32WBxx_HAL_Driver/Src/stm32wbxx_hal.o
                0x080018a8                HAL_Init
 .text.HAL_InitTick
                0x080018e8       0x74 ./Drivers/STM32WBxx_HAL_Driver/Src/stm32wbxx_hal.o
                0x080018e8                HAL_InitTick
 .text.HAL_IncTick
                0x0800195c       0x28 ./Drivers/STM32WBxx_HAL_Driver/Src/stm32wbxx_hal.o
                0x0800195c                HAL_IncTick
 .text.HAL_GetTick
                0x08001984       0x18 ./Drivers/STM32WBxx_HAL_Driver/Src/stm32wbxx_hal.o
                0x08001984                HAL_GetTick
 .text.HAL_GetTickPrio
                0x0800199c       0x18 ./Drivers/STM32WBxx_HAL_Driver/Src/stm32wbxx_hal.o
                0x0800199c                HAL_GetTickPrio
 .text.__NVIC_SetPriorityGrouping
                0x080019b4       0x48 ./Drivers/STM32WBxx_HAL_Driver/Src/stm32wbxx_hal_cortex.o
 .text.__NVIC_GetPriorityGrouping
                0x080019fc       0x1c ./Drivers/STM32WBxx_HAL_Driver/Src/stm32wbxx_hal_cortex.o
 .text.__NVIC_EnableIRQ
                0x08001a18       0x3c ./Drivers/STM32WBxx_HAL_Driver/Src/stm32wbxx_hal_cortex.o
 .text.__NVIC_DisableIRQ
                0x08001a54       0x48 ./Drivers/STM32WBxx_HAL_Driver/Src/stm32wbxx_hal_cortex.o
 .text.__NVIC_SetPendingIRQ
                0x08001a9c       0x3c ./Drivers/STM32WBxx_HAL_Driver/Src/stm32wbxx_hal_cortex.o
 .text.__NVIC_ClearPendingIRQ
                0x08001ad8       0x3c ./Drivers/STM32WBxx_HAL_Driver/Src/stm32wbxx_hal_cortex.o
 .text.__NVIC_SetPriority
                0x08001b14       0x54 ./Drivers/STM32WBxx_HAL_Driver/Src/stm32wbxx_hal_cortex.o
 .text.NVIC_EncodePriority
                0x08001b68       0x66 ./Drivers/STM32WBxx_HAL_Driver/Src/stm32wbxx_hal_cortex.o
 *fill*         0x08001bce        0x2 
 .text.SysTick_Config
                0x08001bd0       0x44 ./Drivers/STM32WBxx_HAL_Driver/Src/stm32wbxx_hal_cortex.o
 .text.HAL_NVIC_SetPriorityGrouping
                0x08001c14       0x16 ./Drivers/STM32WBxx_HAL_Driver/Src/stm32wbxx_hal_cortex.o
                0x08001c14                HAL_NVIC_SetPriorityGrouping
 .text.HAL_NVIC_SetPriority
                0x08001c2a       0x34 ./Drivers/STM32WBxx_HAL_Driver/Src/stm32wbxx_hal_cortex.o
                0x08001c2a                HAL_NVIC_SetPriority
 .text.HAL_NVIC_EnableIRQ
                0x08001c5e       0x1c ./Drivers/STM32WBxx_HAL_Driver/Src/stm32wbxx_hal_cortex.o
                0x08001c5e                HAL_NVIC_EnableIRQ
 .text.HAL_NVIC_DisableIRQ
                0x08001c7a       0x1c ./Drivers/STM32WBxx_HAL_Driver/Src/stm32wbxx_hal_cortex.o
                0x08001c7a                HAL_NVIC_DisableIRQ
 .text.HAL_SYSTICK_Config
                0x08001c96       0x18 ./Drivers/STM32WBxx_HAL_Driver/Src/stm32wbxx_hal_cortex.o
                0x08001c96                HAL_SYSTICK_Config
 .text.HAL_NVIC_SetPendingIRQ
                0x08001cae       0x1c ./Drivers/STM32WBxx_HAL_Driver/Src/stm32wbxx_hal_cortex.o
                0x08001cae                HAL_NVIC_SetPendingIRQ
 .text.HAL_NVIC_ClearPendingIRQ
                0x08001cca       0x1c ./Drivers/STM32WBxx_HAL_Driver/Src/stm32wbxx_hal_cortex.o
                0x08001cca                HAL_NVIC_ClearPendingIRQ
 *fill*         0x08001ce6        0x2 
 .text.HAL_GPIO_Init
                0x08001ce8      0x2e0 ./Drivers/STM32WBxx_HAL_Driver/Src/stm32wbxx_hal_gpio.o
                0x08001ce8                HAL_GPIO_Init
 .text.HAL_GPIO_WritePin
                0x08001fc8       0x30 ./Drivers/STM32WBxx_HAL_Driver/Src/stm32wbxx_hal_gpio.o
                0x08001fc8                HAL_GPIO_WritePin
 .text.HAL_HSEM_IRQHandler
                0x08001ff8       0x34 ./Drivers/STM32WBxx_HAL_Driver/Src/stm32wbxx_hal_hsem.o
                0x08001ff8                HAL_HSEM_IRQHandler
 .text.HAL_HSEM_FreeCallback
                0x0800202c       0x14 ./Drivers/STM32WBxx_HAL_Driver/Src/stm32wbxx_hal_hsem.o
                0x0800202c                HAL_HSEM_FreeCallback
 .text.HAL_IPCC_Init
                0x08002040       0x64 ./Drivers/STM32WBxx_HAL_Driver/Src/stm32wbxx_hal_ipcc.o
                0x08002040                HAL_IPCC_Init
 .text.HAL_IPCC_RxCallback
                0x080020a4       0x1a ./Drivers/STM32WBxx_HAL_Driver/Src/stm32wbxx_hal_ipcc.o
                0x080020a4                HAL_IPCC_RxCallback
 .text.HAL_IPCC_TxCallback
                0x080020be       0x1a ./Drivers/STM32WBxx_HAL_Driver/Src/stm32wbxx_hal_ipcc.o
                0x080020be                HAL_IPCC_TxCallback
 .text.IPCC_SetDefaultCallbacks
                0x080020d8       0x4c ./Drivers/STM32WBxx_HAL_Driver/Src/stm32wbxx_hal_ipcc.o
                0x080020d8                IPCC_SetDefaultCallbacks
 .text.IPCC_Reset_Register
                0x08002124       0x28 ./Drivers/STM32WBxx_HAL_Driver/Src/stm32wbxx_hal_ipcc.o
                0x08002124                IPCC_Reset_Register
 .text.HAL_PWR_EnableBkUpAccess
                0x0800214c       0x20 ./Drivers/STM32WBxx_HAL_Driver/Src/stm32wbxx_hal_pwr.o
                0x0800214c                HAL_PWR_EnableBkUpAccess
 .text.HAL_PWREx_GetVoltageRange
                0x0800216c       0x1c ./Drivers/STM32WBxx_HAL_Driver/Src/stm32wbxx_hal_pwr_ex.o
                0x0800216c                HAL_PWREx_GetVoltageRange
 .text.LL_RCC_HSE_IsEnabledDiv2
                0x08002188       0x24 ./Drivers/STM32WBxx_HAL_Driver/Src/stm32wbxx_hal_rcc.o
 .text.LL_RCC_HSE_Enable
                0x080021ac       0x1e ./Drivers/STM32WBxx_HAL_Driver/Src/stm32wbxx_hal_rcc.o
 .text.LL_RCC_HSE_Disable
                0x080021ca       0x1e ./Drivers/STM32WBxx_HAL_Driver/Src/stm32wbxx_hal_rcc.o
 .text.LL_RCC_HSE_IsReady
                0x080021e8       0x24 ./Drivers/STM32WBxx_HAL_Driver/Src/stm32wbxx_hal_rcc.o
 .text.LL_RCC_HSI_Enable
                0x0800220c       0x1e ./Drivers/STM32WBxx_HAL_Driver/Src/stm32wbxx_hal_rcc.o
 .text.LL_RCC_HSI_Disable
                0x0800222a       0x1e ./Drivers/STM32WBxx_HAL_Driver/Src/stm32wbxx_hal_rcc.o
 .text.LL_RCC_HSI_IsReady
                0x08002248       0x24 ./Drivers/STM32WBxx_HAL_Driver/Src/stm32wbxx_hal_rcc.o
 .text.LL_RCC_HSI_SetCalibTrimming
                0x0800226c       0x2a ./Drivers/STM32WBxx_HAL_Driver/Src/stm32wbxx_hal_rcc.o
 .text.LL_RCC_HSI48_Enable
                0x08002296       0x22 ./Drivers/STM32WBxx_HAL_Driver/Src/stm32wbxx_hal_rcc.o
 .text.LL_RCC_HSI48_Disable
                0x080022b8       0x22 ./Drivers/STM32WBxx_HAL_Driver/Src/stm32wbxx_hal_rcc.o
 .text.LL_RCC_HSI48_IsReady
                0x080022da       0x24 ./Drivers/STM32WBxx_HAL_Driver/Src/stm32wbxx_hal_rcc.o
 .text.LL_RCC_LSE_Enable
                0x080022fe       0x22 ./Drivers/STM32WBxx_HAL_Driver/Src/stm32wbxx_hal_rcc.o
 .text.LL_RCC_LSE_Disable
                0x08002320       0x22 ./Drivers/STM32WBxx_HAL_Driver/Src/stm32wbxx_hal_rcc.o
 .text.LL_RCC_LSE_EnableBypass
                0x08002342       0x22 ./Drivers/STM32WBxx_HAL_Driver/Src/stm32wbxx_hal_rcc.o
 .text.LL_RCC_LSE_DisableBypass
                0x08002364       0x22 ./Drivers/STM32WBxx_HAL_Driver/Src/stm32wbxx_hal_rcc.o
 .text.LL_RCC_LSE_IsReady
                0x08002386       0x24 ./Drivers/STM32WBxx_HAL_Driver/Src/stm32wbxx_hal_rcc.o
 .text.LL_RCC_LSI1_Enable
                0x080023aa       0x22 ./Drivers/STM32WBxx_HAL_Driver/Src/stm32wbxx_hal_rcc.o
 .text.LL_RCC_LSI1_Disable
                0x080023cc       0x22 ./Drivers/STM32WBxx_HAL_Driver/Src/stm32wbxx_hal_rcc.o
 .text.LL_RCC_LSI1_IsReady
                0x080023ee       0x24 ./Drivers/STM32WBxx_HAL_Driver/Src/stm32wbxx_hal_rcc.o
 .text.LL_RCC_LSI2_Enable
                0x08002412       0x22 ./Drivers/STM32WBxx_HAL_Driver/Src/stm32wbxx_hal_rcc.o
 .text.LL_RCC_LSI2_Disable
                0x08002434       0x22 ./Drivers/STM32WBxx_HAL_Driver/Src/stm32wbxx_hal_rcc.o
 .text.LL_RCC_LSI2_IsReady
                0x08002456       0x24 ./Drivers/STM32WBxx_HAL_Driver/Src/stm32wbxx_hal_rcc.o
 .text.LL_RCC_LSI2_SetTrimming
                0x0800247a       0x2e ./Drivers/STM32WBxx_HAL_Driver/Src/stm32wbxx_hal_rcc.o
 .text.LL_RCC_MSI_Enable
                0x080024a8       0x1e ./Drivers/STM32WBxx_HAL_Driver/Src/stm32wbxx_hal_rcc.o
 .text.LL_RCC_MSI_Disable
                0x080024c6       0x1e ./Drivers/STM32WBxx_HAL_Driver/Src/stm32wbxx_hal_rcc.o
 .text.LL_RCC_MSI_IsReady
                0x080024e4       0x22 ./Drivers/STM32WBxx_HAL_Driver/Src/stm32wbxx_hal_rcc.o
 .text.LL_RCC_MSI_SetRange
                0x08002506       0x28 ./Drivers/STM32WBxx_HAL_Driver/Src/stm32wbxx_hal_rcc.o
 .text.LL_RCC_MSI_GetRange
                0x0800252e       0x2a ./Drivers/STM32WBxx_HAL_Driver/Src/stm32wbxx_hal_rcc.o
 .text.LL_RCC_MSI_SetCalibTrimming
                0x08002558       0x2a ./Drivers/STM32WBxx_HAL_Driver/Src/stm32wbxx_hal_rcc.o
 .text.LL_RCC_SetSysClkSource
                0x08002582       0x28 ./Drivers/STM32WBxx_HAL_Driver/Src/stm32wbxx_hal_rcc.o
 .text.LL_RCC_GetSysClkSource
                0x080025aa       0x18 ./Drivers/STM32WBxx_HAL_Driver/Src/stm32wbxx_hal_rcc.o
 .text.LL_RCC_SetAHBPrescaler
                0x080025c2       0x28 ./Drivers/STM32WBxx_HAL_Driver/Src/stm32wbxx_hal_rcc.o
 .text.LL_C2_RCC_SetAHBPrescaler
                0x080025ea       0x2c ./Drivers/STM32WBxx_HAL_Driver/Src/stm32wbxx_hal_rcc.o
 .text.LL_RCC_SetAHB4Prescaler
                0x08002616       0x2e ./Drivers/STM32WBxx_HAL_Driver/Src/stm32wbxx_hal_rcc.o
 .text.LL_RCC_SetAPB1Prescaler
                0x08002644       0x28 ./Drivers/STM32WBxx_HAL_Driver/Src/stm32wbxx_hal_rcc.o
 .text.LL_RCC_SetAPB2Prescaler
                0x0800266c       0x28 ./Drivers/STM32WBxx_HAL_Driver/Src/stm32wbxx_hal_rcc.o
 .text.LL_RCC_GetAHBPrescaler
                0x08002694       0x18 ./Drivers/STM32WBxx_HAL_Driver/Src/stm32wbxx_hal_rcc.o
 .text.LL_RCC_GetAHB4Prescaler
                0x080026ac       0x1c ./Drivers/STM32WBxx_HAL_Driver/Src/stm32wbxx_hal_rcc.o
 .text.LL_RCC_PLL_Enable
                0x080026c8       0x1e ./Drivers/STM32WBxx_HAL_Driver/Src/stm32wbxx_hal_rcc.o
 .text.LL_RCC_PLL_Disable
                0x080026e6       0x1e ./Drivers/STM32WBxx_HAL_Driver/Src/stm32wbxx_hal_rcc.o
 .text.LL_RCC_PLL_IsReady
                0x08002704       0x24 ./Drivers/STM32WBxx_HAL_Driver/Src/stm32wbxx_hal_rcc.o
 .text.LL_RCC_PLL_GetN
                0x08002728       0x1a ./Drivers/STM32WBxx_HAL_Driver/Src/stm32wbxx_hal_rcc.o
 .text.LL_RCC_PLL_GetR
                0x08002742       0x18 ./Drivers/STM32WBxx_HAL_Driver/Src/stm32wbxx_hal_rcc.o
 .text.LL_RCC_PLL_GetDivider
                0x0800275a       0x18 ./Drivers/STM32WBxx_HAL_Driver/Src/stm32wbxx_hal_rcc.o
 .text.LL_RCC_PLL_GetMainSource
                0x08002772       0x18 ./Drivers/STM32WBxx_HAL_Driver/Src/stm32wbxx_hal_rcc.o
 .text.LL_RCC_IsActiveFlag_HPRE
                0x0800278a       0x24 ./Drivers/STM32WBxx_HAL_Driver/Src/stm32wbxx_hal_rcc.o
 .text.LL_RCC_IsActiveFlag_C2HPRE
                0x080027ae       0x26 ./Drivers/STM32WBxx_HAL_Driver/Src/stm32wbxx_hal_rcc.o
 .text.LL_RCC_IsActiveFlag_SHDHPRE
                0x080027d4       0x26 ./Drivers/STM32WBxx_HAL_Driver/Src/stm32wbxx_hal_rcc.o
 .text.LL_RCC_IsActiveFlag_PPRE1
                0x080027fa       0x24 ./Drivers/STM32WBxx_HAL_Driver/Src/stm32wbxx_hal_rcc.o
 .text.LL_RCC_IsActiveFlag_PPRE2
                0x0800281e       0x24 ./Drivers/STM32WBxx_HAL_Driver/Src/stm32wbxx_hal_rcc.o
 *fill*         0x08002842        0x2 
 .text.HAL_RCC_OscConfig
                0x08002844      0x6e8 ./Drivers/STM32WBxx_HAL_Driver/Src/stm32wbxx_hal_rcc.o
                0x08002844                HAL_RCC_OscConfig
 .text.HAL_RCC_ClockConfig
                0x08002f2c      0x280 ./Drivers/STM32WBxx_HAL_Driver/Src/stm32wbxx_hal_rcc.o
                0x08002f2c                HAL_RCC_ClockConfig
 .text.HAL_RCC_GetSysClockFreq
                0x080031ac       0xd8 ./Drivers/STM32WBxx_HAL_Driver/Src/stm32wbxx_hal_rcc.o
                0x080031ac                HAL_RCC_GetSysClockFreq
 .text.HAL_RCC_GetHCLKFreq
                0x08003284       0x28 ./Drivers/STM32WBxx_HAL_Driver/Src/stm32wbxx_hal_rcc.o
                0x08003284                HAL_RCC_GetHCLKFreq
 .text.RCC_SetFlashLatencyFromMSIRange
                0x080032ac       0x70 ./Drivers/STM32WBxx_HAL_Driver/Src/stm32wbxx_hal_rcc.o
 .text.RCC_SetFlashLatency
                0x0800331c       0xf8 ./Drivers/STM32WBxx_HAL_Driver/Src/stm32wbxx_hal_rcc.o
 .text.LL_RCC_LSE_IsEnabled
                0x08003414       0x24 ./Drivers/STM32WBxx_HAL_Driver/Src/stm32wbxx_hal_rcc_ex.o
 .text.LL_RCC_LSE_IsReady
                0x08003438       0x24 ./Drivers/STM32WBxx_HAL_Driver/Src/stm32wbxx_hal_rcc_ex.o
 .text.LL_RCC_SetRFWKPClockSource
                0x0800345c       0x2c ./Drivers/STM32WBxx_HAL_Driver/Src/stm32wbxx_hal_rcc_ex.o
 .text.LL_RCC_SetSMPSClockSource
                0x08003488       0x28 ./Drivers/STM32WBxx_HAL_Driver/Src/stm32wbxx_hal_rcc_ex.o
 .text.LL_RCC_SetSMPSPrescaler
                0x080034b0       0x28 ./Drivers/STM32WBxx_HAL_Driver/Src/stm32wbxx_hal_rcc_ex.o
 .text.LL_RCC_SetUSARTClockSource
                0x080034d8       0x2c ./Drivers/STM32WBxx_HAL_Driver/Src/stm32wbxx_hal_rcc_ex.o
 .text.LL_RCC_SetLPUARTClockSource
                0x08003504       0x2c ./Drivers/STM32WBxx_HAL_Driver/Src/stm32wbxx_hal_rcc_ex.o
 .text.LL_RCC_SetI2CClockSource
                0x08003530       0x3a ./Drivers/STM32WBxx_HAL_Driver/Src/stm32wbxx_hal_rcc_ex.o
 .text.LL_RCC_SetLPTIMClockSource
                0x0800356a       0x34 ./Drivers/STM32WBxx_HAL_Driver/Src/stm32wbxx_hal_rcc_ex.o
 .text.LL_RCC_SetSAIClockSource
                0x0800359e       0x2c ./Drivers/STM32WBxx_HAL_Driver/Src/stm32wbxx_hal_rcc_ex.o
 .text.LL_RCC_SetRNGClockSource
                0x080035ca       0x2c ./Drivers/STM32WBxx_HAL_Driver/Src/stm32wbxx_hal_rcc_ex.o
 .text.LL_RCC_SetCLK48ClockSource
                0x080035f6       0x2c ./Drivers/STM32WBxx_HAL_Driver/Src/stm32wbxx_hal_rcc_ex.o
 .text.LL_RCC_SetUSBClockSource
                0x08003622       0x16 ./Drivers/STM32WBxx_HAL_Driver/Src/stm32wbxx_hal_rcc_ex.o
 .text.LL_RCC_SetADCClockSource
                0x08003638       0x2c ./Drivers/STM32WBxx_HAL_Driver/Src/stm32wbxx_hal_rcc_ex.o
 .text.LL_RCC_SetRTCClockSource
                0x08003664       0x2c ./Drivers/STM32WBxx_HAL_Driver/Src/stm32wbxx_hal_rcc_ex.o
 .text.LL_RCC_GetRTCClockSource
                0x08003690       0x1a ./Drivers/STM32WBxx_HAL_Driver/Src/stm32wbxx_hal_rcc_ex.o
 .text.LL_RCC_ForceBackupDomainReset
                0x080036aa       0x22 ./Drivers/STM32WBxx_HAL_Driver/Src/stm32wbxx_hal_rcc_ex.o
 .text.LL_RCC_ReleaseBackupDomainReset
                0x080036cc       0x22 ./Drivers/STM32WBxx_HAL_Driver/Src/stm32wbxx_hal_rcc_ex.o
 .text.LL_RCC_PLLSAI1_Enable
                0x080036ee       0x1e ./Drivers/STM32WBxx_HAL_Driver/Src/stm32wbxx_hal_rcc_ex.o
 .text.LL_RCC_PLLSAI1_Disable
                0x0800370c       0x1e ./Drivers/STM32WBxx_HAL_Driver/Src/stm32wbxx_hal_rcc_ex.o
 .text.LL_RCC_PLLSAI1_IsReady
                0x0800372a       0x24 ./Drivers/STM32WBxx_HAL_Driver/Src/stm32wbxx_hal_rcc_ex.o
 .text.HAL_RCCEx_PeriphCLKConfig
                0x0800374e      0x2ec ./Drivers/STM32WBxx_HAL_Driver/Src/stm32wbxx_hal_rcc_ex.o
                0x0800374e                HAL_RCCEx_PeriphCLKConfig
 .text.RCCEx_PLLSAI1_ConfigNP
                0x08003a3a       0xb6 ./Drivers/STM32WBxx_HAL_Driver/Src/stm32wbxx_hal_rcc_ex.o
 .text.RCCEx_PLLSAI1_ConfigNQ
                0x08003af0       0xb6 ./Drivers/STM32WBxx_HAL_Driver/Src/stm32wbxx_hal_rcc_ex.o
 .text.RCCEx_PLLSAI1_ConfigNR
                0x08003ba6       0xb6 ./Drivers/STM32WBxx_HAL_Driver/Src/stm32wbxx_hal_rcc_ex.o
 .text.HAL_RTC_Init
                0x08003c5c      0x114 ./Drivers/STM32WBxx_HAL_Driver/Src/stm32wbxx_hal_rtc.o
                0x08003c5c                HAL_RTC_Init
 .text.HAL_RTC_WaitForSynchro
                0x08003d70       0x4c ./Drivers/STM32WBxx_HAL_Driver/Src/stm32wbxx_hal_rtc.o
                0x08003d70                HAL_RTC_WaitForSynchro
 .text.RTC_EnterInitMode
                0x08003dbc       0x70 ./Drivers/STM32WBxx_HAL_Driver/Src/stm32wbxx_hal_rtc.o
                0x08003dbc                RTC_EnterInitMode
 .text.RTC_ExitInitMode
                0x08003e2c       0x4c ./Drivers/STM32WBxx_HAL_Driver/Src/stm32wbxx_hal_rtc.o
                0x08003e2c                RTC_ExitInitMode
 .text.HAL_RTCEx_SetWakeUpTimer_IT
                0x08003e78      0x198 ./Drivers/STM32WBxx_HAL_Driver/Src/stm32wbxx_hal_rtc_ex.o
                0x08003e78                HAL_RTCEx_SetWakeUpTimer_IT
 .text.aci_gap_set_non_discoverable
                0x08004010       0x48 ./Middlewares/ST/STM32_WPAN/ble/core/auto/ble_gap_aci.o
                0x08004010                aci_gap_set_non_discoverable
 .text.aci_gap_set_discoverable
                0x08004058      0x1f4 ./Middlewares/ST/STM32_WPAN/ble/core/auto/ble_gap_aci.o
                0x08004058                aci_gap_set_discoverable
 .text.aci_gap_set_io_capability
                0x0800424c       0xa8 ./Middlewares/ST/STM32_WPAN/ble/core/auto/ble_gap_aci.o
                0x0800424c                aci_gap_set_io_capability
 .text.aci_gap_set_authentication_requirement
                0x080042f4      0x188 ./Middlewares/ST/STM32_WPAN/ble/core/auto/ble_gap_aci.o
                0x080042f4                aci_gap_set_authentication_requirement
 .text.aci_gap_pass_key_resp
                0x0800447c       0xce ./Middlewares/ST/STM32_WPAN/ble/core/auto/ble_gap_aci.o
                0x0800447c                aci_gap_pass_key_resp
 .text.aci_gap_init
                0x0800454a      0x15a ./Middlewares/ST/STM32_WPAN/ble/core/auto/ble_gap_aci.o
                0x0800454a                aci_gap_init
 .text.aci_gap_update_adv_data
                0x080046a4       0xe4 ./Middlewares/ST/STM32_WPAN/ble/core/auto/ble_gap_aci.o
                0x080046a4                aci_gap_update_adv_data
 .text.aci_gap_configure_filter_accept_list
                0x08004788       0x48 ./Middlewares/ST/STM32_WPAN/ble/core/auto/ble_gap_aci.o
                0x08004788                aci_gap_configure_filter_accept_list
 .text.aci_gap_numeric_comparison_value_confirm_yesno
                0x080047d0       0xce ./Middlewares/ST/STM32_WPAN/ble/core/auto/ble_gap_aci.o
                0x080047d0                aci_gap_numeric_comparison_value_confirm_yesno
 .text.aci_gatt_init
                0x0800489e       0x4a ./Middlewares/ST/STM32_WPAN/ble/core/auto/ble_gatt_aci.o
                0x0800489e                aci_gatt_init
 .text.aci_gatt_add_service
                0x080048e8      0x1ac ./Middlewares/ST/STM32_WPAN/ble/core/auto/ble_gatt_aci.o
                0x080048e8                aci_gatt_add_service
 .text.aci_gatt_add_char
                0x08004a94      0x210 ./Middlewares/ST/STM32_WPAN/ble/core/auto/ble_gatt_aci.o
                0x08004a94                aci_gatt_add_char
 .text.aci_gatt_update_char_value
                0x08004ca4      0x152 ./Middlewares/ST/STM32_WPAN/ble/core/auto/ble_gatt_aci.o
                0x08004ca4                aci_gatt_update_char_value
 .text.aci_gatt_confirm_indication
                0x08004df6       0xaa ./Middlewares/ST/STM32_WPAN/ble/core/auto/ble_gatt_aci.o
                0x08004df6                aci_gatt_confirm_indication
 .text.aci_hal_write_config_data
                0x08004ea0      0x10a ./Middlewares/ST/STM32_WPAN/ble/core/auto/ble_hal_aci.o
                0x08004ea0                aci_hal_write_config_data
 .text.aci_hal_set_tx_power_level
                0x08004faa       0xce ./Middlewares/ST/STM32_WPAN/ble/core/auto/ble_hal_aci.o
                0x08004faa                aci_hal_set_tx_power_level
 .text.aci_hal_set_radio_activity_mask
                0x08005078       0xa8 ./Middlewares/ST/STM32_WPAN/ble/core/auto/ble_hal_aci.o
                0x08005078                aci_hal_set_radio_activity_mask
 .text.hci_reset
                0x08005120       0x48 ./Middlewares/ST/STM32_WPAN/ble/core/auto/ble_hci_le.o
                0x08005120                hci_reset
 .text.hci_le_set_default_phy
                0x08005168       0xfa ./Middlewares/ST/STM32_WPAN/ble/core/auto/ble_hci_le.o
                0x08005168                hci_le_set_default_phy
 .text.Osal_MemCpy
                0x08005262       0x20 ./Middlewares/ST/STM32_WPAN/ble/core/template/osal.o
                0x08005262                Osal_MemCpy
 .text.Osal_MemSet
                0x08005282       0x20 ./Middlewares/ST/STM32_WPAN/ble/core/template/osal.o
                0x08005282                Osal_MemSet
 .text.BAS_Init
                0x080052a2        0xe ./Middlewares/ST/STM32_WPAN/ble/svc/Src/svc_ctl.o
                0x080052a2                BAS_Init
 .text.BLS_Init
                0x080052b0        0xe ./Middlewares/ST/STM32_WPAN/ble/svc/Src/svc_ctl.o
                0x080052b0                BLS_Init
 .text.CRS_STM_Init
                0x080052be        0xe ./Middlewares/ST/STM32_WPAN/ble/svc/Src/svc_ctl.o
                0x080052be                CRS_STM_Init
 .text.DIS_Init
                0x080052cc        0xe ./Middlewares/ST/STM32_WPAN/ble/svc/Src/svc_ctl.o
                0x080052cc                DIS_Init
 .text.EDS_STM_Init
                0x080052da        0xe ./Middlewares/ST/STM32_WPAN/ble/svc/Src/svc_ctl.o
                0x080052da                EDS_STM_Init
 .text.HIDS_Init
                0x080052e8        0xe ./Middlewares/ST/STM32_WPAN/ble/svc/Src/svc_ctl.o
                0x080052e8                HIDS_Init
 .text.HRS_Init
                0x080052f6        0xe ./Middlewares/ST/STM32_WPAN/ble/svc/Src/svc_ctl.o
                0x080052f6                HRS_Init
 .text.HTS_Init
                0x08005304        0xe ./Middlewares/ST/STM32_WPAN/ble/svc/Src/svc_ctl.o
                0x08005304                HTS_Init
 .text.IAS_Init
                0x08005312        0xe ./Middlewares/ST/STM32_WPAN/ble/svc/Src/svc_ctl.o
                0x08005312                IAS_Init
 .text.LLS_Init
                0x08005320        0xe ./Middlewares/ST/STM32_WPAN/ble/svc/Src/svc_ctl.o
                0x08005320                LLS_Init
 .text.TPS_Init
                0x0800532e        0xe ./Middlewares/ST/STM32_WPAN/ble/svc/Src/svc_ctl.o
                0x0800532e                TPS_Init
 .text.MOTENV_STM_Init
                0x0800533c        0xe ./Middlewares/ST/STM32_WPAN/ble/svc/Src/svc_ctl.o
                0x0800533c                MOTENV_STM_Init
 .text.P2PS_STM_Init
                0x0800534a        0xe ./Middlewares/ST/STM32_WPAN/ble/svc/Src/svc_ctl.o
                0x0800534a                P2PS_STM_Init
 .text.ZDD_STM_Init
                0x08005358        0xe ./Middlewares/ST/STM32_WPAN/ble/svc/Src/svc_ctl.o
                0x08005358                ZDD_STM_Init
 .text.OTAS_STM_Init
                0x08005366        0xe ./Middlewares/ST/STM32_WPAN/ble/svc/Src/svc_ctl.o
                0x08005366                OTAS_STM_Init
 .text.MESH_Init
                0x08005374        0xe ./Middlewares/ST/STM32_WPAN/ble/svc/Src/svc_ctl.o
                0x08005374                MESH_Init
 .text.BVOPUS_STM_Init
                0x08005382        0xe ./Middlewares/ST/STM32_WPAN/ble/svc/Src/svc_ctl.o
                0x08005382                BVOPUS_STM_Init
 .text.SVCCTL_Init
                0x08005390       0x20 ./Middlewares/ST/STM32_WPAN/ble/svc/Src/svc_ctl.o
                0x08005390                SVCCTL_Init
 .text.SVCCTL_SvcInit
                0x080053b0       0x50 ./Middlewares/ST/STM32_WPAN/ble/svc/Src/svc_ctl.o
                0x080053b0                SVCCTL_SvcInit
 .text.SVCCTL_RegisterSvcHandler
                0x08005400       0x34 ./Middlewares/ST/STM32_WPAN/ble/svc/Src/svc_ctl.o
                0x08005400                SVCCTL_RegisterSvcHandler
 .text.SVCCTL_UserEvtRx
                0x08005434       0xa8 ./Middlewares/ST/STM32_WPAN/ble/svc/Src/svc_ctl.o
                0x08005434                SVCCTL_UserEvtRx
 .text.SHCI_C2_BLE_Init
                0x080054dc       0x2e ./Middlewares/ST/STM32_WPAN/interface/patterns/ble_thread/shci/shci.o
                0x080054dc                SHCI_C2_BLE_Init
 .text.SHCI_C2_DEBUG_Init
                0x0800550a       0x2e ./Middlewares/ST/STM32_WPAN/interface/patterns/ble_thread/shci/shci.o
                0x0800550a                SHCI_C2_DEBUG_Init
 .text.SHCI_C2_Config
                0x08005538       0x2a ./Middlewares/ST/STM32_WPAN/interface/patterns/ble_thread/shci/shci.o
                0x08005538                SHCI_C2_Config
 *fill*         0x08005562        0x2 
 .text.SHCI_GetWirelessFwInfo
                0x08005564      0x15c ./Middlewares/ST/STM32_WPAN/interface/patterns/ble_thread/shci/shci.o
                0x08005564                SHCI_GetWirelessFwInfo
 .text.hci_init
                0x080056c0       0x38 ./Middlewares/ST/STM32_WPAN/interface/patterns/ble_thread/tl/hci_tl.o
                0x080056c0                hci_init
 .text.hci_user_evt_proc
                0x080056f8       0x9c ./Middlewares/ST/STM32_WPAN/interface/patterns/ble_thread/tl/hci_tl.o
                0x080056f8                hci_user_evt_proc
 .text.hci_send_req
                0x08005794      0x108 ./Middlewares/ST/STM32_WPAN/interface/patterns/ble_thread/tl/hci_tl.o
                0x08005794                hci_send_req
 .text.TlInit   0x0800589c       0x60 ./Middlewares/ST/STM32_WPAN/interface/patterns/ble_thread/tl/hci_tl.o
 .text.SendCmd  0x080058fc       0x4c ./Middlewares/ST/STM32_WPAN/interface/patterns/ble_thread/tl/hci_tl.o
 .text.NotifyCmdStatus
                0x08005948       0x40 ./Middlewares/ST/STM32_WPAN/interface/patterns/ble_thread/tl/hci_tl.o
 .text.TlEvtReceived
                0x08005988       0x48 ./Middlewares/ST/STM32_WPAN/interface/patterns/ble_thread/tl/hci_tl.o
 .text.hci_register_io_bus
                0x080059d0       0x28 ./Middlewares/ST/STM32_WPAN/interface/patterns/ble_thread/tl/hci_tl_if.o
                0x080059d0                hci_register_io_bus
 .text.shci_init
                0x080059f8       0x38 ./Middlewares/ST/STM32_WPAN/interface/patterns/ble_thread/tl/shci_tl.o
                0x080059f8                shci_init
 .text.shci_user_evt_proc
                0x08005a30       0x9c ./Middlewares/ST/STM32_WPAN/interface/patterns/ble_thread/tl/shci_tl.o
                0x08005a30                shci_user_evt_proc
 .text.shci_send
                0x08005acc       0x84 ./Middlewares/ST/STM32_WPAN/interface/patterns/ble_thread/tl/shci_tl.o
                0x08005acc                shci_send
 .text.TlInit   0x08005b50       0x64 ./Middlewares/ST/STM32_WPAN/interface/patterns/ble_thread/tl/shci_tl.o
 .text.Cmd_SetStatus
                0x08005bb4       0x50 ./Middlewares/ST/STM32_WPAN/interface/patterns/ble_thread/tl/shci_tl.o
 .text.TlCmdEvtReceived
                0x08005c04       0x16 ./Middlewares/ST/STM32_WPAN/interface/patterns/ble_thread/tl/shci_tl.o
 *fill*         0x08005c1a        0x2 
 .text.TlUserEvtReceived
                0x08005c1c       0x24 ./Middlewares/ST/STM32_WPAN/interface/patterns/ble_thread/tl/shci_tl.o
 .text.shci_register_io_bus
                0x08005c40       0x28 ./Middlewares/ST/STM32_WPAN/interface/patterns/ble_thread/tl/shci_tl_if.o
                0x08005c40                shci_register_io_bus
 .text.TL_Enable
                0x08005c68        0xc ./Middlewares/ST/STM32_WPAN/interface/patterns/ble_thread/tl/tl_mbox.o
                0x08005c68                TL_Enable
 .text.TL_Init  0x08005c74       0x74 ./Middlewares/ST/STM32_WPAN/interface/patterns/ble_thread/tl/tl_mbox.o
                0x08005c74                TL_Init
 .text.TL_BLE_Init
                0x08005ce8       0x68 ./Middlewares/ST/STM32_WPAN/interface/patterns/ble_thread/tl/tl_mbox.o
                0x08005ce8                TL_BLE_Init
 .text.TL_BLE_SendCmd
                0x08005d50       0x38 ./Middlewares/ST/STM32_WPAN/interface/patterns/ble_thread/tl/tl_mbox.o
                0x08005d50                TL_BLE_SendCmd
 .text.HW_IPCC_BLE_RxEvtNot
                0x08005d88       0x60 ./Middlewares/ST/STM32_WPAN/interface/patterns/ble_thread/tl/tl_mbox.o
                0x08005d88                HW_IPCC_BLE_RxEvtNot
 .text.HW_IPCC_BLE_AclDataAckNot
                0x08005de8       0x14 ./Middlewares/ST/STM32_WPAN/interface/patterns/ble_thread/tl/tl_mbox.o
                0x08005de8                HW_IPCC_BLE_AclDataAckNot
 .text.TL_SYS_Init
                0x08005dfc       0x54 ./Middlewares/ST/STM32_WPAN/interface/patterns/ble_thread/tl/tl_mbox.o
                0x08005dfc                TL_SYS_Init
 .text.TL_SYS_SendCmd
                0x08005e50       0x38 ./Middlewares/ST/STM32_WPAN/interface/patterns/ble_thread/tl/tl_mbox.o
                0x08005e50                TL_SYS_SendCmd
 .text.HW_IPCC_SYS_CmdEvtNot
                0x08005e88       0x2c ./Middlewares/ST/STM32_WPAN/interface/patterns/ble_thread/tl/tl_mbox.o
                0x08005e88                HW_IPCC_SYS_CmdEvtNot
 .text.HW_IPCC_SYS_EvtNot
                0x08005eb4       0x44 ./Middlewares/ST/STM32_WPAN/interface/patterns/ble_thread/tl/tl_mbox.o
                0x08005eb4                HW_IPCC_SYS_EvtNot
 .text.TL_MM_Init
                0x08005ef8       0x78 ./Middlewares/ST/STM32_WPAN/interface/patterns/ble_thread/tl/tl_mbox.o
                0x08005ef8                TL_MM_Init
 .text.TL_MM_EvtDone
                0x08005f70       0x30 ./Middlewares/ST/STM32_WPAN/interface/patterns/ble_thread/tl/tl_mbox.o
                0x08005f70                TL_MM_EvtDone
 .text.SendFreeBuf
                0x08005fa0       0x40 ./Middlewares/ST/STM32_WPAN/interface/patterns/ble_thread/tl/tl_mbox.o
 .text.TL_TRACES_Init
                0x08005fe0       0x24 ./Middlewares/ST/STM32_WPAN/interface/patterns/ble_thread/tl/tl_mbox.o
                0x08005fe0                TL_TRACES_Init
 .text.HW_IPCC_TRACES_EvtNot
                0x08006004       0x34 ./Middlewares/ST/STM32_WPAN/interface/patterns/ble_thread/tl/tl_mbox.o
                0x08006004                HW_IPCC_TRACES_EvtNot
 .text.TL_TRACES_EvtReceived
                0x08006038       0x14 ./Middlewares/ST/STM32_WPAN/interface/patterns/ble_thread/tl/tl_mbox.o
                0x08006038                TL_TRACES_EvtReceived
 .text.OutputDbgTrace
                0x0800604c       0xac ./Middlewares/ST/STM32_WPAN/interface/patterns/ble_thread/tl/tl_mbox.o
 .text.OTP_Read
                0x080060f8       0x50 ./Middlewares/ST/STM32_WPAN/utilities/otp.o
                0x080060f8                OTP_Read
 .text.LST_init_head
                0x08006148       0x20 ./Middlewares/ST/STM32_WPAN/utilities/stm_list.o
                0x08006148                LST_init_head
 .text.LST_is_empty
                0x08006168       0x44 ./Middlewares/ST/STM32_WPAN/utilities/stm_list.o
                0x08006168                LST_is_empty
 .text.LST_insert_head
                0x080061ac       0x4c ./Middlewares/ST/STM32_WPAN/utilities/stm_list.o
                0x080061ac                LST_insert_head
 .text.LST_insert_tail
                0x080061f8       0x4c ./Middlewares/ST/STM32_WPAN/utilities/stm_list.o
                0x080061f8                LST_insert_tail
 .text.LST_remove_node
                0x08006244       0x42 ./Middlewares/ST/STM32_WPAN/utilities/stm_list.o
                0x08006244                LST_remove_node
 .text.LST_remove_head
                0x08006286       0x3e ./Middlewares/ST/STM32_WPAN/utilities/stm_list.o
                0x08006286                LST_remove_head
 .text.LL_FLASH_GetUDN
                0x080062c4       0x18 ./STM32_WPAN/App/app_ble.o
 .text.LL_FLASH_GetDeviceID
                0x080062dc       0x18 ./STM32_WPAN/App/app_ble.o
 .text.LL_FLASH_GetSTCompanyID
                0x080062f4       0x18 ./STM32_WPAN/App/app_ble.o
 .text.APP_BLE_Init
                0x0800630c       0xb4 ./STM32_WPAN/App/app_ble.o
                0x0800630c                APP_BLE_Init
 .text.SVCCTL_App_Notification
                0x080063c0      0x1b8 ./STM32_WPAN/App/app_ble.o
                0x080063c0                SVCCTL_App_Notification
 .text.Ble_Tl_Init
                0x08006578       0x2c ./STM32_WPAN/App/app_ble.o
 .text.Ble_Hci_Gap_Gatt_Init
                0x080065a4      0x168 ./STM32_WPAN/App/app_ble.o
 .text.Adv_Request
                0x0800670c       0x60 ./STM32_WPAN/App/app_ble.o
 .text.BleGetBdAddress
                0x0800676c       0x88 ./STM32_WPAN/App/app_ble.o
 .text.Adv_Cancel
                0x080067f4       0x34 ./STM32_WPAN/App/app_ble.o
 .text.hci_notify_asynch_evt
                0x08006828       0x18 ./STM32_WPAN/App/app_ble.o
                0x08006828                hci_notify_asynch_evt
 .text.hci_cmd_resp_release
                0x08006840       0x16 ./STM32_WPAN/App/app_ble.o
                0x08006840                hci_cmd_resp_release
 .text.hci_cmd_resp_wait
                0x08006856       0x16 ./STM32_WPAN/App/app_ble.o
                0x08006856                hci_cmd_resp_wait
 .text.BLE_UserEvtRx
                0x0800686c       0x38 ./STM32_WPAN/App/app_ble.o
 .text.BLE_StatusNot
                0x080068a4       0x36 ./STM32_WPAN/App/app_ble.o
 .text.Custom_STM_App_Notification
                0x080068da       0x1c ./STM32_WPAN/App/custom_app.o
                0x080068da                Custom_STM_App_Notification
 .text.Custom_APP_Notification
                0x080068f6       0x28 ./STM32_WPAN/App/custom_app.o
                0x080068f6                Custom_APP_Notification
 .text.Custom_APP_Init
                0x0800691e        0xe ./STM32_WPAN/App/custom_app.o
                0x0800691e                Custom_APP_Init
 .text.Custom_STM_Event_Handler
                0x0800692c       0xd4 ./STM32_WPAN/App/custom_stm.o
 .text.SVCCTL_InitCustomSvc
                0x08006a00       0xe8 ./STM32_WPAN/App/custom_stm.o
                0x08006a00                SVCCTL_InitCustomSvc
 .text.LL_PWR_EnableBootC2
                0x08006ae8       0x20 ./STM32_WPAN/Target/hw_ipcc.o
 .text.LL_C2_EXTI_EnableEvent_32_63
                0x08006b08       0x28 ./STM32_WPAN/Target/hw_ipcc.o
 .text.LL_EXTI_EnableRisingTrig_32_63
                0x08006b30       0x24 ./STM32_WPAN/Target/hw_ipcc.o
 .text.LL_AHB3_GRP1_EnableClock
                0x08006b54       0x32 ./STM32_WPAN/Target/hw_ipcc.o
 .text.LL_C2_AHB3_GRP1_EnableClock
                0x08006b86       0x38 ./STM32_WPAN/Target/hw_ipcc.o
 .text.LL_C1_IPCC_EnableIT_TXF
                0x08006bbe       0x20 ./STM32_WPAN/Target/hw_ipcc.o
 .text.LL_C1_IPCC_EnableIT_RXO
                0x08006bde       0x20 ./STM32_WPAN/Target/hw_ipcc.o
 .text.LL_C1_IPCC_EnableTransmitChannel
                0x08006bfe       0x26 ./STM32_WPAN/Target/hw_ipcc.o
 .text.LL_C1_IPCC_DisableTransmitChannel
                0x08006c24       0x24 ./STM32_WPAN/Target/hw_ipcc.o
 .text.LL_C1_IPCC_EnableReceiveChannel
                0x08006c48       0x24 ./STM32_WPAN/Target/hw_ipcc.o
 .text.LL_C1_IPCC_ClearFlag_CHx
                0x08006c6c       0x1c ./STM32_WPAN/Target/hw_ipcc.o
 .text.LL_C1_IPCC_SetFlag_CHx
                0x08006c88       0x1e ./STM32_WPAN/Target/hw_ipcc.o
 .text.LL_C1_IPCC_IsActiveFlag_CHx
                0x08006ca6       0x2a ./STM32_WPAN/Target/hw_ipcc.o
 .text.LL_C2_IPCC_IsActiveFlag_CHx
                0x08006cd0       0x2a ./STM32_WPAN/Target/hw_ipcc.o
 *fill*         0x08006cfa        0x2 
 .text.HW_IPCC_Rx_Handler
                0x08006cfc       0x6c ./STM32_WPAN/Target/hw_ipcc.o
                0x08006cfc                HW_IPCC_Rx_Handler
 .text.HW_IPCC_Tx_Handler
                0x08006d68       0x6c ./STM32_WPAN/Target/hw_ipcc.o
                0x08006d68                HW_IPCC_Tx_Handler
 .text.HW_IPCC_Enable
                0x08006dd4       0x28 ./STM32_WPAN/Target/hw_ipcc.o
                0x08006dd4                HW_IPCC_Enable
 .text.HW_IPCC_Init
                0x08006dfc       0x2c ./STM32_WPAN/Target/hw_ipcc.o
                0x08006dfc                HW_IPCC_Init
 .text.HW_IPCC_BLE_Init
                0x08006e28       0x34 ./STM32_WPAN/Target/hw_ipcc.o
                0x08006e28                HW_IPCC_BLE_Init
 .text.HW_IPCC_BLE_SendCmd
                0x08006e5c       0x14 ./STM32_WPAN/Target/hw_ipcc.o
                0x08006e5c                HW_IPCC_BLE_SendCmd
 .text.HW_IPCC_BLE_EvtHandler
                0x08006e70       0x18 ./STM32_WPAN/Target/hw_ipcc.o
 .text.HW_IPCC_BLE_AclDataEvtHandler
                0x08006e88       0x38 ./STM32_WPAN/Target/hw_ipcc.o
 .text.HW_IPCC_SYS_Init
                0x08006ec0       0x34 ./STM32_WPAN/Target/hw_ipcc.o
                0x08006ec0                HW_IPCC_SYS_Init
 .text.HW_IPCC_SYS_SendCmd
                0x08006ef4       0x3c ./STM32_WPAN/Target/hw_ipcc.o
                0x08006ef4                HW_IPCC_SYS_SendCmd
 .text.HW_IPCC_SYS_CmdEvtHandler
                0x08006f30       0x38 ./STM32_WPAN/Target/hw_ipcc.o
 .text.HW_IPCC_SYS_EvtHandler
                0x08006f68       0x18 ./STM32_WPAN/Target/hw_ipcc.o
 .text.HW_IPCC_MM_SendFreeBuf
                0x08006f80       0x5c ./STM32_WPAN/Target/hw_ipcc.o
                0x08006f80                HW_IPCC_MM_SendFreeBuf
 .text.HW_IPCC_MM_FreeBufHandler
                0x08006fdc       0x48 ./STM32_WPAN/Target/hw_ipcc.o
 .text.HW_IPCC_TRACES_Init
                0x08007024       0x34 ./STM32_WPAN/Target/hw_ipcc.o
                0x08007024                HW_IPCC_TRACES_Init
 .text.HW_IPCC_TRACES_EvtHandler
                0x08007058       0x18 ./STM32_WPAN/Target/hw_ipcc.o
 .text.UTIL_LPM_Init
                0x08007070       0x24 ./Utilities/lpm/tiny_lpm/stm32_lpm.o
                0x08007070                UTIL_LPM_Init
 .text.UTIL_LPM_SetOffMode
                0x08007094       0x60 ./Utilities/lpm/tiny_lpm/stm32_lpm.o
                0x08007094                UTIL_LPM_SetOffMode
 .text.UTIL_SEQ_Run
                0x080070f4      0x1f8 ./Utilities/sequencer/stm32_seq.o
                0x080070f4                UTIL_SEQ_Run
 .text.UTIL_SEQ_RegTask
                0x080072ec       0x44 ./Utilities/sequencer/stm32_seq.o
                0x080072ec                UTIL_SEQ_RegTask
 .text.UTIL_SEQ_SetTask
                0x08007330       0x58 ./Utilities/sequencer/stm32_seq.o
                0x08007330                UTIL_SEQ_SetTask
 .text.UTIL_SEQ_PauseTask
                0x08007388       0x40 ./Utilities/sequencer/stm32_seq.o
                0x08007388                UTIL_SEQ_PauseTask
 .text.UTIL_SEQ_ResumeTask
                0x080073c8       0x40 ./Utilities/sequencer/stm32_seq.o
                0x080073c8                UTIL_SEQ_ResumeTask
 .text.UTIL_SEQ_SetEvt
                0x08007408       0x40 ./Utilities/sequencer/stm32_seq.o
                0x08007408                UTIL_SEQ_SetEvt
 .text.UTIL_SEQ_WaitEvt
                0x08007448       0x94 ./Utilities/sequencer/stm32_seq.o
                0x08007448                UTIL_SEQ_WaitEvt
 .text.UTIL_SEQ_EvtIdle
                0x080074dc       0x1c ./Utilities/sequencer/stm32_seq.o
                0x080074dc                UTIL_SEQ_EvtIdle
 .text.UTIL_SEQ_PreIdle
                0x080074f8        0xe ./Utilities/sequencer/stm32_seq.o
                0x080074f8                UTIL_SEQ_PreIdle
 .text.UTIL_SEQ_PostIdle
                0x08007506        0xe ./Utilities/sequencer/stm32_seq.o
                0x08007506                UTIL_SEQ_PostIdle
 .text.SEQ_BitPosition
                0x08007514       0x30 ./Utilities/sequencer/stm32_seq.o
                0x08007514                SEQ_BitPosition
 .text.memset   0x08007544       0x10 C:/ST/STM32CubeIDE_1.16.1/STM32CubeIDE/plugins/com.st.stm32cube.ide.mcu.externaltools.gnu-tools-for-stm32.13.3.rel1.win32_1.0.0.202411081344/tools/bin/../lib/gcc/arm-none-eabi/13.3.1/../../../../arm-none-eabi/lib/thumb/v7e-m+fp/hard\libc_nano.a(libc_a-memset.o)
                0x08007544                memset
 .text.__libc_init_array
                0x08007554       0x48 C:/ST/STM32CubeIDE_1.16.1/STM32CubeIDE/plugins/com.st.stm32cube.ide.mcu.externaltools.gnu-tools-for-stm32.13.3.rel1.win32_1.0.0.202411081344/tools/bin/../lib/gcc/arm-none-eabi/13.3.1/../../../../arm-none-eabi/lib/thumb/v7e-m+fp/hard\libc_nano.a(libc_a-init.o)
                0x08007554                __libc_init_array
 .text.memcpy   0x0800759c       0x1c C:/ST/STM32CubeIDE_1.16.1/STM32CubeIDE/plugins/com.st.stm32cube.ide.mcu.externaltools.gnu-tools-for-stm32.13.3.rel1.win32_1.0.0.202411081344/tools/bin/../lib/gcc/arm-none-eabi/13.3.1/../../../../arm-none-eabi/lib/thumb/v7e-m+fp/hard\libc_nano.a(libc_a-memcpy-stub.o)
                0x0800759c                memcpy
 *(.glue_7)
 .glue_7        0x080075b8        0x0 linker stubs
 *(.glue_7t)
 .glue_7t       0x080075b8        0x0 linker stubs
 *(.eh_frame)
 .eh_frame      0x080075b8        0x0 C:/ST/STM32CubeIDE_1.16.1/STM32CubeIDE/plugins/com.st.stm32cube.ide.mcu.externaltools.gnu-tools-for-stm32.13.3.rel1.win32_1.0.0.202411081344/tools/bin/../lib/gcc/arm-none-eabi/13.3.1/thumb/v7e-m+fp/hard/crtbegin.o
 *(.init)
 .init          0x080075b8        0x4 C:/ST/STM32CubeIDE_1.16.1/STM32CubeIDE/plugins/com.st.stm32cube.ide.mcu.externaltools.gnu-tools-for-stm32.13.3.rel1.win32_1.0.0.202411081344/tools/bin/../lib/gcc/arm-none-eabi/13.3.1/thumb/v7e-m+fp/hard/crti.o
                0x080075b8                _init
 .init          0x080075bc        0x8 C:/ST/STM32CubeIDE_1.16.1/STM32CubeIDE/plugins/com.st.stm32cube.ide.mcu.externaltools.gnu-tools-for-stm32.13.3.rel1.win32_1.0.0.202411081344/tools/bin/../lib/gcc/arm-none-eabi/13.3.1/thumb/v7e-m+fp/hard/crtn.o
 *(.fini)
 .fini          0x080075c4        0x4 C:/ST/STM32CubeIDE_1.16.1/STM32CubeIDE/plugins/com.st.stm32cube.ide.mcu.externaltools.gnu-tools-for-stm32.13.3.rel1.win32_1.0.0.202411081344/tools/bin/../lib/gcc/arm-none-eabi/13.3.1/thumb/v7e-m+fp/hard/crti.o
                0x080075c4                _fini
 .fini          0x080075c8        0x8 C:/ST/STM32CubeIDE_1.16.1/STM32CubeIDE/plugins/com.st.stm32cube.ide.mcu.externaltools.gnu-tools-for-stm32.13.3.rel1.win32_1.0.0.202411081344/tools/bin/../lib/gcc/arm-none-eabi/13.3.1/thumb/v7e-m+fp/hard/crtn.o
                0x080075d0                        . = ALIGN (0x4)
                0x080075d0                        _etext = .

.vfp11_veneer   0x080075d0        0x0
 .vfp11_veneer  0x080075d0        0x0 linker stubs

.v4_bx          0x080075d0        0x0
 .v4_bx         0x080075d0        0x0 linker stubs

.iplt           0x080075d0        0x0
 .iplt          0x080075d0        0x0 C:/ST/STM32CubeIDE_1.16.1/STM32CubeIDE/plugins/com.st.stm32cube.ide.mcu.externaltools.gnu-tools-for-stm32.13.3.rel1.win32_1.0.0.202411081344/tools/bin/../lib/gcc/arm-none-eabi/13.3.1/thumb/v7e-m+fp/hard/crtbegin.o

.rodata         0x080075d0      0x268
                0x080075d0                        . = ALIGN (0x4)
 *(.rodata)
 .rodata        0x080075d0       0x1b ./Core/Src/app_debug.o
 *fill*         0x080075eb        0x1 
 .rodata        0x080075ec       0x2c ./Drivers/STM32WBxx_HAL_Driver/Src/stm32wbxx_hal_rcc.o
 .rodata        0x08007618       0x45 ./STM32_WPAN/App/app_ble.o
 *(.rodata*)
 *fill*         0x0800765d        0x3 
 .rodata.aGpioConfigList
                0x08007660      0x130 ./Core/Src/app_debug.o
 .rodata.AHBPrescTable
                0x08007790       0x40 ./Core/Src/system_stm32wbxx.o
                0x08007790                AHBPrescTable
 .rodata.MSIRangeTable
                0x080077d0       0x40 ./Core/Src/system_stm32wbxx.o
                0x080077d0                MSIRangeTable
 .rodata.a_MBdAddr
                0x08007810        0x6 ./STM32_WPAN/App/app_ble.o
 *fill*         0x08007816        0x2 
 .rodata.a_BLE_CfgIrValue
                0x08007818       0x10 ./STM32_WPAN/App/app_ble.o
 .rodata.a_BLE_CfgErValue
                0x08007828       0x10 ./STM32_WPAN/App/app_ble.o
                0x08007838                        . = ALIGN (0x4)

.ARM.extab
 *(.ARM.extab* .gnu.linkonce.armextab.*)

.ARM            0x08007838        0x8
                0x08007838                        __exidx_start = .
 *(.ARM.exidx*)
 .ARM.exidx     0x08007838        0x8 C:/ST/STM32CubeIDE_1.16.1/STM32CubeIDE/plugins/com.st.stm32cube.ide.mcu.externaltools.gnu-tools-for-stm32.13.3.rel1.win32_1.0.0.202411081344/tools/bin/../lib/gcc/arm-none-eabi/13.3.1/../../../../arm-none-eabi/lib/thumb/v7e-m+fp/hard\libc_nano.a(libc_a-strlen.o)
                0x08007840                        __exidx_end = .

.preinit_array  0x08007840        0x0
                0x08007840                        PROVIDE (__preinit_array_start = .)
 *(.preinit_array*)
                0x08007840                        PROVIDE (__preinit_array_end = .)

.init_array     0x08007840        0x4
                0x08007840                        PROVIDE (__init_array_start = .)
 *(SORT_BY_NAME(.init_array.*))
 *(.init_array*)
 .init_array    0x08007840        0x4 C:/ST/STM32CubeIDE_1.16.1/STM32CubeIDE/plugins/com.st.stm32cube.ide.mcu.externaltools.gnu-tools-for-stm32.13.3.rel1.win32_1.0.0.202411081344/tools/bin/../lib/gcc/arm-none-eabi/13.3.1/thumb/v7e-m+fp/hard/crtbegin.o
                0x08007844                        PROVIDE (__init_array_end = .)

.fini_array     0x08007844        0x4
                [!provide]                        PROVIDE (__fini_array_start = .)
 *(SORT_BY_NAME(.fini_array.*))
 *(.fini_array*)
 .fini_array    0x08007844        0x4 C:/ST/STM32CubeIDE_1.16.1/STM32CubeIDE/plugins/com.st.stm32cube.ide.mcu.externaltools.gnu-tools-for-stm32.13.3.rel1.win32_1.0.0.202411081344/tools/bin/../lib/gcc/arm-none-eabi/13.3.1/thumb/v7e-m+fp/hard/crtbegin.o
                [!provide]                        PROVIDE (__fini_array_end = .)
                0x08007848                        _sidata = LOADADDR (.data)

.rel.dyn        0x08007848        0x0
 .rel.iplt      0x08007848        0x0 C:/ST/STM32CubeIDE_1.16.1/STM32CubeIDE/plugins/com.st.stm32cube.ide.mcu.externaltools.gnu-tools-for-stm32.13.3.rel1.win32_1.0.0.202411081344/tools/bin/../lib/gcc/arm-none-eabi/13.3.1/thumb/v7e-m+fp/hard/crtbegin.o

.data           0x20000008       0x1c load address 0x08007848
                0x20000008                        . = ALIGN (0x4)
                0x20000008                        _sdata = .
 *(.data)
 *(.data*)
 .data.SystemCoreClock
                0x20000008        0x4 ./Core/Src/system_stm32wbxx.o
                0x20000008                SystemCoreClock
 .data.uwTickPrio
                0x2000000c        0x4 ./Drivers/STM32WBxx_HAL_Driver/Src/stm32wbxx_hal.o
                0x2000000c                uwTickPrio
 .data.uwTickFreq
                0x20000010        0x1 ./Drivers/STM32WBxx_HAL_Driver/Src/stm32wbxx_hal.o
                0x20000010                uwTickFreq
 *fill*         0x20000011        0x3 
 .data.a_AdvData
                0x20000014        0x3 ./STM32_WPAN/App/app_ble.o
                0x20000014                a_AdvData
 *fill*         0x20000017        0x1 
 .data.SizeSs   0x20000018        0x2 ./STM32_WPAN/App/custom_stm.o
                0x20000018                SizeSs
 *fill*         0x2000001a        0x2 
 .data.TaskMask
                0x2000001c        0x4 ./Utilities/sequencer/stm32_seq.o
 .data.SuperMask
                0x20000020        0x4 ./Utilities/sequencer/stm32_seq.o
 *(.RamFunc)
 *(.RamFunc*)
                0x20000024                        . = ALIGN (0x4)
                0x20000024                        _edata = .

.igot.plt       0x20000024        0x0 load address 0x08007864
 .igot.plt      0x20000024        0x0 C:/ST/STM32CubeIDE_1.16.1/STM32CubeIDE/plugins/com.st.stm32cube.ide.mcu.externaltools.gnu-tools-for-stm32.13.3.rel1.win32_1.0.0.202411081344/tools/bin/../lib/gcc/arm-none-eabi/13.3.1/thumb/v7e-m+fp/hard/crtbegin.o

BLE_DRIVER_CONTEXT
                0x20000024       0x35 load address 0x08007864
 BLE_DRIVER_CONTEXT
                0x20000024       0x21 ./Middlewares/ST/STM32_WPAN/ble/svc/Src/svc_ctl.o
                0x20000024                SVCCTL_EvtHandler
                0x20000044                SVCCTL_CltHandler
 *fill*         0x20000045        0x3 
 BLE_DRIVER_CONTEXT
                0x20000048       0x11 ./Middlewares/ST/STM32_WPAN/interface/patterns/ble_thread/tl/hci_tl.o
                0x20000058                UserEventFlow

SYSTEM_DRIVER_CONTEXT
                0x2000005c       0x11 load address 0x08007899
 SYSTEM_DRIVER_CONTEXT
                0x2000005c       0x11 ./Middlewares/ST/STM32_WPAN/interface/patterns/ble_thread/tl/shci_tl.o
                0x2000006c                SHCI_TL_UserEventFlow
                0x20000070                        . = ALIGN (0x4)

.bss            0x20000070      0x2cc load address 0x080078aa
                0x20000070                        _sbss = .
                0x20000070                        __bss_start__ = _sbss
 *(.bss)
 .bss           0x20000070       0x1c C:/ST/STM32CubeIDE_1.16.1/STM32CubeIDE/plugins/com.st.stm32cube.ide.mcu.externaltools.gnu-tools-for-stm32.13.3.rel1.win32_1.0.0.202411081344/tools/bin/../lib/gcc/arm-none-eabi/13.3.1/thumb/v7e-m+fp/hard/crtbegin.o
 *(.bss*)
 .bss.aTimerContext
                0x2000008c       0x90 ./Core/Src/hw_timerserver.o
 .bss.CurrentRunningTimerID
                0x2000011c        0x1 ./Core/Src/hw_timerserver.o
 .bss.PreviousRunningTimerID
                0x2000011d        0x1 ./Core/Src/hw_timerserver.o
 *fill*         0x2000011e        0x2 
 .bss.SSRValueOnLastSetup
                0x20000120        0x4 ./Core/Src/hw_timerserver.o
 .bss.WakeupTimerLimitation
                0x20000124        0x1 ./Core/Src/hw_timerserver.o
 .bss.WakeupTimerDivider
                0x20000125        0x1 ./Core/Src/hw_timerserver.o
 .bss.AsynchPrescalerUserConfig
                0x20000126        0x1 ./Core/Src/hw_timerserver.o
 *fill*         0x20000127        0x1 
 .bss.SynchPrescalerUserConfig
                0x20000128        0x2 ./Core/Src/hw_timerserver.o
 .bss.MaxWakeupTimerSetup
                0x2000012a        0x2 ./Core/Src/hw_timerserver.o
 .bss.hipcc     0x2000012c       0x3c ./Core/Src/main.o
                0x2000012c                hipcc
 .bss.hrtc      0x20000168       0x24 ./Core/Src/main.o
                0x20000168                hrtc
 .bss.uwTick    0x2000018c        0x4 ./Drivers/STM32WBxx_HAL_Driver/Src/stm32wbxx_hal.o
                0x2000018c                uwTick
 .bss.hciContext
                0x20000190       0x20 ./Middlewares/ST/STM32_WPAN/interface/patterns/ble_thread/tl/hci_tl.o
 .bss.HciCmdEventQueue
                0x200001b0        0x8 ./Middlewares/ST/STM32_WPAN/interface/patterns/ble_thread/tl/hci_tl.o
 .bss.StatusNotCallBackFunction
                0x200001b8        0x4 ./Middlewares/ST/STM32_WPAN/interface/patterns/ble_thread/tl/hci_tl.o
 .bss.CmdRspStatusFlag
                0x200001bc        0x1 ./Middlewares/ST/STM32_WPAN/interface/patterns/ble_thread/tl/hci_tl.o
 *fill*         0x200001bd        0x3 
 .bss.shciContext
                0x200001c0       0x20 ./Middlewares/ST/STM32_WPAN/interface/patterns/ble_thread/tl/shci_tl.o
 .bss.StatusNotCallBackFunction
                0x200001e0        0x4 ./Middlewares/ST/STM32_WPAN/interface/patterns/ble_thread/tl/shci_tl.o
 .bss.CmdRspStatusFlag
                0x200001e4        0x1 ./Middlewares/ST/STM32_WPAN/interface/patterns/ble_thread/tl/shci_tl.o
 *fill*         0x200001e5        0x3 
 .bss.LocalFreeBufQueue
                0x200001e8        0x8 ./Middlewares/ST/STM32_WPAN/interface/patterns/ble_thread/tl/tl_mbox.o
 .bss.BLE_IoBusEvtCallBackFunction
                0x200001f0        0x4 ./Middlewares/ST/STM32_WPAN/interface/patterns/ble_thread/tl/tl_mbox.o
 .bss.BLE_IoBusAclDataTxAck
                0x200001f4        0x4 ./Middlewares/ST/STM32_WPAN/interface/patterns/ble_thread/tl/tl_mbox.o
 .bss.SYS_CMD_IoBusCallBackFunction
                0x200001f8        0x4 ./Middlewares/ST/STM32_WPAN/interface/patterns/ble_thread/tl/tl_mbox.o
 .bss.SYS_EVT_IoBusCallBackFunction
                0x200001fc        0x4 ./Middlewares/ST/STM32_WPAN/interface/patterns/ble_thread/tl/tl_mbox.o
 .bss.p_mem_manager_table.0
                0x20000200        0x4 ./Middlewares/ST/STM32_WPAN/interface/patterns/ble_thread/tl/tl_mbox.o
 .bss.a_BdAddrUdn
                0x20000204        0x6 ./STM32_WPAN/App/app_ble.o
 *fill*         0x2000020a        0x2 
 .bss.BleApplicationContext
                0x2000020c       0x84 ./STM32_WPAN/App/app_ble.o
 .bss.HandleNotification
                0x20000290        0x4 ./STM32_WPAN/App/app_ble.o
                0x20000290                HandleNotification
 .bss.CustomContext
                0x20000294        0x2 ./STM32_WPAN/App/custom_stm.o
 *fill*         0x20000296        0x2 
 .bss.FreeBufCb
                0x20000298        0x4 ./STM32_WPAN/Target/hw_ipcc.o
 .bss.StopModeDisable
                0x2000029c        0x4 ./Utilities/lpm/tiny_lpm/stm32_lpm.o
 .bss.OffModeDisable
                0x200002a0        0x4 ./Utilities/lpm/tiny_lpm/stm32_lpm.o
 .bss.TaskSet   0x200002a4        0x4 ./Utilities/sequencer/stm32_seq.o
 .bss.EvtSet    0x200002a8        0x4 ./Utilities/sequencer/stm32_seq.o
 .bss.EvtWaited
                0x200002ac        0x4 ./Utilities/sequencer/stm32_seq.o
 .bss.CurrentTaskIdx
                0x200002b0        0x4 ./Utilities/sequencer/stm32_seq.o
 .bss.TaskCb    0x200002b4       0x80 ./Utilities/sequencer/stm32_seq.o
 .bss.TaskPrio  0x20000334        0x8 ./Utilities/sequencer/stm32_seq.o
 *(COMMON)
                0x2000033c                        . = ALIGN (0x4)
                0x2000033c                        _ebss = .
                0x2000033c                        __bss_end__ = _ebss

._user_heap_stack
                0x2000033c      0x604 load address 0x080078aa
                0x20000340                        . = ALIGN (0x8)
 *fill*         0x2000033c        0x4 
                [!provide]                        PROVIDE (end = .)
                0x20000340                        PROVIDE (_end = .)
                0x20000540                        . = (. + _Min_Heap_Size)
 *fill*         0x20000340      0x200 
                0x20000940                        . = (. + _Min_Stack_Size)
 *fill*         0x20000540      0x400 
                0x20000940                        . = ALIGN (0x8)

/DISCARD/
 libc.a(*)
 libm.a(*)
 libgcc.a(*)

.ARM.attributes
                0x00000000       0x30
 *(.ARM.attributes)
 .ARM.attributes
                0x00000000       0x22 C:/ST/STM32CubeIDE_1.16.1/STM32CubeIDE/plugins/com.st.stm32cube.ide.mcu.externaltools.gnu-tools-for-stm32.13.3.rel1.win32_1.0.0.202411081344/tools/bin/../lib/gcc/arm-none-eabi/13.3.1/thumb/v7e-m+fp/hard/crti.o
 .ARM.attributes
                0x00000022       0x34 C:/ST/STM32CubeIDE_1.16.1/STM32CubeIDE/plugins/com.st.stm32cube.ide.mcu.externaltools.gnu-tools-for-stm32.13.3.rel1.win32_1.0.0.202411081344/tools/bin/../lib/gcc/arm-none-eabi/13.3.1/thumb/v7e-m+fp/hard/crtbegin.o
 .ARM.attributes
                0x00000056       0x34 ./Core/Src/app_debug.o
 .ARM.attributes
                0x0000008a       0x34 ./Core/Src/app_entry.o
 .ARM.attributes
                0x000000be       0x34 ./Core/Src/hw_timerserver.o
 .ARM.attributes
                0x000000f2       0x34 ./Core/Src/main.o
 .ARM.attributes
                0x00000126       0x34 ./Core/Src/stm32wbxx_hal_msp.o
 .ARM.attributes
                0x0000015a       0x34 ./Core/Src/stm32wbxx_it.o
 .ARM.attributes
                0x0000018e       0x34 ./Core/Src/system_stm32wbxx.o
 .ARM.attributes
                0x000001c2       0x21 ./Core/Startup/startup_stm32wb55cgux.o
 .ARM.attributes
                0x000001e3       0x34 ./Drivers/STM32WBxx_HAL_Driver/Src/stm32wbxx_hal.o
 .ARM.attributes
                0x00000217       0x34 ./Drivers/STM32WBxx_HAL_Driver/Src/stm32wbxx_hal_cortex.o
 .ARM.attributes
                0x0000024b       0x34 ./Drivers/STM32WBxx_HAL_Driver/Src/stm32wbxx_hal_gpio.o
 .ARM.attributes
                0x0000027f       0x34 ./Drivers/STM32WBxx_HAL_Driver/Src/stm32wbxx_hal_hsem.o
 .ARM.attributes
                0x000002b3       0x34 ./Drivers/STM32WBxx_HAL_Driver/Src/stm32wbxx_hal_ipcc.o
 .ARM.attributes
                0x000002e7       0x34 ./Drivers/STM32WBxx_HAL_Driver/Src/stm32wbxx_hal_pwr.o
 .ARM.attributes
                0x0000031b       0x34 ./Drivers/STM32WBxx_HAL_Driver/Src/stm32wbxx_hal_pwr_ex.o
 .ARM.attributes
                0x0000034f       0x34 ./Drivers/STM32WBxx_HAL_Driver/Src/stm32wbxx_hal_rcc.o
 .ARM.attributes
                0x00000383       0x34 ./Drivers/STM32WBxx_HAL_Driver/Src/stm32wbxx_hal_rcc_ex.o
 .ARM.attributes
                0x000003b7       0x34 ./Drivers/STM32WBxx_HAL_Driver/Src/stm32wbxx_hal_rtc.o
 .ARM.attributes
                0x000003eb       0x34 ./Drivers/STM32WBxx_HAL_Driver/Src/stm32wbxx_hal_rtc_ex.o
 .ARM.attributes
                0x0000041f       0x34 ./Middlewares/ST/STM32_WPAN/ble/core/auto/ble_gap_aci.o
 .ARM.attributes
                0x00000453       0x34 ./Middlewares/ST/STM32_WPAN/ble/core/auto/ble_gatt_aci.o
 .ARM.attributes
                0x00000487       0x34 ./Middlewares/ST/STM32_WPAN/ble/core/auto/ble_hal_aci.o
 .ARM.attributes
                0x000004bb       0x34 ./Middlewares/ST/STM32_WPAN/ble/core/auto/ble_hci_le.o
 .ARM.attributes
                0x000004ef       0x34 ./Middlewares/ST/STM32_WPAN/ble/core/template/osal.o
 .ARM.attributes
                0x00000523       0x34 ./Middlewares/ST/STM32_WPAN/ble/svc/Src/svc_ctl.o
 .ARM.attributes
                0x00000557       0x34 ./Middlewares/ST/STM32_WPAN/interface/patterns/ble_thread/shci/shci.o
 .ARM.attributes
                0x0000058b       0x34 ./Middlewares/ST/STM32_WPAN/interface/patterns/ble_thread/tl/hci_tl.o
 .ARM.attributes
                0x000005bf       0x34 ./Middlewares/ST/STM32_WPAN/interface/patterns/ble_thread/tl/hci_tl_if.o
 .ARM.attributes
                0x000005f3       0x34 ./Middlewares/ST/STM32_WPAN/interface/patterns/ble_thread/tl/shci_tl.o
 .ARM.attributes
                0x00000627       0x34 ./Middlewares/ST/STM32_WPAN/interface/patterns/ble_thread/tl/shci_tl_if.o
 .ARM.attributes
                0x0000065b       0x34 ./Middlewares/ST/STM32_WPAN/interface/patterns/ble_thread/tl/tl_mbox.o
 .ARM.attributes
                0x0000068f       0x34 ./Middlewares/ST/STM32_WPAN/utilities/otp.o
 .ARM.attributes
                0x000006c3       0x34 ./Middlewares/ST/STM32_WPAN/utilities/stm_list.o
 .ARM.attributes
                0x000006f7       0x34 ./STM32_WPAN/App/app_ble.o
 .ARM.attributes
                0x0000072b       0x34 ./STM32_WPAN/App/custom_app.o
 .ARM.attributes
                0x0000075f       0x34 ./STM32_WPAN/App/custom_stm.o
 .ARM.attributes
                0x00000793       0x34 ./STM32_WPAN/Target/hw_ipcc.o
 .ARM.attributes
                0x000007c7       0x34 ./Utilities/lpm/tiny_lpm/stm32_lpm.o
 .ARM.attributes
                0x000007fb       0x34 ./Utilities/sequencer/stm32_seq.o
 .ARM.attributes
                0x0000082f       0x34 C:/ST/STM32CubeIDE_1.16.1/STM32CubeIDE/plugins/com.st.stm32cube.ide.mcu.externaltools.gnu-tools-for-stm32.13.3.rel1.win32_1.0.0.202411081344/tools/bin/../lib/gcc/arm-none-eabi/13.3.1/../../../../arm-none-eabi/lib/thumb/v7e-m+fp/hard\libc_nano.a(libc_a-memset.o)
 .ARM.attributes
                0x00000863       0x34 C:/ST/STM32CubeIDE_1.16.1/STM32CubeIDE/plugins/com.st.stm32cube.ide.mcu.externaltools.gnu-tools-for-stm32.13.3.rel1.win32_1.0.0.202411081344/tools/bin/../lib/gcc/arm-none-eabi/13.3.1/../../../../arm-none-eabi/lib/thumb/v7e-m+fp/hard\libc_nano.a(libc_a-init.o)
 .ARM.attributes
                0x00000897       0x34 C:/ST/STM32CubeIDE_1.16.1/STM32CubeIDE/plugins/com.st.stm32cube.ide.mcu.externaltools.gnu-tools-for-stm32.13.3.rel1.win32_1.0.0.202411081344/tools/bin/../lib/gcc/arm-none-eabi/13.3.1/../../../../arm-none-eabi/lib/thumb/v7e-m+fp/hard\libc_nano.a(libc_a-memcpy-stub.o)
 .ARM.attributes
                0x000008cb       0x17 C:/ST/STM32CubeIDE_1.16.1/STM32CubeIDE/plugins/com.st.stm32cube.ide.mcu.externaltools.gnu-tools-for-stm32.13.3.rel1.win32_1.0.0.202411081344/tools/bin/../lib/gcc/arm-none-eabi/13.3.1/../../../../arm-none-eabi/lib/thumb/v7e-m+fp/hard\libc_nano.a(libc_a-strlen.o)
 .ARM.attributes
                0x000008e2       0x22 C:/ST/STM32CubeIDE_1.16.1/STM32CubeIDE/plugins/com.st.stm32cube.ide.mcu.externaltools.gnu-tools-for-stm32.13.3.rel1.win32_1.0.0.202411081344/tools/bin/../lib/gcc/arm-none-eabi/13.3.1/thumb/v7e-m+fp/hard/crtn.o

MAPPING_TABLE   0x20030000       0x28
 *(MAPPING_TABLE)
 MAPPING_TABLE  0x20030000       0x28 ./Middlewares/ST/STM32_WPAN/interface/patterns/ble_thread/tl/tl_mbox.o

MB_MEM1         0x20030028      0x1bb
 *(MB_MEM1)
 MB_MEM1        0x20030028       0xb0 ./Middlewares/ST/STM32_WPAN/interface/patterns/ble_thread/tl/tl_mbox.o
 MB_MEM1        0x200300d8      0x10b ./STM32_WPAN/App/app_ble.o
                0x080078aa                        _siMB_MEM2 = LOADADDR (.MB_MEM2)

.MB_MEM2        0x200301e4      0x883 load address 0x080078aa
                0x200301e4                        _sMB_MEM2 = .
 *(MB_MEM2)
 MB_MEM2        0x200301e4       0x12 ./Core/Src/app_debug.o
 *fill*         0x200301f6        0x2 
 MB_MEM2        0x200301f8      0x85e ./Core/Src/app_entry.o
 *fill*         0x20030a56        0x2 
 MB_MEM2        0x20030a58        0xf ./Middlewares/ST/STM32_WPAN/interface/patterns/ble_thread/tl/tl_mbox.o
                0x20030a67                        _eMB_MEM2 = .
OUTPUT(wifitest.elf elf32-littlearm)
LOAD linker stubs
LOAD C:/ST/STM32CubeIDE_1.16.1/STM32CubeIDE/plugins/com.st.stm32cube.ide.mcu.externaltools.gnu-tools-for-stm32.13.3.rel1.win32_1.0.0.202411081344/tools/bin/../lib/gcc/arm-none-eabi/13.3.1/../../../../arm-none-eabi/lib/thumb/v7e-m+fp/hard\libc.a
LOAD C:/ST/STM32CubeIDE_1.16.1/STM32CubeIDE/plugins/com.st.stm32cube.ide.mcu.externaltools.gnu-tools-for-stm32.13.3.rel1.win32_1.0.0.202411081344/tools/bin/../lib/gcc/arm-none-eabi/13.3.1/../../../../arm-none-eabi/lib/thumb/v7e-m+fp/hard\libm.a
LOAD C:/ST/STM32CubeIDE_1.16.1/STM32CubeIDE/plugins/com.st.stm32cube.ide.mcu.externaltools.gnu-tools-for-stm32.13.3.rel1.win32_1.0.0.202411081344/tools/bin/../lib/gcc/arm-none-eabi/13.3.1/thumb/v7e-m+fp/hard\libgcc.a

.debug_info     0x00000000    0x2366e
 .debug_info    0x00000000      0xb56 ./Core/Src/app_debug.o
 .debug_info    0x00000b56     0x1c73 ./Core/Src/app_entry.o
 .debug_info    0x000027c9     0x11a8 ./Core/Src/hw_timerserver.o
 .debug_info    0x00003971     0x11a8 ./Core/Src/main.o
 .debug_info    0x00004b19      0xdea ./Core/Src/stm32wbxx_hal_msp.o
 .debug_info    0x00005903      0x178 ./Core/Src/stm32wbxx_it.o
 .debug_info    0x00005a7b      0x703 ./Core/Src/system_stm32wbxx.o
 .debug_info    0x0000617e       0x30 ./Core/Startup/startup_stm32wb55cgux.o
 .debug_info    0x000061ae     0x12ae ./Drivers/STM32WBxx_HAL_Driver/Src/stm32wbxx_hal.o
 .debug_info    0x0000745c      0xccd ./Drivers/STM32WBxx_HAL_Driver/Src/stm32wbxx_hal_cortex.o
 .debug_info    0x00008129      0x6aa ./Drivers/STM32WBxx_HAL_Driver/Src/stm32wbxx_hal_gpio.o
 .debug_info    0x000087d3      0x3bc ./Drivers/STM32WBxx_HAL_Driver/Src/stm32wbxx_hal_hsem.o
 .debug_info    0x00008b8f      0x7a3 ./Drivers/STM32WBxx_HAL_Driver/Src/stm32wbxx_hal_ipcc.o
 .debug_info    0x00009332      0x904 ./Drivers/STM32WBxx_HAL_Driver/Src/stm32wbxx_hal_pwr.o
 .debug_info    0x00009c36     0x105d ./Drivers/STM32WBxx_HAL_Driver/Src/stm32wbxx_hal_pwr_ex.o
 .debug_info    0x0000ac93     0x14d1 ./Drivers/STM32WBxx_HAL_Driver/Src/stm32wbxx_hal_rcc.o
 .debug_info    0x0000c164     0x1c40 ./Drivers/STM32WBxx_HAL_Driver/Src/stm32wbxx_hal_rcc_ex.o
 .debug_info    0x0000dda4      0xd28 ./Drivers/STM32WBxx_HAL_Driver/Src/stm32wbxx_hal_rtc.o
 .debug_info    0x0000eacc     0x1014 ./Drivers/STM32WBxx_HAL_Driver/Src/stm32wbxx_hal_rtc_ex.o
 .debug_info    0x0000fae0     0x3836 ./Middlewares/ST/STM32_WPAN/ble/core/auto/ble_gap_aci.o
 .debug_info    0x00013316     0x30a8 ./Middlewares/ST/STM32_WPAN/ble/core/auto/ble_gatt_aci.o
 .debug_info    0x000163be      0xedd ./Middlewares/ST/STM32_WPAN/ble/core/auto/ble_hal_aci.o
 .debug_info    0x0001729b     0x3e3e ./Middlewares/ST/STM32_WPAN/ble/core/auto/ble_hci_le.o
 .debug_info    0x0001b0d9      0x1b8 ./Middlewares/ST/STM32_WPAN/ble/core/template/osal.o
 .debug_info    0x0001b291      0x482 ./Middlewares/ST/STM32_WPAN/ble/svc/Src/svc_ctl.o
 .debug_info    0x0001b713     0x19fb ./Middlewares/ST/STM32_WPAN/interface/patterns/ble_thread/shci/shci.o
 .debug_info    0x0001d10e      0x972 ./Middlewares/ST/STM32_WPAN/interface/patterns/ble_thread/tl/hci_tl.o
 .debug_info    0x0001da80      0x1e0 ./Middlewares/ST/STM32_WPAN/interface/patterns/ble_thread/tl/hci_tl_if.o
 .debug_info    0x0001dc60      0x7d8 ./Middlewares/ST/STM32_WPAN/interface/patterns/ble_thread/tl/shci_tl.o
 .debug_info    0x0001e438      0x1e0 ./Middlewares/ST/STM32_WPAN/interface/patterns/ble_thread/tl/shci_tl_if.o
 .debug_info    0x0001e618      0xda4 ./Middlewares/ST/STM32_WPAN/interface/patterns/ble_thread/tl/tl_mbox.o
 .debug_info    0x0001f3bc       0xd1 ./Middlewares/ST/STM32_WPAN/utilities/otp.o
 .debug_info    0x0001f48d      0x6d5 ./Middlewares/ST/STM32_WPAN/utilities/stm_list.o
 .debug_info    0x0001fb62     0x1373 ./STM32_WPAN/App/app_ble.o
 .debug_info    0x00020ed5      0x2ac ./STM32_WPAN/App/custom_app.o
 .debug_info    0x00021181      0x6bf ./STM32_WPAN/App/custom_stm.o
 .debug_info    0x00021840     0x10bc ./STM32_WPAN/Target/hw_ipcc.o
 .debug_info    0x000228fc      0x3da ./Utilities/lpm/tiny_lpm/stm32_lpm.o
 .debug_info    0x00022cd6      0x998 ./Utilities/sequencer/stm32_seq.o

.debug_abbrev   0x00000000     0x51bb
 .debug_abbrev  0x00000000      0x255 ./Core/Src/app_debug.o
 .debug_abbrev  0x00000255      0x37c ./Core/Src/app_entry.o
 .debug_abbrev  0x000005d1      0x33a ./Core/Src/hw_timerserver.o
 .debug_abbrev  0x0000090b      0x2f3 ./Core/Src/main.o
 .debug_abbrev  0x00000bfe      0x221 ./Core/Src/stm32wbxx_hal_msp.o
 .debug_abbrev  0x00000e1f       0x88 ./Core/Src/stm32wbxx_it.o
 .debug_abbrev  0x00000ea7      0x13b ./Core/Src/system_stm32wbxx.o
 .debug_abbrev  0x00000fe2       0x24 ./Core/Startup/startup_stm32wb55cgux.o
 .debug_abbrev  0x00001006      0x367 ./Drivers/STM32WBxx_HAL_Driver/Src/stm32wbxx_hal.o
 .debug_abbrev  0x0000136d      0x319 ./Drivers/STM32WBxx_HAL_Driver/Src/stm32wbxx_hal_cortex.o
 .debug_abbrev  0x00001686      0x1e5 ./Drivers/STM32WBxx_HAL_Driver/Src/stm32wbxx_hal_gpio.o
 .debug_abbrev  0x0000186b      0x1e4 ./Drivers/STM32WBxx_HAL_Driver/Src/stm32wbxx_hal_hsem.o
 .debug_abbrev  0x00001a4f      0x252 ./Drivers/STM32WBxx_HAL_Driver/Src/stm32wbxx_hal_ipcc.o
 .debug_abbrev  0x00001ca1      0x205 ./Drivers/STM32WBxx_HAL_Driver/Src/stm32wbxx_hal_pwr.o
 .debug_abbrev  0x00001ea6      0x31c ./Drivers/STM32WBxx_HAL_Driver/Src/stm32wbxx_hal_pwr_ex.o
 .debug_abbrev  0x000021c2      0x31b ./Drivers/STM32WBxx_HAL_Driver/Src/stm32wbxx_hal_rcc.o
 .debug_abbrev  0x000024dd      0x35a ./Drivers/STM32WBxx_HAL_Driver/Src/stm32wbxx_hal_rcc_ex.o
 .debug_abbrev  0x00002837      0x1f0 ./Drivers/STM32WBxx_HAL_Driver/Src/stm32wbxx_hal_rtc.o
 .debug_abbrev  0x00002a27      0x237 ./Drivers/STM32WBxx_HAL_Driver/Src/stm32wbxx_hal_rtc_ex.o
 .debug_abbrev  0x00002c5e      0x1c7 ./Middlewares/ST/STM32_WPAN/ble/core/auto/ble_gap_aci.o
 .debug_abbrev  0x00002e25      0x205 ./Middlewares/ST/STM32_WPAN/ble/core/auto/ble_gatt_aci.o
 .debug_abbrev  0x0000302a      0x1de ./Middlewares/ST/STM32_WPAN/ble/core/auto/ble_hal_aci.o
 .debug_abbrev  0x00003208      0x1d1 ./Middlewares/ST/STM32_WPAN/ble/core/auto/ble_hci_le.o
 .debug_abbrev  0x000033d9       0xcc ./Middlewares/ST/STM32_WPAN/ble/core/template/osal.o
 .debug_abbrev  0x000034a5      0x1c5 ./Middlewares/ST/STM32_WPAN/ble/svc/Src/svc_ctl.o
 .debug_abbrev  0x0000366a      0x1d7 ./Middlewares/ST/STM32_WPAN/interface/patterns/ble_thread/shci/shci.o
 .debug_abbrev  0x00003841      0x262 ./Middlewares/ST/STM32_WPAN/interface/patterns/ble_thread/tl/hci_tl.o
 .debug_abbrev  0x00003aa3       0xce ./Middlewares/ST/STM32_WPAN/interface/patterns/ble_thread/tl/hci_tl_if.o
 .debug_abbrev  0x00003b71      0x202 ./Middlewares/ST/STM32_WPAN/interface/patterns/ble_thread/tl/shci_tl.o
 .debug_abbrev  0x00003d73       0xce ./Middlewares/ST/STM32_WPAN/interface/patterns/ble_thread/tl/shci_tl_if.o
 .debug_abbrev  0x00003e41      0x27a ./Middlewares/ST/STM32_WPAN/interface/patterns/ble_thread/tl/tl_mbox.o
 .debug_abbrev  0x000040bb       0x81 ./Middlewares/ST/STM32_WPAN/utilities/otp.o
 .debug_abbrev  0x0000413c      0x189 ./Middlewares/ST/STM32_WPAN/utilities/stm_list.o
 .debug_abbrev  0x000042c5      0x33b ./STM32_WPAN/App/app_ble.o
 .debug_abbrev  0x00004600      0x117 ./STM32_WPAN/App/custom_app.o
 .debug_abbrev  0x00004717      0x2b9 ./STM32_WPAN/App/custom_stm.o
 .debug_abbrev  0x000049d0      0x385 ./STM32_WPAN/Target/hw_ipcc.o
 .debug_abbrev  0x00004d55      0x1f4 ./Utilities/lpm/tiny_lpm/stm32_lpm.o
 .debug_abbrev  0x00004f49      0x272 ./Utilities/sequencer/stm32_seq.o

.debug_aranges  0x00000000     0x22a8
 .debug_aranges
                0x00000000       0x50 ./Core/Src/app_debug.o
 .debug_aranges
                0x00000050      0x120 ./Core/Src/app_entry.o
 .debug_aranges
                0x00000170       0xa8 ./Core/Src/hw_timerserver.o
 .debug_aranges
                0x00000218       0x68 ./Core/Src/main.o
 .debug_aranges
                0x00000280       0x70 ./Core/Src/stm32wbxx_hal_msp.o
 .debug_aranges
                0x000002f0       0x80 ./Core/Src/stm32wbxx_it.o
 .debug_aranges
                0x00000370       0x28 ./Core/Src/system_stm32wbxx.o
 .debug_aranges
                0x00000398       0x30 ./Core/Startup/startup_stm32wb55cgux.o
 .debug_aranges
                0x000003c8      0x280 ./Drivers/STM32WBxx_HAL_Driver/Src/stm32wbxx_hal.o
 .debug_aranges
                0x00000648      0x118 ./Drivers/STM32WBxx_HAL_Driver/Src/stm32wbxx_hal_cortex.o
 .debug_aranges
                0x00000760       0x60 ./Drivers/STM32WBxx_HAL_Driver/Src/stm32wbxx_hal_gpio.o
 .debug_aranges
                0x000007c0       0x70 ./Drivers/STM32WBxx_HAL_Driver/Src/stm32wbxx_hal_hsem.o
 .debug_aranges
                0x00000830       0xa0 ./Drivers/STM32WBxx_HAL_Driver/Src/stm32wbxx_hal_ipcc.o
 .debug_aranges
                0x000008d0       0xd0 ./Drivers/STM32WBxx_HAL_Driver/Src/stm32wbxx_hal_pwr.o
 .debug_aranges
                0x000009a0      0x288 ./Drivers/STM32WBxx_HAL_Driver/Src/stm32wbxx_hal_pwr_ex.o
 .debug_aranges
                0x00000c28      0x270 ./Drivers/STM32WBxx_HAL_Driver/Src/stm32wbxx_hal_rcc.o
 .debug_aranges
                0x00000e98      0x390 ./Drivers/STM32WBxx_HAL_Driver/Src/stm32wbxx_hal_rcc_ex.o
 .debug_aranges
                0x00001228       0xe8 ./Drivers/STM32WBxx_HAL_Driver/Src/stm32wbxx_hal_rtc.o
 .debug_aranges
                0x00001310      0x140 ./Drivers/STM32WBxx_HAL_Driver/Src/stm32wbxx_hal_rtc_ex.o
 .debug_aranges
                0x00001450      0x1c8 ./Middlewares/ST/STM32_WPAN/ble/core/auto/ble_gap_aci.o
 .debug_aranges
                0x00001618      0x198 ./Middlewares/ST/STM32_WPAN/ble/core/auto/ble_gatt_aci.o
 .debug_aranges
                0x000017b0       0xc0 ./Middlewares/ST/STM32_WPAN/ble/core/auto/ble_hal_aci.o
 .debug_aranges
                0x00001870      0x290 ./Middlewares/ST/STM32_WPAN/ble/core/auto/ble_hci_le.o
 .debug_aranges
                0x00001b00       0x30 ./Middlewares/ST/STM32_WPAN/ble/core/template/osal.o
 .debug_aranges
                0x00001b30       0xd0 ./Middlewares/ST/STM32_WPAN/ble/svc/Src/svc_ctl.o
 .debug_aranges
                0x00001c00      0x118 ./Middlewares/ST/STM32_WPAN/interface/patterns/ble_thread/shci/shci.o
 .debug_aranges
                0x00001d18       0x68 ./Middlewares/ST/STM32_WPAN/interface/patterns/ble_thread/tl/hci_tl.o
 .debug_aranges
                0x00001d80       0x20 ./Middlewares/ST/STM32_WPAN/interface/patterns/ble_thread/tl/hci_tl_if.o
 .debug_aranges
                0x00001da0       0x68 ./Middlewares/ST/STM32_WPAN/interface/patterns/ble_thread/tl/shci_tl.o
 .debug_aranges
                0x00001e08       0x20 ./Middlewares/ST/STM32_WPAN/interface/patterns/ble_thread/tl/shci_tl_if.o
 .debug_aranges
                0x00001e28       0xa8 ./Middlewares/ST/STM32_WPAN/interface/patterns/ble_thread/tl/tl_mbox.o
 .debug_aranges
                0x00001ed0       0x20 ./Middlewares/ST/STM32_WPAN/utilities/otp.o
 .debug_aranges
                0x00001ef0       0x78 ./Middlewares/ST/STM32_WPAN/utilities/stm_list.o
 .debug_aranges
                0x00001f68       0xa0 ./STM32_WPAN/App/app_ble.o
 .debug_aranges
                0x00002008       0x30 ./STM32_WPAN/App/custom_app.o
 .debug_aranges
                0x00002038       0x48 ./STM32_WPAN/App/custom_stm.o
 .debug_aranges
                0x00002080      0x138 ./STM32_WPAN/Target/hw_ipcc.o
 .debug_aranges
                0x000021b8       0x48 ./Utilities/lpm/tiny_lpm/stm32_lpm.o
 .debug_aranges
                0x00002200       0xa8 ./Utilities/sequencer/stm32_seq.o

.debug_rnglists
                0x00000000     0x1a46
 .debug_rnglists
                0x00000000       0x38 ./Core/Src/app_debug.o
 .debug_rnglists
                0x00000038       0xd4 ./Core/Src/app_entry.o
 .debug_rnglists
                0x0000010c       0x85 ./Core/Src/hw_timerserver.o
 .debug_rnglists