../Drivers/Display/gdem0097t61.c:108:13:gdem0097t61_tick_expired	16	static
../Drivers/Display/gdem0097t61.c:113:13:gdem0097t61_busy_is_asserted	8	static
../Drivers/Display/gdem0097t61.c:118:13:gdem0097t61_set_idle_pins	8	static
../Drivers/Display/gdem0097t61.c:125:13:gdem0097t61_set_idle_state	8	static
../Drivers/Display/gdem0097t61.c:135:13:gdem0097t61_enter_error	8	static
../Drivers/Display/gdem0097t61.c:146:35:gdem0097t61_select_refresh_mode	4	static
../Drivers/Display/gdem0097t61.c:163:13:gdem0097t61_enter_busy_wait	8	static
../Drivers/Display/gdem0097t61.c:169:13:gdem0097t61_write_byte	16	static
../Drivers/Display/gdem0097t61.c:187:13:gdem0097t61_write_buffer	24	static
../Drivers/Display/gdem0097t61.c:204:13:gdem0097t61_send_step	16	static
../Drivers/Display/gdem0097t61.c:221:13:gdem0097t61_advance_sequence	8	static
../Drivers/Display/gdem0097t61.c:253:13:gdem0097t61_get_step	24	static
../Drivers/Display/gdem0097t61.c:332:13:gdem0097t61_start_refresh	16	static
../Drivers/Display/gdem0097t61.c:344:6:gdem0097t61_init	16	static
../Drivers/Display/gdem0097t61.c:364:6:gdem0097t61_request_refresh	16	static
../Drivers/Display/gdem0097t61.c:378:6:gdem0097t61_task	24	static
../Drivers/Display/gdem0097t61.c:450:6:gdem0097t61_on_busy_exti	8	static
../Drivers/Display/gdem0097t61.c:457:6:gdem0097t61_on_spi_tx_complete	16	static
../Drivers/Display/gdem0097t61.c:462:6:gdem0097t61_is_busy	4	static
../Drivers/Display/gdem0097t61.c:469:6:gdem0097t61_is_idle	8	static
../Drivers/Display/gdem0097t61.c:474:6:gdem0097t61_get_state	16	static
