../Core/Src/main.c:81:5:main	8	static
../Core/Src/main.c:132:6:SystemClock_Config	96	static
../Core/Src/main.c:193:13:MX_DFSDM1_Init	8	static
../Core/Src/main.c:231:13:MX_I2C2_Init	8	static
../Core/Src/main.c:279:13:MX_QUADSPI_Init	8	static
../Core/Src/main.c:312:13:MX_SPI3_Init	8	static
../Core/Src/main.c:352:13:MX_USART1_UART_Init	8	static
../Core/Src/main.c:387:13:MX_USART3_UART_Init	8	static
../Core/Src/main.c:422:13:MX_GPIO_Init	56	static
../Core/Src/main.c:623:6:Error_Handler	4	static,ignoring_inline_asm
