../Core/Src/main.c:76:6:UART_DMA_Transmit	16	static
../Core/Src/main.c:110:5:main	8	static
../Core/Src/main.c:168:6:SystemClock_Config	96	static
../Core/Src/main.c:219:13:MX_DFSDM1_Init	8	static
../Core/Src/main.c:272:13:MX_USART1_UART_Init	8	static
../Core/Src/main.c:305:13:MX_DMA_Init	16	static
../Core/Src/main.c:327:13:MX_GPIO_Init	40	static
../Core/Src/main.c:360:1:HAL_DFSDM_FilterRegConvHalfCpltCallback	16	static
../Core/Src/main.c:365:1:HAL_DFSDM_FilterRegConvCpltCallback	16	static
../Core/Src/main.c:375:6:Error_Handler	4	static,ignoring_inline_asm
