../Drivers/STM32WBxx_HAL_Driver/Inc/stm32wbxx_ll_bus.h:539:22:LL_AHB2_GRP1_EnableClock	24	static
../Drivers/Charger/charger.c:17:13:charger_gpio_init_once	32	static
../Drivers/Charger/charger.c:46:6:charger_set_enabled	16	static
../Drivers/Charger/charger.c:58:6:charger_init	16	static
../Drivers/Charger/charger.c:65:23:chg_is_low	8	static
../Drivers/Charger/charger.c:74:5:charger_get_status_fast	16	static
../Drivers/Charger/charger.c:88:5:charger_get_status_blocking	32	static
../Drivers/Charger/charger.c:115:6:charger_is_charging_fast	8	static
../Drivers/Charger/charger.c:120:9:charger_read_bat	56	static
