../Drivers/Charger/charger.c:25:23:chg_pin_is_low	8	static
../Drivers/Charger/charger.c:34:20:cen_write	16	static
../Drivers/Charger/charger.c:45:6:charger_set_enabled	16	static
../Drivers/Charger/charger.c:54:17:read_vdda_mv_once	40	static
../Drivers/Charger/charger.c:71:16:read_vbat_mv_once	56	static
../Drivers/Charger/charger.c:91:14:charger_get_fast	32	static
../Drivers/Charger/charger.c:118:16:charger_get_status_blocking	32	static
../Drivers/Charger/charger.c:162:17:mv_to_counts	24	static
../Drivers/Charger/charger.c:173:13:awd_apply_window_normal	32	static
../Drivers/Charger/charger.c:187:13:awd_apply_window_recover	32	static
../Drivers/Charger/charger.c:204:13:adc_start_for_watchdog	32	static
../Drivers/Charger/charger.c:216:13:adc_stop_watchdog	8	static
../Drivers/Charger/charger.c:224:6:charger_batt_watchdog_config	24	static
../Drivers/Charger/charger.c:236:6:charger_batt_low_flag	4	static
../Drivers/Charger/charger.c:241:6:charger_batt_watchdog_disarm	8	static
../Drivers/Charger/charger.c:258:6:charger__policy_eval_and_arm	24	static
../Drivers/Charger/charger.c:303:6:HAL_ADC_LevelOutOfWindowCallback	24	static
