../Core/Src/main.c:104:14:count_pattern	24	static
../Core/Src/main.c:117:6:check_and_increment	16	static
../Core/Src/main.c:131:5:main	8	static
../Core/Src/main.c:234:6:SystemClock_Config	96	static
../Core/Src/main.c:285:13:MX_DFSDM1_Init	8	static
../Core/Src/main.c:338:13:MX_USART1_UART_Init	8	static
../Core/Src/main.c:373:13:MX_DMA_Init	16	static
../Core/Src/main.c:391:13:MX_GPIO_Init	48	static
../Core/Src/main.c:425:1:HAL_DFSDM_FilterRegConvHalfCpltCallback	16	static
../Core/Src/main.c:430:1:HAL_DFSDM_FilterRegConvCpltCallback	16	static
../Core/Src/main.c:440:6:Error_Handler	4	static,ignoring_inline_asm
