../Core/Src/main.c:104:14:count_pattern	3
../Core/Src/main.c:117:6:check_and_increment	5
../Core/Src/main.c:131:5:main	5
../Core/Src/main.c:234:6:SystemClock_Config	4
../Core/Src/main.c:285:13:MX_DFSDM1_Init	4
../Core/Src/main.c:338:13:MX_USART1_UART_Init	2
../Core/Src/main.c:373:13:MX_DMA_Init	1
../Core/Src/main.c:391:13:MX_GPIO_Init	1
../Core/Src/main.c:425:1:HAL_DFSDM_FilterRegConvHalfCpltCallback	1
../Core/Src/main.c:430:1:HAL_DFSDM_FilterRegConvCpltCallback	1
../Core/Src/main.c:440:6:Error_Handler	1
