../USB_Device/Logger/logger.c:54:6:logger_set_usb_session_active	16	static
../USB_Device/Logger/logger.c:59:10:logger_get_last_flash_error	4	static
../USB_Device/Logger/logger.c:64:6:logger_set_snapshot_metadata	16	static
../USB_Device/Logger/logger.c:83:6:logger_get_snapshot_metadata	24	static
../USB_Device/Logger/logger.c:99:6:init_ramdisk	584	static
../USB_Device/Logger/logger.c:132:6:logger_mount_ramdisk	568	static
../USB_Device/Logger/logger.c:148:6:append_log_rotating	184	static
../USB_Device/Logger/logger.c:192:13:logger_prepare_for_write	16	static
../USB_Device/Logger/logger.c:205:13:logger_append_line	600	static
../USB_Device/Logger/logger.c:271:13:logger_write_2digits	16	static
../USB_Device/Logger/logger.c:277:13:logger_write_4digits	16	static
../USB_Device/Logger/logger.c:285:13:logger_format_timestamp_12	40	static
../USB_Device/Logger/logger.c:301:17:crc32_update	40	static
../USB_Device/Logger/logger.c:321:17:logger_snapshot_slot_address	16	static
../USB_Device/Logger/logger.c:326:17:logger_snapshot_crc	32	static
../USB_Device/Logger/logger.c:345:13:logger_read_snapshot_slot	48	static
../USB_Device/Logger/logger.c:396:13:logger_find_latest_snapshot	128	static
../USB_Device/Logger/logger.c:439:13:flash_erase_pages	40	static
../USB_Device/Logger/logger.c:463:13:flash_program_bytes	40	static
../USB_Device/Logger/logger.c:491:6:logger_persist_ramdisk_to_flash	128	static
../USB_Device/Logger/logger.c:541:6:logger_restore_ramdisk_from_flash	48	static
../USB_Device/Logger/logger.c:560:6:logger_flash_snapshot_is_available	8	static
../USB_Device/Logger/logger.c:565:6:logger_ramdisk_is_empty	16	static
../USB_Device/Logger/logger.c:581:6:logger_invalidate_ramdisk	4	static
