../USB_Device/Logger/logger.c:88:6:logger_set_usb_session_active	16	static
../USB_Device/Logger/logger.c:93:10:logger_get_last_flash_error	4	static
../USB_Device/Logger/logger.c:98:6:logger_set_snapshot_metadata	16	static
../USB_Device/Logger/logger.c:117:6:logger_get_snapshot_metadata	24	static
../USB_Device/Logger/logger.c:134:6:init_ramdisk	584	static
../USB_Device/Logger/logger.c:168:6:logger_mount_ramdisk	568	static
../USB_Device/Logger/logger.c:185:6:append_log_rotating	184	static
../USB_Device/Logger/logger.c:230:13:logger_prepare_for_write	16	static
../USB_Device/Logger/logger.c:244:13:logger_append_line	600	static
../USB_Device/Logger/logger.c:310:13:logger_write_2digits	16	static
../USB_Device/Logger/logger.c:316:13:logger_write_4digits	16	static
../USB_Device/Logger/logger.c:324:13:logger_format_timestamp_12	40	static
../USB_Device/Logger/logger.c:340:17:crc32_update	40	static
../USB_Device/Logger/logger.c:360:17:logger_snapshot_slot_address	16	static
../USB_Device/Logger/logger.c:366:17:logger_snapshot_crc	32	static
../USB_Device/Logger/logger.c:385:13:logger_read_snapshot_slot	48	static
../USB_Device/Logger/logger.c:437:13:logger_find_latest_snapshot	128	static
../USB_Device/Logger/logger.c:481:13:flash_erase_pages	40	static
../USB_Device/Logger/logger.c:506:13:flash_program_bytes	40	static
../USB_Device/Logger/logger.c:535:6:logger_persist_ramdisk_to_flash	128	static
../USB_Device/Logger/logger.c:586:6:logger_restore_ramdisk_from_flash	48	static
../USB_Device/Logger/logger.c:606:6:logger_flash_snapshot_is_available	8	static
../USB_Device/Logger/logger.c:612:6:logger_ramdisk_is_empty	16	static
../USB_Device/Logger/logger.c:629:6:logger_invalidate_ramdisk	4	static
